2026-07-22T05:50:43.9767712Z Current runner version: '2.336.0'
2026-07-22T05:50:43.9804935Z ##[group]Runner Image Provisioner
2026-07-22T05:50:43.9806470Z Hosted Compute Agent
2026-07-22T05:50:43.9807564Z Version: 20260707.563
2026-07-22T05:50:43.9808765Z Commit: 02667638d2b423fbc733a8e32a88b44996a3ba6e
2026-07-22T05:50:43.9810389Z Build Date: 2026-07-07T19:33:50Z
2026-07-22T05:50:43.9811536Z Worker ID: {3223689f-da4a-4f11-8a3d-9780c5886146}
2026-07-22T05:50:43.9812867Z Azure Region: northcentralus
2026-07-22T05:50:43.9813899Z ##[endgroup]
2026-07-22T05:50:43.9816424Z ##[group]Operating System
2026-07-22T05:50:43.9817708Z Ubuntu
2026-07-22T05:50:43.9818554Z 24.04.4
2026-07-22T05:50:43.9819892Z LTS
2026-07-22T05:50:43.9820890Z ##[endgroup]
2026-07-22T05:50:43.9821903Z ##[group]Runner Image
2026-07-22T05:50:43.9823036Z Image: ubuntu-24.04
2026-07-22T05:50:43.9824067Z Version: 20260714.240.1
2026-07-22T05:50:43.9826332Z Included Software: https://github.com/actions/runner-images/blob/ubuntu24/20260714.240/images/ubuntu/Ubuntu2404-Readme.md
2026-07-22T05:50:43.9829176Z Image Release: https://github.com/actions/runner-images/releases/tag/ubuntu24%2F20260714.240
2026-07-22T05:50:43.9831357Z ##[endgroup]
2026-07-22T05:50:43.9833414Z ##[group]GITHUB_TOKEN Permissions
2026-07-22T05:50:43.9836528Z Contents: read
2026-07-22T05:50:43.9837484Z Metadata: read
2026-07-22T05:50:43.9838405Z Packages: read
2026-07-22T05:50:43.9839746Z ##[endgroup]
2026-07-22T05:50:43.9842942Z Secret source: Actions
2026-07-22T05:50:43.9845926Z Prepare workflow directory
2026-07-22T05:50:44.0465757Z Prepare all required actions
2026-07-22T05:50:44.0531300Z Getting action download info
2026-07-22T05:50:44.2435930Z Download action repository 'actions/checkout@v4' (SHA:11d5960a326750d5838078e36cf38b85af677262)
2026-07-22T05:50:44.6115986Z Download action repository 'actions/upload-artifact@v4' (SHA:ea165f8d65b6e75b540449e92b4886f43607fa02)
2026-07-22T05:50:44.8235422Z Complete job name: build
2026-07-22T05:50:44.8832523Z ##[group]Checking docker version
2026-07-22T05:50:44.8845613Z ##[command]/usr/bin/docker version --format '{{.Server.APIVersion}}'
2026-07-22T05:50:44.9984718Z '1.48'
2026-07-22T05:50:44.9999873Z Docker daemon API version: '1.48'
2026-07-22T05:50:45.0000658Z ##[command]/usr/bin/docker version --format '{{.Client.APIVersion}}'
2026-07-22T05:50:45.0186030Z '1.48'
2026-07-22T05:50:45.0200715Z Docker client API version: '1.48'
2026-07-22T05:50:45.0206725Z ##[endgroup]
2026-07-22T05:50:45.0211478Z ##[group]Clean up resources from previous jobs
2026-07-22T05:50:45.0219222Z ##[command]/usr/bin/docker ps --all --quiet --no-trunc --filter "label=dfd601"
2026-07-22T05:50:45.0383380Z ##[command]/usr/bin/docker network prune --force --filter "label=dfd601"
2026-07-22T05:50:45.0521919Z ##[endgroup]
2026-07-22T05:50:45.0522444Z ##[group]Create local container network
2026-07-22T05:50:45.0532970Z ##[command]/usr/bin/docker network create --label dfd601 github_network_38584e04e9b245fa932e26052bade537
2026-07-22T05:50:45.1069235Z ce9d86a2e1ef075207680a8c23c297d8c4b338984bd4f416af0edb75bbe36f16
2026-07-22T05:50:45.1088732Z ##[endgroup]
2026-07-22T05:50:45.1113089Z ##[group]Starting job container
2026-07-22T05:50:45.1135329Z ##[command]/usr/bin/docker pull espressif/idf:release-v5.1
2026-07-22T05:50:45.5456880Z release-v5.1: Pulling from espressif/idf
2026-07-22T05:50:45.6778657Z 13b7e930469f: Pulling fs layer
2026-07-22T05:50:45.6780931Z f970c1150904: Pulling fs layer
2026-07-22T05:50:45.6782623Z 82cedd055fc6: Pulling fs layer
2026-07-22T05:50:45.6783810Z 6ee677f41c28: Pulling fs layer
2026-07-22T05:50:45.6785785Z a8ec0bdabe66: Pulling fs layer
2026-07-22T05:50:45.6787038Z 18ba71b35b1b: Pulling fs layer
2026-07-22T05:50:45.6787855Z 6ee677f41c28: Waiting
2026-07-22T05:50:45.6788587Z a8ec0bdabe66: Waiting
2026-07-22T05:50:45.6789511Z 18ba71b35b1b: Waiting
2026-07-22T05:50:45.8489805Z 82cedd055fc6: Verifying Checksum
2026-07-22T05:50:45.8521155Z 82cedd055fc6: Download complete
2026-07-22T05:50:45.8774650Z 13b7e930469f: Verifying Checksum
2026-07-22T05:50:45.8776713Z 13b7e930469f: Download complete
2026-07-22T05:50:46.3338683Z f970c1150904: Verifying Checksum
2026-07-22T05:50:46.3371638Z f970c1150904: Download complete
2026-07-22T05:50:46.4234706Z 18ba71b35b1b: Verifying Checksum
2026-07-22T05:50:46.4240559Z 18ba71b35b1b: Download complete
2026-07-22T05:50:47.8718473Z 13b7e930469f: Pull complete
2026-07-22T05:50:49.8886194Z a8ec0bdabe66: Verifying Checksum
2026-07-22T05:50:49.8887534Z a8ec0bdabe66: Download complete
2026-07-22T05:50:57.3831202Z 6ee677f41c28: Verifying Checksum
2026-07-22T05:50:57.3831943Z 6ee677f41c28: Download complete
2026-07-22T05:51:00.5746402Z f970c1150904: Pull complete
2026-07-22T05:51:01.1637043Z 82cedd055fc6: Pull complete
2026-07-22T05:51:21.4276343Z 6ee677f41c28: Pull complete
2026-07-22T05:51:40.7191556Z a8ec0bdabe66: Pull complete
2026-07-22T05:51:40.7309483Z 18ba71b35b1b: Pull complete
2026-07-22T05:51:40.7353320Z Digest: sha256:7e50d9df529a3c7b997df31c4c5e60830e7327ed7ef9be6f47def32ec66051d5
2026-07-22T05:51:40.7368896Z Status: Downloaded newer image for espressif/idf:release-v5.1
2026-07-22T05:51:40.7377831Z docker.io/espressif/idf:release-v5.1
2026-07-22T05:51:40.7459599Z ##[command]/usr/bin/docker create --name 8af0b0e6b36a487ea27a13d56c2b32e5_espressifidfreleasev51_a46f8c --label dfd601 --workdir /__w/esp_pri/esp_pri --network github_network_38584e04e9b245fa932e26052bade537  -e "HOME=/github/home" -e GITHUB_ACTIONS=true -e CI=true -v "/var/run/docker.sock":"/var/run/docker.sock" -v "/home/runner/work":"/__w" -v "/home/runner/actions-runner/cached/2.336.0/externals":"/__e":ro -v "/home/runner/work/_temp":"/__w/_temp" -v "/home/runner/work/_actions":"/__w/_actions" -v "/opt/hostedtoolcache":"/__t" -v "/home/runner/work/_temp/_github_home":"/github/home" -v "/home/runner/work/_temp/_github_workflow":"/github/workflow" --entrypoint "tail" espressif/idf:release-v5.1 "-f" "/dev/null"
2026-07-22T05:51:40.7759001Z dc069f99567436d0d994126bb7175f95dc86cd94ec48db0c29f317bcafa93236
2026-07-22T05:51:40.7783405Z ##[command]/usr/bin/docker start dc069f99567436d0d994126bb7175f95dc86cd94ec48db0c29f317bcafa93236
2026-07-22T05:51:40.9991534Z dc069f99567436d0d994126bb7175f95dc86cd94ec48db0c29f317bcafa93236
2026-07-22T05:51:41.0009861Z ##[command]/usr/bin/docker ps --all --filter id=dc069f99567436d0d994126bb7175f95dc86cd94ec48db0c29f317bcafa93236 --filter status=running --no-trunc --format "{{.ID}} {{.Status}}"
2026-07-22T05:51:41.0128959Z dc069f99567436d0d994126bb7175f95dc86cd94ec48db0c29f317bcafa93236 Up Less than a second
2026-07-22T05:51:41.0148661Z ##[command]/usr/bin/docker inspect --format "{{range .Config.Env}}{{println .}}{{end}}" dc069f99567436d0d994126bb7175f95dc86cd94ec48db0c29f317bcafa93236
2026-07-22T05:51:41.0268640Z GITHUB_ACTIONS=true
2026-07-22T05:51:41.0269093Z CI=true
2026-07-22T05:51:41.0269989Z HOME=/github/home
2026-07-22T05:51:41.0279905Z PATH=/usr/local/sbin:/usr/local/bin:/usr/sbin:/usr/bin:/sbin:/bin
2026-07-22T05:51:41.0280305Z IDF_PATH=/opt/esp/idf
2026-07-22T05:51:41.0280556Z IDF_TOOLS_PATH=/opt/esp
2026-07-22T05:51:41.0280777Z IDF_GITHUB_ASSETS=
2026-07-22T05:51:41.0281013Z IDF_PYTHON_CHECK_CONSTRAINTS=no
2026-07-22T05:51:41.0281290Z IDF_CCACHE_ENABLE=1
2026-07-22T05:51:41.0288669Z ##[endgroup]
2026-07-22T05:51:41.0298730Z ##[group]Waiting for all services to be ready
2026-07-22T05:51:41.0300873Z ##[endgroup]
2026-07-22T05:51:41.0591244Z Node 20 is being deprecated. This workflow is running with Node 24 by default. If you need to temporarily use Node 20, you can set the ACTIONS_ALLOW_USE_UNSECURE_NODE_VERSION=true environment variable. For more information see: https://github.blog/changelog/2025-09-19-deprecation-of-node-20-on-github-actions-runners/
2026-07-22T05:51:41.0599053Z ##[group]Run actions/checkout@v4
2026-07-22T05:51:41.0599751Z with:
2026-07-22T05:51:41.0599976Z   repository: qwzxcv12/esp_pri
2026-07-22T05:51:41.0602613Z   token: ***
2026-07-22T05:51:41.0603009Z   ssh-strict: true
2026-07-22T05:51:41.0603403Z   ssh-user: git
2026-07-22T05:51:41.0603719Z   persist-credentials: true
2026-07-22T05:51:41.0603958Z   clean: true
2026-07-22T05:51:41.0604421Z   sparse-checkout-cone-mode: true
2026-07-22T05:51:41.0604823Z   fetch-depth: 1
2026-07-22T05:51:41.0605083Z   fetch-tags: false
2026-07-22T05:51:41.0605286Z   show-progress: true
2026-07-22T05:51:41.0605505Z   lfs: false
2026-07-22T05:51:41.0605755Z   submodules: false
2026-07-22T05:51:41.0605967Z   set-safe-directory: true
2026-07-22T05:51:41.0606204Z   allow-unsafe-pr-checkout: false
2026-07-22T05:51:41.0606948Z ##[endgroup]
2026-07-22T05:51:41.0668558Z ##[command]/usr/bin/docker exec  dc069f99567436d0d994126bb7175f95dc86cd94ec48db0c29f317bcafa93236 sh -c "cat /etc/*release | grep ^ID"
2026-07-22T05:51:41.2695607Z Syncing repository: qwzxcv12/esp_pri
2026-07-22T05:51:41.2796672Z ##[group]Getting Git version info
2026-07-22T05:51:41.2797236Z Working directory is '/__w/esp_pri/esp_pri'
2026-07-22T05:51:41.2798018Z [command]/usr/bin/git version
2026-07-22T05:51:41.2798388Z git version 2.25.1
2026-07-22T05:51:41.2800178Z ##[endgroup]
2026-07-22T05:51:41.2805717Z Temporarily overriding HOME='/__w/_temp/f5c6f687-f2f0-477c-a914-94297f6c8edb' before making global git config changes
2026-07-22T05:51:41.2806927Z Adding repository directory to the temporary git global config as a safe directory
2026-07-22T05:51:41.2808010Z [command]/usr/bin/git config --global --add safe.directory /__w/esp_pri/esp_pri
2026-07-22T05:51:41.2809758Z Deleting the contents of '/__w/esp_pri/esp_pri'
2026-07-22T05:51:41.2810800Z ##[group]Initializing the repository
2026-07-22T05:51:41.2821974Z [command]/usr/bin/git init /__w/esp_pri/esp_pri
2026-07-22T05:51:41.2871775Z Initialized empty Git repository in /__w/esp_pri/esp_pri/.git/
2026-07-22T05:51:41.2887162Z [command]/usr/bin/git remote add origin https://github.com/qwzxcv12/esp_pri
2026-07-22T05:51:41.2921654Z ##[endgroup]
2026-07-22T05:51:41.2922358Z ##[group]Disabling automatic garbage collection
2026-07-22T05:51:41.2926270Z [command]/usr/bin/git config --local gc.auto 0
2026-07-22T05:51:41.2959067Z ##[endgroup]
2026-07-22T05:51:41.2960108Z ##[group]Setting up auth
2026-07-22T05:51:41.2966704Z [command]/usr/bin/git config --local --name-only --get-regexp core\.sshCommand
2026-07-22T05:51:41.3000905Z [command]/usr/bin/git submodule foreach --recursive sh -c "git config --local --name-only --get-regexp 'core\.sshCommand' && git config --local --unset-all 'core.sshCommand' || :"
2026-07-22T05:51:41.3304852Z [command]/usr/bin/git config --local --name-only --get-regexp http\.https\:\/\/github\.com\/\.extraheader
2026-07-22T05:51:41.3340308Z [command]/usr/bin/git submodule foreach --recursive sh -c "git config --local --name-only --get-regexp 'http\.https\:\/\/github\.com\/\.extraheader' && git config --local --unset-all 'http.https://github.com/.extraheader' || :"
2026-07-22T05:51:41.3633613Z [command]/usr/bin/git config --local --name-only --get-regexp ^includeIf\.gitdir:
2026-07-22T05:51:41.3677082Z [command]/usr/bin/git submodule foreach --recursive git config --local --show-origin --name-only --get-regexp remote.origin.url
2026-07-22T05:51:41.3936196Z [command]/usr/bin/git config --local http.https://github.com/.extraheader AUTHORIZATION: basic ***
2026-07-22T05:51:41.3978658Z ##[endgroup]
2026-07-22T05:51:41.3979701Z ##[group]Fetching the repository
2026-07-22T05:51:41.3990713Z [command]/usr/bin/git -c protocol.version=2 fetch --no-tags --prune --no-recurse-submodules --depth=1 origin +cde3639fc373d35430fec6f984d702d5ffceaac5:refs/remotes/origin/main
2026-07-22T05:51:41.8023302Z From https://github.com/qwzxcv12/esp_pri
2026-07-22T05:51:41.8023848Z  * [new ref]         cde3639fc373d35430fec6f984d702d5ffceaac5 -> origin/main
2026-07-22T05:51:41.8043877Z ##[endgroup]
2026-07-22T05:51:41.8044537Z ##[group]Determining the checkout info
2026-07-22T05:51:41.8045417Z ##[endgroup]
2026-07-22T05:51:41.8046012Z ##[group]Checking out the ref
2026-07-22T05:51:41.8052491Z [command]/usr/bin/git checkout --progress --force -B main refs/remotes/origin/main
2026-07-22T05:51:41.8188301Z Switched to a new branch 'main'
2026-07-22T05:51:41.8189036Z Branch 'main' set up to track remote branch 'main' from 'origin'.
2026-07-22T05:51:41.8194815Z ##[endgroup]
2026-07-22T05:51:41.8246990Z [command]/usr/bin/git log -1 --format=%H
2026-07-22T05:51:41.8271546Z cde3639fc373d35430fec6f984d702d5ffceaac5
2026-07-22T05:51:41.8524017Z ##[group]Run mkdir -p project/main
2026-07-22T05:51:41.8524412Z [36;1mmkdir -p project/main[0m
2026-07-22T05:51:41.8524693Z [36;1mmkdir -p project/components[0m
2026-07-22T05:51:41.8524979Z [36;1m[0m
2026-07-22T05:51:41.8525230Z [36;1mcp pri_NOW.cpp project/main/main.cpp[0m
2026-07-22T05:51:41.8525542Z [36;1mcp *.h project/main/ || true[0m
2026-07-22T05:51:41.8525829Z [36;1mcp idf_component.yml project/main/[0m
2026-07-22T05:51:41.8526195Z [36;1mcp CMakeLists_main.txt project/main/CMakeLists.txt[0m
2026-07-22T05:51:41.8526543Z [36;1mcp sdkconfig.defaults project/[0m
2026-07-22T05:51:41.8526842Z [36;1mcp partitions.csv project/ || true[0m
2026-07-22T05:51:41.8527113Z [36;1m[0m
2026-07-22T05:51:41.8527927Z [36;1mprintf 'cmake_minimum_required(VERSION 3.16)\nadd_compile_definitions("esp_wifi_set_band_mode=(int)" "WIFI_BAND_MODE_2G_ONLY=0")\ninclude($ENV{IDF_PATH}/tools/cmake/project.cmake)\nproject(pri_NOW)\n' > project/CMakeLists.txt[0m
2026-07-22T05:51:41.8528867Z [36;1m[0m
2026-07-22T05:51:41.8529659Z [36;1mgit clone --depth 1 -b release/v3.0.x https://github.com/espressif/arduino-esp32.git project/components/arduino[0m
2026-07-22T05:51:41.8532932Z shell: sh -e {0}
2026-07-22T05:51:41.8533163Z ##[endgroup]
2026-07-22T05:51:41.9260425Z Cloning into 'project/components/arduino'...
2026-07-22T05:51:43.6688409Z ##[group]Run . $IDF_PATH/export.sh
2026-07-22T05:51:43.6688755Z [36;1m. $IDF_PATH/export.sh[0m
2026-07-22T05:51:43.6689007Z [36;1mcd project[0m
2026-07-22T05:51:43.6689228Z [36;1midf.py set-target esp32s3[0m
2026-07-22T05:51:43.6689875Z [36;1midf.py build[0m
2026-07-22T05:51:43.6691595Z shell: bash --noprofile --norc -e -o pipefail {0}
2026-07-22T05:51:43.6691919Z ##[endgroup]
2026-07-22T05:51:43.7280254Z Detecting the Python interpreter
2026-07-22T05:51:43.7297834Z Checking "python3" ...
2026-07-22T05:51:43.7533306Z Python 3.8.10
2026-07-22T05:51:43.7533821Z "python3" has been detected
2026-07-22T05:51:43.7534256Z Checking Python compatibility
2026-07-22T05:51:43.7729502Z Checking other ESP-IDF version.
2026-07-22T05:51:43.9422442Z Adding ESP-IDF tools to PATH...
2026-07-22T05:51:44.1457361Z Checking if Python packages are up to date...
2026-07-22T05:51:44.4388561Z Python requirements are satisfied.
2026-07-22T05:51:44.4500084Z Requirement files:
2026-07-22T05:51:44.4500892Z  - /opt/esp/idf/tools/requirements/requirements.core.txt
2026-07-22T05:51:44.4501639Z Python being checked: /opt/esp/python_env/idf5.1_py3.8_env/bin/python
2026-07-22T05:51:44.4605535Z Added the following directories to PATH:
2026-07-22T05:51:44.4606724Z   /opt/esp/idf/components/espcoredump
2026-07-22T05:51:44.4608072Z   /opt/esp/idf/components/partition_table
2026-07-22T05:51:44.4608984Z   /opt/esp/idf/components/app_update
2026-07-22T05:51:44.4610074Z   /opt/esp/tools/xtensa-esp-elf-gdb/12.1_20231023/xtensa-esp-elf-gdb/bin
2026-07-22T05:51:44.4611409Z   /opt/esp/tools/riscv32-esp-elf-gdb/12.1_20231023/riscv32-esp-elf-gdb/bin
2026-07-22T05:51:44.4612501Z   /opt/esp/tools/xtensa-esp32-elf/esp-12.2.0_20250801/xtensa-esp32-elf/bin
2026-07-22T05:51:44.4613632Z   /opt/esp/tools/xtensa-esp32s2-elf/esp-12.2.0_20250801/xtensa-esp32s2-elf/bin
2026-07-22T05:51:44.4614793Z   /opt/esp/tools/xtensa-esp32s3-elf/esp-12.2.0_20250801/xtensa-esp32s3-elf/bin
2026-07-22T05:51:44.4615933Z   /opt/esp/tools/riscv32-esp-elf/esp-12.2.0_20250801/riscv32-esp-elf/bin
2026-07-22T05:51:44.4617640Z   /opt/esp/tools/esp32ulp-elf/2.35_20220830/esp32ulp-elf/bin
2026-07-22T05:51:44.4618208Z   /opt/esp/tools/cmake/3.30.2/bin
2026-07-22T05:51:44.4618703Z   /opt/esp/tools/openocd-esp32/v0.12.0-esp32-20250707/openocd-esp32/bin
2026-07-22T05:51:44.4619164Z   /opt/esp/tools/qemu-xtensa/esp_develop_8.1.3_20231206/qemu/bin
2026-07-22T05:51:44.4620234Z   /opt/esp/tools/qemu-riscv32/esp_develop_8.1.3_20231206/qemu/bin
2026-07-22T05:51:44.4620962Z   /opt/esp/tools/xtensa-esp-elf-gdb/12.1_20231023/xtensa-esp-elf-gdb/bin
2026-07-22T05:51:44.4622176Z   /opt/esp/tools/riscv32-esp-elf-gdb/12.1_20231023/riscv32-esp-elf-gdb/bin
2026-07-22T05:51:44.4622966Z   /opt/esp/tools/xtensa-esp32-elf/esp-12.2.0_20250801/xtensa-esp32-elf/bin
2026-07-22T05:51:44.4623757Z   /opt/esp/tools/xtensa-esp32s2-elf/esp-12.2.0_20250801/xtensa-esp32s2-elf/bin
2026-07-22T05:51:44.4624330Z   /opt/esp/tools/xtensa-esp32s3-elf/esp-12.2.0_20250801/xtensa-esp32s3-elf/bin
2026-07-22T05:51:44.4624806Z   /opt/esp/tools/riscv32-esp-elf/esp-12.2.0_20250801/riscv32-esp-elf/bin
2026-07-22T05:51:44.4625216Z   /opt/esp/tools/esp32ulp-elf/2.35_20220830/esp32ulp-elf/bin
2026-07-22T05:51:44.4625583Z   /opt/esp/tools/cmake/3.30.2/bin
2026-07-22T05:51:44.4625930Z   /opt/esp/tools/openocd-esp32/v0.12.0-esp32-20250707/openocd-esp32/bin
2026-07-22T05:51:44.4626379Z   /opt/esp/tools/qemu-xtensa/esp_develop_8.1.3_20231206/qemu/bin
2026-07-22T05:51:44.4626775Z   /opt/esp/tools/qemu-riscv32/esp_develop_8.1.3_20231206/qemu/bin
2026-07-22T05:51:44.4627125Z   /opt/esp/python_env/idf5.1_py3.8_env/bin
2026-07-22T05:51:44.4627383Z   /opt/esp/idf/tools
2026-07-22T05:51:44.6716506Z Done! You can now compile ESP-IDF projects.
2026-07-22T05:51:44.6717731Z Go to the project directory and run:
2026-07-22T05:51:44.6718475Z 
2026-07-22T05:51:44.6718913Z   idf.py build
2026-07-22T05:51:44.6719135Z 
2026-07-22T05:51:46.0883310Z Adding "set-target"'s dependency "fullclean" to list of commands with default set of options.
2026-07-22T05:51:46.0884594Z Executing action: fullclean
2026-07-22T05:51:46.0885246Z Build directory '/__w/esp_pri/esp_pri/project/build' not found. Nothing to clean.
2026-07-22T05:51:46.0885935Z Executing action: set-target
2026-07-22T05:51:46.0886409Z Set Target to: esp32s3, new sdkconfig will be created.
2026-07-22T05:51:46.0887054Z Running cmake in directory /__w/esp_pri/esp_pri/project/build
2026-07-22T05:51:46.0888532Z Executing "cmake -G Ninja -DPYTHON_DEPS_CHECKED=1 -DPYTHON=/opt/esp/python_env/idf5.1_py3.8_env/bin/python -DESP_PLATFORM=1 -DIDF_TARGET=esp32s3 -DCCACHE_ENABLE=1 /__w/esp_pri/esp_pri/project"...
2026-07-22T05:51:46.0890252Z -- Found Git: /usr/bin/git (found version "2.25.1")
2026-07-22T05:51:47.9847302Z -- ccache will be used for faster recompilation
2026-07-22T05:51:48.0212301Z -- The C compiler identification is GNU 12.2.0
2026-07-22T05:51:48.0589475Z -- The CXX compiler identification is GNU 12.2.0
2026-07-22T05:51:48.0710362Z -- The ASM compiler identification is GNU
2026-07-22T05:51:48.0738548Z -- Found assembler: /opt/esp/tools/xtensa-esp32s3-elf/esp-12.2.0_20250801/xtensa-esp32s3-elf/bin/xtensa-esp32s3-elf-gcc
2026-07-22T05:51:48.0814076Z -- Detecting C compiler ABI info
2026-07-22T05:51:48.1185241Z -- Detecting C compiler ABI info - done
2026-07-22T05:51:48.1317492Z -- Check for working C compiler: /opt/esp/tools/xtensa-esp32s3-elf/esp-12.2.0_20250801/xtensa-esp32s3-elf/bin/xtensa-esp32s3-elf-gcc - skipped
2026-07-22T05:51:48.1321422Z -- Detecting C compile features
2026-07-22T05:51:48.1328254Z -- Detecting C compile features - done
2026-07-22T05:51:48.1396055Z -- Detecting CXX compiler ABI info
2026-07-22T05:51:48.1788398Z -- Detecting CXX compiler ABI info - done
2026-07-22T05:51:48.1934738Z -- Check for working CXX compiler: /opt/esp/tools/xtensa-esp32s3-elf/esp-12.2.0_20250801/xtensa-esp32s3-elf/bin/xtensa-esp32s3-elf-g++ - skipped
2026-07-22T05:51:48.1938879Z -- Detecting CXX compile features
2026-07-22T05:51:48.1946695Z -- Detecting CXX compile features - done
2026-07-22T05:51:48.2007760Z -- git rev-parse returned 'fatal: detected dubious ownership in repository at '/__w/esp_pri/esp_pri'
2026-07-22T05:51:48.2008688Z To add an exception for this directory, call:
2026-07-22T05:51:48.2008988Z 
2026-07-22T05:51:48.2009190Z 	git config --global --add safe.directory /__w/esp_pri/esp_pri'
2026-07-22T05:51:48.2009964Z -- Could not use 'git describe' to determine PROJECT_VER.
2026-07-22T05:51:48.2010332Z -- Building ESP-IDF components for target esp32s3
2026-07-22T05:51:48.6250628Z NOTICE: Dependencies lock doesn't exist, solving dependencies.
2026-07-22T05:51:52.1224078Z ..................NOTICE: Skipping optional dependency: espressif/mqtt
2026-07-22T05:52:01.0198234Z ................................NOTICE: Skipping optional dependency: espressif/usb
2026-07-22T05:52:01.9676476Z ....................NOTICE: Skipping optional dependency: espressif/cjson
2026-07-22T05:52:02.6673594Z ................NOTICE: Updating lock file at /__w/esp_pri/esp_pri/project/dependencies.lock
2026-07-22T05:52:02.6674574Z NOTICE: Processing 31 dependencies:
2026-07-22T05:52:02.6675177Z NOTICE: [1/31] chmorgan/esp-libhelix-mp3 (1.0.3)
2026-07-22T05:52:02.7268915Z NOTICE: [2/31] espressif/cbor (0.6.1~4)
2026-07-22T05:52:02.7762696Z NOTICE: [3/31] espressif/esp-dsp (1.4.12)
2026-07-22T05:52:03.0548857Z NOTICE: [4/31] espressif/esp-modbus (1.0.18)
2026-07-22T05:52:03.1114844Z NOTICE: [5/31] espressif/esp-sr (1.9.5)
2026-07-22T05:52:04.3979083Z NOTICE: [6/31] espressif/esp-zboss-lib (1.6.0)
2026-07-22T05:52:05.1888312Z NOTICE: [7/31] espressif/esp-zigbee-lib (1.6.0)
2026-07-22T05:52:05.4065420Z NOTICE: [8/31] espressif/esp_daylight (1.0.1)
2026-07-22T05:52:05.4367575Z NOTICE: [9/31] espressif/esp_diag_data_store (1.1.1)
2026-07-22T05:52:05.4631367Z NOTICE: [10/31] espressif/esp_diagnostics (1.3.3)
2026-07-22T05:52:05.4900265Z NOTICE: [11/31] espressif/esp_insights (1.3.4)
2026-07-22T05:52:05.5212715Z NOTICE: [12/31] espressif/esp_modem (1.4.3)
2026-07-22T05:52:05.6251735Z NOTICE: [13/31] espressif/esp_rainmaker (1.16.0)
2026-07-22T05:52:05.6951701Z NOTICE: [14/31] espressif/esp_schedule (1.3.3)
2026-07-22T05:52:05.7248439Z NOTICE: [15/31] espressif/esp_secure_cert_mgr (2.9.2)
2026-07-22T05:52:05.8142772Z NOTICE: [16/31] espressif/jsmn (1.1.0)
2026-07-22T05:52:05.8370210Z NOTICE: [17/31] espressif/json_generator (1.1.2)
2026-07-22T05:52:05.8590978Z NOTICE: [18/31] espressif/json_parser (1.0.3)
2026-07-22T05:52:05.8817757Z NOTICE: [19/31] espressif/libsodium (1.0.22~1)
2026-07-22T05:52:06.2475167Z NOTICE: [20/31] espressif/mdns (1.11.3)
2026-07-22T05:52:06.3111957Z NOTICE: [21/31] espressif/network_provisioning (1.0.5)
2026-07-22T05:52:06.3631890Z NOTICE: [22/31] espressif/qrcode (0.1.0~2)
2026-07-22T05:52:06.3876514Z NOTICE: [23/31] espressif/rmaker_cmd_resp (1.0.0)
2026-07-22T05:52:06.4118871Z NOTICE: [24/31] espressif/rmaker_common (1.8.5)
2026-07-22T05:52:06.4672068Z NOTICE: [25/31] espressif/rmaker_common_events (1.0.0)
2026-07-22T05:52:06.4928407Z NOTICE: [26/31] espressif/rmaker_console (1.0.0)
2026-07-22T05:52:06.5200843Z NOTICE: [27/31] espressif/rmaker_system_ctrl (1.0.0)
2026-07-22T05:52:06.5447112Z NOTICE: [28/31] espressif/rmaker_time_sync (1.0.2)
2026-07-22T05:52:06.5683086Z NOTICE: [29/31] espressif/rmaker_work_queue (1.0.0)
2026-07-22T05:52:06.5907329Z NOTICE: [30/31] joltwallet/littlefs (1.22.3)
2026-07-22T05:52:06.6629888Z NOTICE: [31/31] idf (5.1.7)
2026-07-22T05:52:06.8597365Z -- DEBUG: Use esp-modbus component folder: /__w/esp_pri/esp_pri/project/managed_components/espressif__esp-modbus.
2026-07-22T05:52:07.5916835Z NOTICE: Skipping optional dependency: espressif/mqtt
2026-07-22T05:52:08.2071141Z -- Project sdkconfig file /__w/esp_pri/esp_pri/project/sdkconfig
2026-07-22T05:52:08.4766575Z Loading defaults file /__w/esp_pri/esp_pri/project/sdkconfig.defaults...
2026-07-22T05:52:08.4767867Z /__w/esp_pri/esp_pri/project/sdkconfig.defaults:12 CONFIG_MAIN_TASK_STACK_SIZE was replaced with CONFIG_ESP_MAIN_TASK_STACK_SIZE
2026-07-22T05:52:08.4769523Z /tmp/kconfgen_tmpm_gmti5d:2 line was updated to # ============================================================n
2026-07-22T05:52:08.5155913Z Compiler supported targets: xtensa-esp32s3-elf
2026-07-22T05:52:08.5156205Z 
2026-07-22T05:52:08.6254530Z -- Looking for sys/types.h
2026-07-22T05:52:08.6673660Z -- Looking for sys/types.h - found
2026-07-22T05:52:08.6674174Z -- Looking for stdint.h
2026-07-22T05:52:08.7040443Z -- Looking for stdint.h - found
2026-07-22T05:52:08.7040770Z -- Looking for stddef.h
2026-07-22T05:52:08.7393399Z -- Looking for stddef.h - found
2026-07-22T05:52:08.7394196Z -- Check size of time_t
2026-07-22T05:52:08.7822517Z -- Check size of time_t - done
2026-07-22T05:52:08.9684227Z -- Found Python3: /opt/esp/python_env/idf5.1_py3.8_env/bin/python (found version "3.8.10") found components: Interpreter
2026-07-22T05:52:09.0230369Z -- Performing Test CMAKE_HAVE_LIBC_PTHREAD
2026-07-22T05:52:09.0733112Z -- Performing Test CMAKE_HAVE_LIBC_PTHREAD - Failed
2026-07-22T05:52:09.0733742Z -- Check if compiler accepts -pthread
2026-07-22T05:52:09.1145080Z -- Check if compiler accepts -pthread - no
2026-07-22T05:52:09.1145654Z -- Looking for pthread_create in pthreads
2026-07-22T05:52:09.1499512Z -- Looking for pthread_create in pthreads - not found
2026-07-22T05:52:09.1499941Z -- Looking for pthread_create in pthread
2026-07-22T05:52:09.1848152Z -- Looking for pthread_create in pthread - not found
2026-07-22T05:52:09.1858969Z -- Could NOT find Threads (missing: Threads_FOUND) 
2026-07-22T05:52:09.1891538Z -- Performing Test C_COMPILER_SUPPORTS_WFORMAT_SIGNEDNESS
2026-07-22T05:52:09.2248052Z -- Performing Test C_COMPILER_SUPPORTS_WFORMAT_SIGNEDNESS - Success
2026-07-22T05:52:09.2248477Z -- USING O3
2026-07-22T05:52:09.2396495Z -- App "pri_NOW" version: 1
2026-07-22T05:52:09.4631666Z -- Adding linker script /__w/esp_pri/esp_pri/project/build/esp-idf/esp_system/ld/memory.ld
2026-07-22T05:52:09.4634942Z -- Adding linker script /opt/esp/idf/components/esp_system/ld/esp32s3/sections.ld.in
2026-07-22T05:52:09.4690023Z -- Adding linker script /opt/esp/idf/components/esp_rom/esp32s3/ld/esp32s3.rom.ld
2026-07-22T05:52:09.4691725Z -- Adding linker script /opt/esp/idf/components/esp_rom/esp32s3/ld/esp32s3.rom.api.ld
2026-07-22T05:52:09.4694971Z -- Adding linker script /opt/esp/idf/components/esp_rom/esp32s3/ld/esp32s3.rom.bt_funcs.ld
2026-07-22T05:52:09.4696027Z -- Adding linker script /opt/esp/idf/components/esp_rom/esp32s3/ld/esp32s3.rom.libgcc.ld
2026-07-22T05:52:09.4698602Z -- Adding linker script /opt/esp/idf/components/esp_rom/esp32s3/ld/esp32s3.rom.newlib.ld
2026-07-22T05:52:09.4701823Z -- Adding linker script /opt/esp/idf/components/esp_rom/esp32s3/ld/esp32s3.rom.version.ld
2026-07-22T05:52:09.4703382Z -- Adding linker script /opt/esp/idf/components/esp_rom/esp32s3/ld/esp32s3.rom.ble_master.ld
2026-07-22T05:52:09.4704641Z -- Adding linker script /opt/esp/idf/components/esp_rom/esp32s3/ld/esp32s3.rom.ble_50.ld
2026-07-22T05:52:09.4707274Z -- Adding linker script /opt/esp/idf/components/esp_rom/esp32s3/ld/esp32s3.rom.ble_smp.ld
2026-07-22T05:52:09.4709698Z -- Adding linker script /opt/esp/idf/components/esp_rom/esp32s3/ld/esp32s3.rom.ble_dtm.ld
2026-07-22T05:52:09.4712530Z -- Adding linker script /opt/esp/idf/components/esp_rom/esp32s3/ld/esp32s3.rom.ble_test.ld
2026-07-22T05:52:09.4715485Z -- Adding linker script /opt/esp/idf/components/esp_rom/esp32s3/ld/esp32s3.rom.ble_scan.ld
2026-07-22T05:52:09.4913647Z -- Adding linker script /opt/esp/idf/components/soc/esp32s3/ld/esp32s3.peripherals.ld
2026-07-22T05:52:09.7089821Z -- DEBUG: Use esp-modbus component folder: /__w/esp_pri/esp_pri/project/managed_components/espressif__esp-modbus.
2026-07-22T05:52:09.8604707Z ESP Insights Project commit: HEAD-HASH-NOTFOUND
2026-07-22T05:52:09.8605604Z -- git rev-parse returned 'fatal: detected dubious ownership in repository at '/__w/esp_pri/esp_pri'
2026-07-22T05:52:09.8606448Z To add an exception for this directory, call:
2026-07-22T05:52:09.8606791Z 
2026-07-22T05:52:09.8607068Z 	git config --global --add safe.directory /__w/esp_pri/esp_pri'
2026-07-22T05:52:09.8951696Z ESP RainMaker Project commit: HEAD-HASH-NOTFOUND
2026-07-22T05:52:09.8952612Z -- git rev-parse returned 'fatal: detected dubious ownership in repository at '/__w/esp_pri/esp_pri'
2026-07-22T05:52:09.8953454Z To add an exception for this directory, call:
2026-07-22T05:52:09.8953803Z 
2026-07-22T05:52:09.8954074Z 	git config --global --add safe.directory /__w/esp_pri/esp_pri'
2026-07-22T05:52:10.0586427Z -- Components: app_trace app_update arduino bootloader bootloader_support bt chmorgan__esp-libhelix-mp3 cmock console cxx driver efuse esp-tls esp_adc esp_app_format esp_coex esp_common esp_eth esp_event esp_gdbstub esp_hid esp_http_client esp_http_server esp_https_ota esp_https_server esp_hw_support esp_lcd esp_local_ctrl esp_mm esp_netif esp_netif_stack esp_partition esp_phy esp_pm esp_psram esp_ringbuf esp_rom esp_system esp_timer esp_wifi espcoredump espressif__cbor espressif__esp-dsp espressif__esp-modbus espressif__esp-sr espressif__esp-zboss-lib espressif__esp-zigbee-lib espressif__esp_daylight espressif__esp_diag_data_store espressif__esp_diagnostics espressif__esp_insights espressif__esp_modem espressif__esp_rainmaker espressif__esp_schedule espressif__esp_secure_cert_mgr espressif__jsmn espressif__json_generator espressif__json_parser espressif__libsodium espressif__mdns espressif__network_provisioning espressif__qrcode espressif__rmaker_cmd_resp espressif__rmaker_common espressif__rmaker_common_events espressif__rmaker_console espressif__rmaker_system_ctrl espressif__rmaker_time_sync espressif__rmaker_work_queue esptool_py fatfs freertos hal heap http_parser idf_test ieee802154 joltwallet__littlefs json log lwip main mbedtls mqtt newlib nvs_flash openthread partition_table perfmon protobuf-c protocomm pthread sdmmc soc spi_flash spiffs tcp_transport touch_element ulp unity usb vfs wear_levelling wifi_provisioning wpa_supplicant xtensa
2026-07-22T05:52:10.0624545Z -- Component paths: /opt/esp/idf/components/app_trace /opt/esp/idf/components/app_update /__w/esp_pri/esp_pri/project/components/arduino /opt/esp/idf/components/bootloader /opt/esp/idf/components/bootloader_support /opt/esp/idf/components/bt /__w/esp_pri/esp_pri/project/managed_components/chmorgan__esp-libhelix-mp3 /opt/esp/idf/components/cmock /opt/esp/idf/components/console /opt/esp/idf/components/cxx /opt/esp/idf/components/driver /opt/esp/idf/components/efuse /opt/esp/idf/components/esp-tls /opt/esp/idf/components/esp_adc /opt/esp/idf/components/esp_app_format /opt/esp/idf/components/esp_coex /opt/esp/idf/components/esp_common /opt/esp/idf/components/esp_eth /opt/esp/idf/components/esp_event /opt/esp/idf/components/esp_gdbstub /opt/esp/idf/components/esp_hid /opt/esp/idf/components/esp_http_client /opt/esp/idf/components/esp_http_server /opt/esp/idf/components/esp_https_ota /opt/esp/idf/components/esp_https_server /opt/esp/idf/components/esp_hw_support /opt/esp/idf/components/esp_lcd /opt/esp/idf/components/esp_local_ctrl /opt/esp/idf/components/esp_mm /opt/esp/idf/components/esp_netif /opt/esp/idf/components/esp_netif_stack /opt/esp/idf/components/esp_partition /opt/esp/idf/components/esp_phy /opt/esp/idf/components/esp_pm /opt/esp/idf/components/esp_psram /opt/esp/idf/components/esp_ringbuf /opt/esp/idf/components/esp_rom /opt/esp/idf/components/esp_system /opt/esp/idf/components/esp_timer /opt/esp/idf/components/esp_wifi /opt/esp/idf/components/espcoredump /__w/esp_pri/esp_pri/project/managed_components/espressif__cbor /__w/esp_pri/esp_pri/project/managed_components/espressif__esp-dsp /__w/esp_pri/esp_pri/project/managed_components/espressif__esp-modbus /__w/esp_pri/esp_pri/project/managed_components/espressif__esp-sr /__w/esp_pri/esp_pri/project/managed_components/espressif__esp-zboss-lib /__w/esp_pri/esp_pri/project/managed_components/espressif__esp-zigbee-lib /__w/esp_pri/esp_pri/project/managed_components/espressif__esp_daylight /__w/esp_pri/esp_pri/project/managed_components/espressif__esp_diag_data_store /__w/esp_pri/esp_pri/project/managed_components/espressif__esp_diagnostics /__w/esp_pri/esp_pri/project/managed_components/espressif__esp_insights /__w/esp_pri/esp_pri/project/managed_components/espressif__esp_modem /__w/esp_pri/esp_pri/project/managed_components/espressif__esp_rainmaker /__w/esp_pri/esp_pri/project/managed_components/espressif__esp_schedule /__w/esp_pri/esp_pri/project/managed_components/espressif__esp_secure_cert_mgr /__w/esp_pri/esp_pri/project/managed_components/espressif__jsmn /__w/esp_pri/esp_pri/project/managed_components/espressif__json_generator /__w/esp_pri/esp_pri/project/managed_components/espressif__json_parser /__w/esp_pri/esp_pri/project/managed_components/espressif__libsodium /__w/esp_pri/esp_pri/project/managed_components/espressif__mdns /__w/esp_pri/esp_pri/project/managed_components/espressif__network_provisioning /__w/esp_pri/esp_pri/project/managed_components/espressif__qrcode /__w/esp_pri/esp_pri/project/managed_components/espressif__rmaker_cmd_resp /__w/esp_pri/esp_pri/project/managed_components/espressif__rmaker_common /__w/esp_pri/esp_pri/project/managed_components/espressif__rmaker_common_events /__w/esp_pri/esp_pri/project/managed_components/espressif__rmaker_console /__w/esp_pri/esp_pri/project/managed_components/espressif__rmaker_system_ctrl /__w/esp_pri/esp_pri/project/managed_components/espressif__rmaker_time_sync /__w/esp_pri/esp_pri/project/managed_components/espressif__rmaker_work_queue /opt/esp/idf/components/esptool_py /opt/esp/idf/components/fatfs /opt/esp/idf/components/freertos /opt/esp/idf/components/hal /opt/esp/idf/components/heap /opt/esp/idf/components/http_parser /opt/esp/idf/components/idf_test /opt/esp/idf/components/ieee802154 /__w/esp_pri/esp_pri/project/managed_components/joltwallet__littlefs /opt/esp/idf/components/json /opt/esp/idf/components/log /opt/esp/idf/components/lwip /__w/esp_pri/esp_pri/project/main /opt/esp/idf/components/mbedtls /opt/esp/idf/components/mqtt /opt/esp/idf/components/newlib /opt/esp/idf/components/nvs_flash /opt/esp/idf/components/openthread /opt/esp/idf/components/partition_table /opt/esp/idf/components/perfmon /opt/esp/idf/components/protobuf-c /opt/esp/idf/components/protocomm /opt/esp/idf/components/pthread /opt/esp/idf/components/sdmmc /opt/esp/idf/components/soc /opt/esp/idf/components/spi_flash /opt/esp/idf/components/spiffs /opt/esp/idf/components/tcp_transport /opt/esp/idf/components/touch_element /opt/esp/idf/components/ulp /opt/esp/idf/components/unity /opt/esp/idf/components/usb /opt/esp/idf/components/vfs /opt/esp/idf/components/wear_levelling /opt/esp/idf/components/wifi_provisioning /opt/esp/idf/components/wpa_supplicant /opt/esp/idf/components/xtensa
2026-07-22T05:52:10.0684460Z -- Configuring done (24.1s)
2026-07-22T05:52:10.7665520Z -- Generating done (0.7s)
2026-07-22T05:52:10.7670193Z -- Build files have been written to: /__w/esp_pri/esp_pri/project/build
2026-07-22T05:52:11.7991666Z Executing action: all (aliases: build)
2026-07-22T05:52:11.7992697Z Running ninja in directory /__w/esp_pri/esp_pri/project/build
2026-07-22T05:52:11.8000362Z Executing "ninja all"...
2026-07-22T05:52:11.8001052Z [1/1630] Generating project_elf_src_esp32s3.c
2026-07-22T05:52:11.8001649Z [2/1630] Generating memory.ld linker script...
2026-07-22T05:52:11.8002176Z [3/1630] Generating ../../ota_data_initial.bin
2026-07-22T05:52:11.8362361Z [4/1630] Move and Pack models...
2026-07-22T05:52:11.8382172Z Recommended model partition size: 3902K
2026-07-22T05:52:11.9043590Z [5/1630] Generating ../../partition_table/partition-table.bin
2026-07-22T05:52:11.9044256Z Partition table binary generated. Contents:
2026-07-22T05:52:11.9044780Z *******************************************************************************
2026-07-22T05:52:11.9045340Z # ESP-IDF Partition Table
2026-07-22T05:52:11.9045749Z # Name, Type, SubType, Offset, Size, Flags
2026-07-22T05:52:11.9046209Z nvs,data,nvs,0x9000,20K,
2026-07-22T05:52:11.9046594Z otadata,data,ota,0xe000,8K,
2026-07-22T05:52:11.9046988Z ota_0,app,ota_0,0x10000,1536K,
2026-07-22T05:52:11.9047373Z ota_1,app,ota_1,0x190000,1536K,
2026-07-22T05:52:11.9047782Z spiffs,data,spiffs,0x310000,960K,
2026-07-22T05:52:11.9048279Z *******************************************************************************
2026-07-22T05:52:12.3251234Z [6/1630] Building C object esp-idf/spi_flash/CMakeFiles/__idf_spi_flash.dir/flash_brownout_hook.c.obj
2026-07-22T05:52:12.3252544Z [7/1630] Building C object esp-idf/mbedtls/mbedtls/3rdparty/p256-m/CMakeFiles/p256m.dir/p256-m/p256-m.c.obj
2026-07-22T05:52:12.3262601Z [8/1630] Building C object esp-idf/mbedtls/mbedtls/3rdparty/everest/CMakeFiles/everest.dir/library/x25519.c.obj
2026-07-22T05:52:12.5222045Z [9/1630] Building C object esp-idf/mbedtls/mbedtls/3rdparty/everest/CMakeFiles/everest.dir/library/Hacl_Curve25519_joined.c.obj
2026-07-22T05:52:12.5224270Z [10/1630] Building C object esp-idf/mbedtls/mbedtls/3rdparty/everest/CMakeFiles/everest.dir/library/everest.c.obj
2026-07-22T05:52:12.5238631Z [11/1630] Building C object esp-idf/mbedtls/mbedtls/3rdparty/p256-m/CMakeFiles/p256m.dir/p256-m_driver_entrypoints.c.obj
2026-07-22T05:52:12.5271392Z [12/1630] Building C object esp-idf/mbedtls/mbedtls/library/CMakeFiles/mbedcrypto.dir/aesni.c.obj
2026-07-22T05:52:12.5713685Z [13/1630] Building C object esp-idf/mbedtls/mbedtls/library/CMakeFiles/mbedcrypto.dir/aes.c.obj
2026-07-22T05:52:12.5863995Z [14/1630] Building C object esp-idf/mbedtls/mbedtls/library/CMakeFiles/mbedcrypto.dir/aria.c.obj
2026-07-22T05:52:12.6450542Z [15/1630] Building C object esp-idf/mbedtls/mbedtls/library/CMakeFiles/mbedcrypto.dir/aesce.c.obj
2026-07-22T05:52:12.7360709Z [16/1630] Building C object esp-idf/mbedtls/mbedtls/library/CMakeFiles/mbedcrypto.dir/asn1parse.c.obj
2026-07-22T05:52:12.7932121Z [17/1630] Building C object esp-idf/mbedtls/mbedtls/library/CMakeFiles/mbedcrypto.dir/base64.c.obj
2026-07-22T05:52:12.7995592Z [18/1630] Building C object esp-idf/mbedtls/mbedtls/library/CMakeFiles/mbedcrypto.dir/asn1write.c.obj
2026-07-22T05:52:12.8110943Z [19/1630] Building C object esp-idf/mbedtls/mbedtls/library/CMakeFiles/mbedcrypto.dir/block_cipher.c.obj
2026-07-22T05:52:12.8758873Z [20/1630] Building C object esp-idf/mbedtls/mbedtls/library/CMakeFiles/mbedcrypto.dir/bignum_mod.c.obj
2026-07-22T05:52:12.8843920Z [21/1630] Building C object esp-idf/mbedtls/mbedtls/library/CMakeFiles/mbedcrypto.dir/camellia.c.obj
2026-07-22T05:52:12.9190595Z [22/1630] Building C object esp-idf/mbedtls/mbedtls/library/CMakeFiles/mbedcrypto.dir/bignum_mod_raw.c.obj
2026-07-22T05:52:12.9540482Z [23/1630] Building C object esp-idf/mbedtls/mbedtls/library/CMakeFiles/mbedcrypto.dir/bignum_core.c.obj
2026-07-22T05:52:12.9674408Z [24/1630] Building C object esp-idf/mbedtls/mbedtls/library/CMakeFiles/mbedcrypto.dir/chachapoly.c.obj
2026-07-22T05:52:13.0449228Z [25/1630] Building C object esp-idf/mbedtls/mbedtls/library/CMakeFiles/mbedcrypto.dir/chacha20.c.obj
2026-07-22T05:52:13.1193300Z [26/1630] Building C object esp-idf/mbedtls/mbedtls/library/CMakeFiles/mbedcrypto.dir/ccm.c.obj
2026-07-22T05:52:13.1863040Z [27/1630] Building C object esp-idf/mbedtls/mbedtls/library/CMakeFiles/mbedcrypto.dir/constant_time.c.obj
2026-07-22T05:52:13.2372949Z [28/1630] Building C object esp-idf/mbedtls/mbedtls/library/CMakeFiles/mbedcrypto.dir/cipher_wrap.c.obj
2026-07-22T05:52:13.2400572Z [29/1630] Building C object esp-idf/mbedtls/mbedtls/library/CMakeFiles/mbedcrypto.dir/bignum.c.obj
2026-07-22T05:52:13.2845721Z [30/1630] Building C object esp-idf/mbedtls/mbedtls/library/CMakeFiles/mbedcrypto.dir/cipher.c.obj
2026-07-22T05:52:13.2884980Z [31/1630] Building C object esp-idf/mbedtls/mbedtls/library/CMakeFiles/mbedcrypto.dir/des.c.obj
2026-07-22T05:52:13.3329703Z [32/1630] Building C object esp-idf/mbedtls/mbedtls/library/CMakeFiles/mbedcrypto.dir/dhm.c.obj
2026-07-22T05:52:13.4009891Z [33/1630] Building C object esp-idf/mbedtls/mbedtls/library/CMakeFiles/mbedcrypto.dir/cmac.c.obj
2026-07-22T05:52:13.4260082Z [34/1630] Building C object esp-idf/mbedtls/mbedtls/library/CMakeFiles/mbedcrypto.dir/ecjpake.c.obj
2026-07-22T05:52:13.4725986Z [35/1630] Building C object esp-idf/mbedtls/mbedtls/library/CMakeFiles/mbedcrypto.dir/ecdsa.c.obj
2026-07-22T05:52:13.4792409Z [36/1630] Building C object esp-idf/mbedtls/mbedtls/library/CMakeFiles/mbedcrypto.dir/ecdh.c.obj
2026-07-22T05:52:13.5031280Z [37/1630] Building C object esp-idf/mbedtls/mbedtls/library/CMakeFiles/mbedcrypto.dir/ctr_drbg.c.obj
2026-07-22T05:52:13.6582540Z [38/1630] Building C object esp-idf/mbedtls/mbedtls/library/CMakeFiles/mbedcrypto.dir/ecp_curves_new.c.obj
2026-07-22T05:52:13.6637271Z [39/1630] Building C object esp-idf/mbedtls/mbedtls/library/CMakeFiles/mbedcrypto.dir/entropy_poll.c.obj
2026-07-22T05:52:13.6827285Z [40/1630] Building C object esp-idf/mbedtls/mbedtls/library/CMakeFiles/mbedcrypto.dir/entropy.c.obj
2026-07-22T05:52:13.8274536Z [41/1630] Building C object esp-idf/mbedtls/mbedtls/library/CMakeFiles/mbedcrypto.dir/hkdf.c.obj
2026-07-22T05:52:13.8605187Z [42/1630] Building C object esp-idf/mbedtls/mbedtls/library/CMakeFiles/mbedcrypto.dir/ecp.c.obj
2026-07-22T05:52:13.9177222Z [43/1630] Building C object esp-idf/mbedtls/mbedtls/library/CMakeFiles/mbedcrypto.dir/gcm.c.obj
2026-07-22T05:52:13.9278231Z [44/1630] Building C object esp-idf/mbedtls/mbedtls/library/CMakeFiles/mbedcrypto.dir/hmac_drbg.c.obj
2026-07-22T05:52:13.9354108Z [45/1630] Building C object esp-idf/mbedtls/mbedtls/library/CMakeFiles/mbedcrypto.dir/ecp_curves.c.obj
2026-07-22T05:52:13.9539000Z [46/1630] Building C object esp-idf/mbedtls/mbedtls/library/CMakeFiles/mbedcrypto.dir/error.c.obj
2026-07-22T05:52:14.0617868Z [47/1630] Building C object esp-idf/mbedtls/mbedtls/library/CMakeFiles/mbedcrypto.dir/memory_buffer_alloc.c.obj
2026-07-22T05:52:14.1448789Z [48/1630] Building C object esp-idf/mbedtls/mbedtls/library/CMakeFiles/mbedcrypto.dir/md5.c.obj
2026-07-22T05:52:14.1480194Z [49/1630] Building C object esp-idf/mbedtls/mbedtls/library/CMakeFiles/mbedcrypto.dir/lms.c.obj
2026-07-22T05:52:14.2137924Z [50/1630] Building C object esp-idf/mbedtls/mbedtls/library/CMakeFiles/mbedcrypto.dir/lmots.c.obj
2026-07-22T05:52:14.2167408Z [51/1630] Building C object esp-idf/mbedtls/mbedtls/library/CMakeFiles/mbedcrypto.dir/md.c.obj
2026-07-22T05:52:14.2197047Z [52/1630] Building C object esp-idf/mbedtls/mbedtls/library/CMakeFiles/mbedcrypto.dir/nist_kw.c.obj
2026-07-22T05:52:14.2738992Z [53/1630] Building C object esp-idf/mbedtls/mbedtls/library/CMakeFiles/mbedcrypto.dir/padlock.c.obj
2026-07-22T05:52:14.3025610Z [54/1630] Building C object esp-idf/mbedtls/mbedtls/library/CMakeFiles/mbedcrypto.dir/oid.c.obj
2026-07-22T05:52:14.4740439Z [55/1630] Building C object esp-idf/mbedtls/mbedtls/library/CMakeFiles/mbedcrypto.dir/pk_wrap.c.obj
2026-07-22T05:52:14.4909659Z [56/1630] Building C object esp-idf/mbedtls/mbedtls/library/CMakeFiles/mbedcrypto.dir/pk_ecc.c.obj
2026-07-22T05:52:14.5278335Z [57/1630] Building C object esp-idf/mbedtls/mbedtls/library/CMakeFiles/mbedcrypto.dir/pkcs12.c.obj
2026-07-22T05:52:14.5510056Z [58/1630] Building C object esp-idf/mbedtls/mbedtls/library/CMakeFiles/mbedcrypto.dir/pem.c.obj
2026-07-22T05:52:14.5850891Z [59/1630] Building C object esp-idf/mbedtls/mbedtls/library/CMakeFiles/mbedcrypto.dir/pkcs5.c.obj
2026-07-22T05:52:14.6139600Z [60/1630] Building C object esp-idf/mbedtls/mbedtls/library/CMakeFiles/mbedcrypto.dir/pk.c.obj
2026-07-22T05:52:14.6745423Z [61/1630] Building C object esp-idf/mbedtls/mbedtls/library/CMakeFiles/mbedcrypto.dir/poly1305.c.obj
2026-07-22T05:52:14.7591111Z [62/1630] Building C object esp-idf/mbedtls/mbedtls/library/CMakeFiles/mbedcrypto.dir/platform.c.obj
2026-07-22T05:52:14.7626311Z [63/1630] Building C object esp-idf/mbedtls/mbedtls/library/CMakeFiles/mbedcrypto.dir/platform_util.c.obj
2026-07-22T05:52:14.7870303Z [64/1630] Building C object esp-idf/mbedtls/mbedtls/library/CMakeFiles/mbedcrypto.dir/pkwrite.c.obj
2026-07-22T05:52:14.9479641Z [65/1630] Building C object esp-idf/mbedtls/mbedtls/library/CMakeFiles/mbedcrypto.dir/psa_crypto_aead.c.obj
2026-07-22T05:52:14.9851489Z [66/1630] Building C object esp-idf/mbedtls/mbedtls/library/CMakeFiles/mbedcrypto.dir/pkparse.c.obj
2026-07-22T05:52:15.0450810Z [67/1630] Building C object esp-idf/mbedtls/mbedtls/library/CMakeFiles/mbedcrypto.dir/psa_crypto_client.c.obj
2026-07-22T05:52:15.0989608Z [68/1630] Building C object esp-idf/mbedtls/mbedtls/library/CMakeFiles/mbedcrypto.dir/psa_crypto_cipher.c.obj
2026-07-22T05:52:15.1404870Z [69/1630] Building C object esp-idf/mbedtls/mbedtls/library/CMakeFiles/mbedcrypto.dir/psa_crypto_ecp.c.obj
2026-07-22T05:52:15.2215321Z [70/1630] Building C object esp-idf/mbedtls/mbedtls/library/CMakeFiles/mbedcrypto.dir/psa_crypto_driver_wrappers_no_static.c.obj
2026-07-22T05:52:15.2375918Z [71/1630] Building C object esp-idf/mbedtls/mbedtls/library/CMakeFiles/mbedcrypto.dir/psa_crypto_ffdh.c.obj
2026-07-22T05:52:15.3096790Z [72/1630] Building C object esp-idf/mbedtls/mbedtls/library/CMakeFiles/mbedcrypto.dir/psa_crypto_hash.c.obj
2026-07-22T05:52:15.3692765Z [73/1630] Building C object esp-idf/mbedtls/mbedtls/library/CMakeFiles/mbedcrypto.dir/psa_crypto_se.c.obj
2026-07-22T05:52:15.3729170Z [74/1630] Building C object esp-idf/mbedtls/mbedtls/library/CMakeFiles/mbedcrypto.dir/psa_crypto_pake.c.obj
2026-07-22T05:52:15.4149895Z [75/1630] Building C object esp-idf/mbedtls/mbedtls/library/CMakeFiles/mbedcrypto.dir/psa_crypto_mac.c.obj
2026-07-22T05:52:15.5502358Z [76/1630] Building C object esp-idf/mbedtls/mbedtls/library/CMakeFiles/mbedcrypto.dir/psa_crypto_rsa.c.obj
2026-07-22T05:52:15.5584828Z [77/1630] Building C object esp-idf/mbedtls/mbedtls/library/CMakeFiles/mbedcrypto.dir/psa_crypto_slot_management.c.obj
2026-07-22T05:52:15.6071402Z [78/1630] Building C object esp-idf/mbedtls/mbedtls/library/CMakeFiles/mbedcrypto.dir/psa_its_file.c.obj
2026-07-22T05:52:15.6529612Z [79/1630] Building C object esp-idf/mbedtls/mbedtls/library/CMakeFiles/mbedcrypto.dir/ripemd160.c.obj
2026-07-22T05:52:15.6945404Z [80/1630] Building C object esp-idf/mbedtls/mbedtls/library/CMakeFiles/mbedcrypto.dir/psa_crypto_storage.c.obj
2026-07-22T05:52:15.7069788Z [81/1630] Building C object esp-idf/mbedtls/mbedtls/library/CMakeFiles/mbedcrypto.dir/psa_util.c.obj
2026-07-22T05:52:15.7959905Z [82/1630] Building C object esp-idf/mbedtls/mbedtls/library/CMakeFiles/mbedcrypto.dir/sha3.c.obj
2026-07-22T05:52:15.8595726Z [83/1630] Building C object esp-idf/mbedtls/mbedtls/library/CMakeFiles/mbedcrypto.dir/sha1.c.obj
2026-07-22T05:52:15.8687980Z [84/1630] Building C object esp-idf/mbedtls/mbedtls/library/CMakeFiles/mbedcrypto.dir/rsa_alt_helpers.c.obj
2026-07-22T05:52:15.9550208Z [85/1630] Building C object esp-idf/mbedtls/mbedtls/library/CMakeFiles/mbedcrypto.dir/sha256.c.obj
2026-07-22T05:52:16.0029562Z [86/1630] Building C object esp-idf/mbedtls/mbedtls/library/CMakeFiles/mbedcrypto.dir/timing.c.obj
2026-07-22T05:52:16.0128146Z [87/1630] Building C object esp-idf/mbedtls/mbedtls/library/CMakeFiles/mbedcrypto.dir/threading.c.obj
2026-07-22T05:52:16.0227970Z [88/1630] Building C object esp-idf/mbedtls/mbedtls/library/CMakeFiles/mbedcrypto.dir/sha512.c.obj
2026-07-22T05:52:16.0657112Z [89/1630] Building C object esp-idf/mbedtls/mbedtls/library/CMakeFiles/mbedcrypto.dir/version.c.obj
2026-07-22T05:52:16.1536533Z [90/1630] Building C object esp-idf/mbedtls/mbedtls/library/CMakeFiles/mbedcrypto.dir/psa_crypto.c.obj
2026-07-22T05:52:16.1636929Z [91/1630] Building C object esp-idf/mbedtls/mbedtls/library/CMakeFiles/mbedcrypto.dir/version_features.c.obj
2026-07-22T05:52:16.1828668Z [92/1630] Building C object esp-idf/mbedtls/mbedtls/library/CMakeFiles/mbedcrypto.dir/opt/esp/idf/components/mbedtls/port/sha/dma/esp_sha_gdma_impl.c.obj
2026-07-22T05:52:16.1896417Z [93/1630] Building C object esp-idf/mbedtls/mbedtls/library/CMakeFiles/mbedcrypto.dir/opt/esp/idf/components/mbedtls/port/aes/dma/esp_aes_gdma_impl.c.obj
2026-07-22T05:52:16.2249109Z [94/1630] Building C object esp-idf/mbedtls/mbedtls/library/CMakeFiles/mbedcrypto.dir/rsa.c.obj
2026-07-22T05:52:16.2661635Z [95/1630] Building C object esp-idf/mbedtls/mbedtls/library/CMakeFiles/mbedcrypto.dir/opt/esp/idf/components/mbedtls/port/esp_hardware.c.obj
2026-07-22T05:52:16.2839160Z [96/1630] Building C object esp-idf/mbedtls/mbedtls/library/CMakeFiles/mbedcrypto.dir/opt/esp/idf/components/mbedtls/port/crypto_shared_gdma/esp_crypto_shared_gdma.c.obj
2026-07-22T05:52:16.3450165Z [97/1630] Building C object esp-idf/mbedtls/mbedtls/library/CMakeFiles/mbedcrypto.dir/opt/esp/idf/components/mbedtls/port/esp_timing.c.obj
2026-07-22T05:52:16.3458002Z [98/1630] Building C object esp-idf/mbedtls/mbedtls/library/CMakeFiles/mbedcrypto.dir/opt/esp/idf/components/mbedtls/port/esp_mem.c.obj
2026-07-22T05:52:16.3950425Z [99/1630] Building C object esp-idf/mbedtls/mbedtls/library/CMakeFiles/mbedcrypto.dir/opt/esp/idf/components/mbedtls/port/aes/esp_aes_xts.c.obj
2026-07-22T05:52:16.4351080Z [100/1630] Building C object esp-idf/mbedtls/mbedtls/library/CMakeFiles/mbedcrypto.dir/opt/esp/idf/components/mbedtls/port/aes/esp_aes_common.c.obj
2026-07-22T05:52:16.4989550Z [101/1630] Building C object esp-idf/mbedtls/mbedtls/library/CMakeFiles/mbedcrypto.dir/opt/esp/idf/components/mbedtls/port/sha/esp_sha.c.obj
2026-07-22T05:52:16.6111901Z [102/1630] Building C object esp-idf/mbedtls/mbedtls/library/CMakeFiles/mbedcrypto.dir/opt/esp/idf/components/mbedtls/port/aes/dma/esp_aes.c.obj
2026-07-22T05:52:16.6516096Z [103/1630] Building C object esp-idf/mbedtls/mbedtls/library/CMakeFiles/mbedcrypto.dir/opt/esp/idf/components/mbedtls/port/sha/dma/sha.c.obj
2026-07-22T05:52:16.6523194Z [104/1630] Building C object esp-idf/mbedtls/mbedtls/library/CMakeFiles/mbedcrypto.dir/opt/esp/idf/components/mbedtls/port/esp_ds/esp_rsa_sign_alt.c.obj
2026-07-22T05:52:16.6568244Z [105/1630] Building C object esp-idf/mbedtls/mbedtls/library/CMakeFiles/mbedcrypto.dir/opt/esp/idf/components/mbedtls/port/esp32s3/bignum.c.obj
2026-07-22T05:52:16.7136542Z [106/1630] Building C object esp-idf/mbedtls/mbedtls/library/CMakeFiles/mbedcrypto.dir/opt/esp/idf/components/mbedtls/port/sha/dma/esp_sha1.c.obj
2026-07-22T05:52:16.7332898Z [107/1630] Building C object esp-idf/mbedtls/mbedtls/library/CMakeFiles/mbedcrypto.dir/opt/esp/idf/components/mbedtls/port/esp_bignum.c.obj
2026-07-22T05:52:16.8097366Z [108/1630] Building C object esp-idf/mbedtls/mbedtls/library/CMakeFiles/mbedcrypto.dir/opt/esp/idf/components/mbedtls/port/sha/dma/esp_sha256.c.obj
2026-07-22T05:52:16.8128601Z [109/1630] Building C object esp-idf/mbedtls/mbedtls/library/CMakeFiles/mbedcrypto.dir/opt/esp/idf/components/mbedtls/port/sha/dma/esp_sha512.c.obj
2026-07-22T05:52:16.8410575Z [110/1630] Building C object esp-idf/mbedtls/mbedtls/library/CMakeFiles/mbedcrypto.dir/opt/esp/idf/components/mbedtls/port/md/esp_md.c.obj
2026-07-22T05:52:16.9922716Z [111/1630] Building C object esp-idf/mbedtls/mbedtls/library/CMakeFiles/mbedcrypto.dir/opt/esp/idf/components/mbedtls/port/aes/esp_aes_gcm.c.obj
2026-07-22T05:52:17.0362415Z [112/1630] Building C object esp-idf/mbedtls/mbedtls/library/CMakeFiles/mbedx509.dir/x509_create.c.obj
2026-07-22T05:52:17.0785848Z [113/1630] Building C object esp-idf/mbedtls/mbedtls/library/CMakeFiles/mbedx509.dir/x509_crl.c.obj
2026-07-22T05:52:17.1960428Z [114/1630] Building C object esp-idf/mbedtls/mbedtls/library/CMakeFiles/mbedx509.dir/pkcs7.c.obj
2026-07-22T05:52:17.3468686Z [115/1630] Building C object esp-idf/mbedtls/mbedtls/library/CMakeFiles/mbedx509.dir/x509write.c.obj
2026-07-22T05:52:17.3920930Z [116/1630] Building C object esp-idf/mbedtls/mbedtls/library/CMakeFiles/mbedx509.dir/x509write_crt.c.obj
2026-07-22T05:52:17.3979893Z [117/1630] Building C object esp-idf/mbedtls/mbedtls/library/CMakeFiles/mbedx509.dir/x509_csr.c.obj
2026-07-22T05:52:17.4660462Z [118/1630] Building C object esp-idf/mbedtls/mbedtls/library/CMakeFiles/mbedtls.dir/debug.c.obj
2026-07-22T05:52:17.4978559Z [119/1630] Building C object esp-idf/mbedtls/mbedtls/library/CMakeFiles/mbedtls.dir/mps_trace.c.obj
2026-07-22T05:52:17.5209626Z [120/1630] Building C object esp-idf/mbedtls/mbedtls/library/CMakeFiles/mbedx509.dir/x509.c.obj
2026-07-22T05:52:17.5223283Z [121/1630] Building C object esp-idf/mbedtls/mbedtls/library/CMakeFiles/mbedtls.dir/mps_reader.c.obj
2026-07-22T05:52:17.5230160Z [122/1630] Building C object esp-idf/mbedtls/mbedtls/library/CMakeFiles/mbedx509.dir/x509write_csr.c.obj
2026-07-22T05:52:17.5510554Z [123/1630] Building C object esp-idf/mbedtls/mbedtls/library/CMakeFiles/mbedx509.dir/x509_crt.c.obj
2026-07-22T05:52:17.7219050Z [124/1630] Building C object esp-idf/mbedtls/mbedtls/library/CMakeFiles/mbedtls.dir/ssl_debug_helpers_generated.c.obj
2026-07-22T05:52:17.7565412Z [125/1630] Building C object esp-idf/mbedtls/mbedtls/library/CMakeFiles/mbedtls.dir/ssl_cookie.c.obj
2026-07-22T05:52:17.8320490Z [126/1630] Building C object esp-idf/mbedtls/mbedtls/library/CMakeFiles/mbedtls.dir/ssl_ciphersuites.c.obj
2026-07-22T05:52:17.8541349Z [127/1630] Building C object esp-idf/mbedtls/mbedtls/library/CMakeFiles/mbedtls.dir/ssl_client.c.obj
2026-07-22T05:52:17.8548105Z [128/1630] Building C object esp-idf/mbedtls/mbedtls/library/CMakeFiles/mbedtls.dir/ssl_cache.c.obj
2026-07-22T05:52:17.9371939Z [129/1630] Building C object esp-idf/mbedtls/mbedtls/library/CMakeFiles/mbedtls.dir/ssl_tls13_keys.c.obj
2026-07-22T05:52:18.0797187Z [130/1630] Building C object esp-idf/mbedtls/mbedtls/library/CMakeFiles/mbedtls.dir/ssl_tls13_server.c.obj
2026-07-22T05:52:18.0938875Z [131/1630] Building C object esp-idf/mbedtls/mbedtls/library/CMakeFiles/mbedtls.dir/ssl_ticket.c.obj
2026-07-22T05:52:18.1912493Z [132/1630] Building C object esp-idf/mbedtls/mbedtls/library/CMakeFiles/mbedtls.dir/ssl_tls13_client.c.obj
2026-07-22T05:52:18.2020473Z [133/1630] Building C object esp-idf/mbedtls/mbedtls/library/CMakeFiles/mbedtls.dir/ssl_tls13_generic.c.obj
2026-07-22T05:52:18.2484511Z [134/1630] Building C object esp-idf/mbedtls/mbedtls/library/CMakeFiles/mbedtls.dir/ssl_msg.c.obj
2026-07-22T05:52:18.2985301Z [135/1630] Building C object esp-idf/mbedtls/mbedtls/library/CMakeFiles/mbedtls.dir/opt/esp/idf/components/mbedtls/port/esp_platform_time.c.obj
2026-07-22T05:52:18.3928043Z [136/1630] Building C object esp-idf/esp_app_format/CMakeFiles/__idf_esp_app_format.dir/esp_app_desc.c.obj
2026-07-22T05:52:18.4570335Z [137/1630] Building C object esp-idf/mbedtls/mbedtls/library/CMakeFiles/mbedtls.dir/ssl_tls12_client.c.obj
2026-07-22T05:52:18.5026273Z [138/1630] Building C object esp-idf/mbedtls/mbedtls/library/CMakeFiles/mbedtls.dir/opt/esp/idf/components/mbedtls/port/mbedtls_debug.c.obj
2026-07-22T05:52:18.5834203Z [139/1630] Building C object esp-idf/bootloader_support/CMakeFiles/__idf_bootloader_support.dir/src/bootloader_random.c.obj
2026-07-22T05:52:18.6795134Z [140/1630] Building C object esp-idf/bootloader_support/CMakeFiles/__idf_bootloader_support.dir/src/bootloader_clock_init.c.obj
2026-07-22T05:52:18.6848104Z [141/1630] Building C object esp-idf/mbedtls/mbedtls/library/CMakeFiles/mbedtls.dir/ssl_tls12_server.c.obj
2026-07-22T05:52:18.7143931Z [142/1630] Building C object esp-idf/bootloader_support/CMakeFiles/__idf_bootloader_support.dir/src/bootloader_common_loader.c.obj
2026-07-22T05:52:18.7329161Z [143/1630] Building C object esp-idf/mbedtls/mbedtls/library/CMakeFiles/mbedtls.dir/opt/esp/idf/components/mbedtls/port/net_sockets.c.obj
2026-07-22T05:52:18.7969220Z [144/1630] Building C object esp-idf/bootloader_support/CMakeFiles/__idf_bootloader_support.dir/src/bootloader_common.c.obj
2026-07-22T05:52:18.8034152Z [145/1630] Building C object esp-idf/bootloader_support/CMakeFiles/__idf_bootloader_support.dir/src/bootloader_random_esp32s3.c.obj
2026-07-22T05:52:18.8048833Z [146/1630] Building C object esp-idf/mbedtls/mbedtls/library/CMakeFiles/mbedtls.dir/ssl_tls.c.obj
2026-07-22T05:52:18.8376544Z [147/1630] Building C object esp-idf/bootloader_support/CMakeFiles/__idf_bootloader_support.dir/src/bootloader_mem.c.obj
2026-07-22T05:52:18.8695368Z [148/1630] Building C object esp-idf/bootloader_support/CMakeFiles/__idf_bootloader_support.dir/src/bootloader_efuse.c.obj
2026-07-22T05:52:18.9540262Z [149/1630] Building C object esp-idf/bootloader_support/CMakeFiles/__idf_bootloader_support.dir/src/flash_encrypt.c.obj
2026-07-22T05:52:18.9912755Z [150/1630] Building C object esp-idf/bootloader_support/CMakeFiles/__idf_bootloader_support.dir/src/secure_boot.c.obj
2026-07-22T05:52:19.0689845Z [151/1630] Building C object esp-idf/bootloader_support/CMakeFiles/__idf_bootloader_support.dir/bootloader_flash/src/flash_qio_mode.c.obj
2026-07-22T05:52:19.1291723Z [152/1630] Building C object esp-idf/bootloader_support/CMakeFiles/__idf_bootloader_support.dir/bootloader_flash/src/bootloader_flash_config_esp32s3.c.obj
2026-07-22T05:52:19.1430309Z [153/1630] Building C object esp-idf/bootloader_support/CMakeFiles/__idf_bootloader_support.dir/bootloader_flash/src/bootloader_flash.c.obj
2026-07-22T05:52:19.1700229Z [154/1630] Building C object esp-idf/bootloader_support/CMakeFiles/__idf_bootloader_support.dir/src/flash_partitions.c.obj
2026-07-22T05:52:19.2691936Z [155/1630] Building C object esp-idf/bootloader_support/CMakeFiles/__idf_bootloader_support.dir/src/bootloader_utility.c.obj
2026-07-22T05:52:19.2764531Z [156/1630] Creating directories for 'bootloader'
2026-07-22T05:52:19.2818764Z [157/1630] No download step for 'bootloader'
2026-07-22T05:52:19.2933731Z [158/1630] No update step for 'bootloader'
2026-07-22T05:52:19.2980695Z [159/1630] No patch step for 'bootloader'
2026-07-22T05:52:19.3140399Z [160/1630] Building C object esp-idf/newlib/CMakeFiles/__idf_newlib.dir/syscalls.c.obj
2026-07-22T05:52:19.3360332Z [161/1630] Building C object esp-idf/bootloader_support/CMakeFiles/__idf_bootloader_support.dir/src/idf/bootloader_sha.c.obj
2026-07-22T05:52:19.3885504Z [162/1630] Building C object esp-idf/bootloader_support/CMakeFiles/__idf_bootloader_support.dir/src/esp_image_format.c.obj
2026-07-22T05:52:19.3917666Z [163/1630] Building C object esp-idf/esp_partition/CMakeFiles/__idf_esp_partition.dir/partition_target.c.obj
2026-07-22T05:52:19.4290593Z [164/1630] Building C object esp-idf/esp_partition/CMakeFiles/__idf_esp_partition.dir/partition.c.obj
2026-07-22T05:52:19.5130558Z [165/1630] Building C object esp-idf/app_update/CMakeFiles/__idf_app_update.dir/esp_ota_app_desc.c.obj
2026-07-22T05:52:19.5204144Z [166/1630] Building C object esp-idf/esp_mm/CMakeFiles/__idf_esp_mm.dir/port/esp32s3/ext_mem_layout.c.obj
2026-07-22T05:52:19.7113915Z [167/1630] Building C object esp-idf/esp_mm/CMakeFiles/__idf_esp_mm.dir/esp_cache.c.obj
2026-07-22T05:52:19.7148139Z [168/1630] Building C object esp-idf/app_update/CMakeFiles/__idf_app_update.dir/esp_ota_ops.c.obj
2026-07-22T05:52:19.8222650Z [169/1630] Building C object esp-idf/esp_mm/CMakeFiles/__idf_esp_mm.dir/esp_mmu_map.c.obj
2026-07-22T05:52:19.8793093Z [170/1630] Building C object esp-idf/wpa_supplicant/CMakeFiles/__idf_wpa_supplicant.dir/src/common/sae_pk.c.obj
2026-07-22T05:52:20.0679670Z [171/1630] Building C object esp-idf/wpa_supplicant/CMakeFiles/__idf_wpa_supplicant.dir/src/wps/wps_dev_attr.c.obj
2026-07-22T05:52:20.0779131Z [172/1630] Building C object esp-idf/spi_flash/CMakeFiles/__idf_spi_flash.dir/spi_flash_hpm_enable.c.obj
2026-07-22T05:52:20.1068600Z [173/1630] Building C object esp-idf/spi_flash/CMakeFiles/__idf_spi_flash.dir/esp32s3/spi_flash_oct_flash_init.c.obj
2026-07-22T05:52:20.2146149Z [174/1630] Building C object esp-idf/spi_flash/CMakeFiles/__idf_spi_flash.dir/spi_flash_chip_drivers.c.obj
2026-07-22T05:52:20.2199354Z [175/1630] Building C object esp-idf/wpa_supplicant/CMakeFiles/__idf_wpa_supplicant.dir/esp_supplicant/src/esp_eap_client.c.obj
2026-07-22T05:52:20.2625591Z [176/1630] Building C object esp-idf/spi_flash/CMakeFiles/__idf_spi_flash.dir/spi_flash_chip_issi.c.obj
2026-07-22T05:52:20.3025579Z [177/1630] Building C object esp-idf/wpa_supplicant/CMakeFiles/__idf_wpa_supplicant.dir/src/wps/wps_enrollee.c.obj
2026-07-22T05:52:20.4406417Z [178/1630] Building C object esp-idf/spi_flash/CMakeFiles/__idf_spi_flash.dir/spi_flash_chip_gd.c.obj
2026-07-22T05:52:20.4487763Z [179/1630] Building C object esp-idf/spi_flash/CMakeFiles/__idf_spi_flash.dir/spi_flash_chip_generic.c.obj
2026-07-22T05:52:20.4525082Z [180/1630] Building C object esp-idf/spi_flash/CMakeFiles/__idf_spi_flash.dir/spi_flash_chip_winbond.c.obj
2026-07-22T05:52:20.5042012Z [181/1630] Building C object esp-idf/spi_flash/CMakeFiles/__idf_spi_flash.dir/spi_flash_chip_mxic.c.obj
2026-07-22T05:52:20.5329431Z [182/1630] Building C object esp-idf/spi_flash/CMakeFiles/__idf_spi_flash.dir/spi_flash_chip_mxic_opi.c.obj
2026-07-22T05:52:20.5767255Z [183/1630] Building C object esp-idf/spi_flash/CMakeFiles/__idf_spi_flash.dir/spi_flash_chip_th.c.obj
2026-07-22T05:52:20.6488653Z [184/1630] Building C object esp-idf/spi_flash/CMakeFiles/__idf_spi_flash.dir/spi_flash_chip_boya.c.obj
2026-07-22T05:52:20.6592004Z [185/1630] Building C object esp-idf/spi_flash/CMakeFiles/__idf_spi_flash.dir/memspi_host_driver.c.obj
2026-07-22T05:52:20.8299616Z [186/1630] Building C object esp-idf/spi_flash/CMakeFiles/__idf_spi_flash.dir/cache_utils.c.obj
2026-07-22T05:52:20.9050106Z [187/1630] Building C object esp-idf/spi_flash/CMakeFiles/__idf_spi_flash.dir/flash_mmap.c.obj
2026-07-22T05:52:20.9573258Z [188/1630] Building C object esp-idf/spi_flash/CMakeFiles/__idf_spi_flash.dir/flash_ops.c.obj
2026-07-22T05:52:21.0525517Z [189/1630] Building C object esp-idf/spi_flash/CMakeFiles/__idf_spi_flash.dir/esp_flash_spi_init.c.obj
2026-07-22T05:52:21.0836691Z [190/1630] Building C object esp-idf/spi_flash/CMakeFiles/__idf_spi_flash.dir/spi_flash_wrap.c.obj
2026-07-22T05:52:21.0908484Z [191/1630] Building C object esp-idf/spi_flash/CMakeFiles/__idf_spi_flash.dir/spi_flash_os_func_noos.c.obj
2026-07-22T05:52:21.1099978Z [192/1630] Building C object esp-idf/spi_flash/CMakeFiles/__idf_spi_flash.dir/esp_flash_api.c.obj
2026-07-22T05:52:21.3468949Z [193/1630] Building C object esp-idf/pthread/CMakeFiles/__idf_pthread.dir/pthread_cond_var.c.obj
2026-07-22T05:52:21.3517436Z [194/1630] Building C object esp-idf/spi_flash/CMakeFiles/__idf_spi_flash.dir/spi_flash_os_func_app.c.obj
2026-07-22T05:52:21.4016454Z [195/1630] Building C object esp-idf/pthread/CMakeFiles/__idf_pthread.dir/pthread_rwlock.c.obj
2026-07-22T05:52:21.4384604Z [196/1630] Building C object esp-idf/pthread/CMakeFiles/__idf_pthread.dir/pthread_local_storage.c.obj
2026-07-22T05:52:21.5266139Z [197/1630] Building C object esp-idf/pthread/CMakeFiles/__idf_pthread.dir/pthread.c.obj
2026-07-22T05:52:21.5315772Z [198/1630] Building C object esp-idf/pthread/CMakeFiles/__idf_pthread.dir/pthread_semaphore.c.obj
2026-07-22T05:52:21.6658701Z [199/1630] Building C object esp-idf/esp_system/CMakeFiles/__idf_esp_system.dir/esp_err.c.obj
2026-07-22T05:52:21.6766884Z [200/1630] Building C object esp-idf/esp_system/CMakeFiles/__idf_esp_system.dir/int_wdt.c.obj
2026-07-22T05:52:21.7429234Z [201/1630] Building C object esp-idf/esp_system/CMakeFiles/__idf_esp_system.dir/esp_ipc.c.obj
2026-07-22T05:52:21.7890340Z [202/1630] Building C object esp-idf/esp_system/CMakeFiles/__idf_esp_system.dir/crosscore_int.c.obj
2026-07-22T05:52:21.8019158Z [203/1630] Building C object esp-idf/esp_system/CMakeFiles/__idf_esp_system.dir/panic.c.obj
2026-07-22T05:52:21.8767141Z [204/1630] Building C object esp-idf/esp_system/CMakeFiles/__idf_esp_system.dir/stack_check.c.obj
2026-07-22T05:52:21.9419302Z [205/1630] Building C object esp-idf/esp_system/CMakeFiles/__idf_esp_system.dir/freertos_hooks.c.obj
2026-07-22T05:52:21.9636278Z [206/1630] Building C object esp-idf/esp_system/CMakeFiles/__idf_esp_system.dir/esp_system.c.obj
2026-07-22T05:52:22.0207693Z [207/1630] Building C object esp-idf/esp_system/CMakeFiles/__idf_esp_system.dir/system_time.c.obj
2026-07-22T05:52:22.1608984Z [208/1630] Building C object esp-idf/esp_system/CMakeFiles/__idf_esp_system.dir/ubsan.c.obj
2026-07-22T05:52:22.2020479Z [209/1630] Building C object esp-idf/esp_system/CMakeFiles/__idf_esp_system.dir/debug_stubs.c.obj
2026-07-22T05:52:22.2199504Z [210/1630] Building C object esp-idf/esp_system/CMakeFiles/__idf_esp_system.dir/xt_wdt.c.obj
2026-07-22T05:52:22.2550641Z [211/1630] Building C object esp-idf/esp_system/CMakeFiles/__idf_esp_system.dir/port/brownout.c.obj
2026-07-22T05:52:22.2918396Z [212/1630] Building C object esp-idf/esp_system/CMakeFiles/__idf_esp_system.dir/startup.c.obj
2026-07-22T05:52:22.4954068Z [213/1630] Building C object esp-idf/esp_system/CMakeFiles/__idf_esp_system.dir/port/esp_system_chip.c.obj
2026-07-22T05:52:22.5339135Z [214/1630] Building C object esp-idf/esp_system/CMakeFiles/__idf_esp_system.dir/task_wdt/task_wdt.c.obj
2026-07-22T05:52:22.5509536Z [215/1630] Building C object esp-idf/esp_system/CMakeFiles/__idf_esp_system.dir/task_wdt/task_wdt_impl_timergroup.c.obj
2026-07-22T05:52:22.5712890Z [216/1630] Building ASM object esp-idf/esp_system/CMakeFiles/__idf_esp_system.dir/port/soc/esp32s3/highint_hdl.S.obj
2026-07-22T05:52:22.5847986Z [217/1630] Building C object esp-idf/esp_system/CMakeFiles/__idf_esp_system.dir/port/panic_handler.c.obj
2026-07-22T05:52:22.6737629Z [218/1630] Building C object esp-idf/esp_system/CMakeFiles/__idf_esp_system.dir/port/cpu_start.c.obj
2026-07-22T05:52:22.7508976Z [219/1630] Building C object esp-idf/esp_system/CMakeFiles/__idf_esp_system.dir/port/soc/esp32s3/cache_err_int.c.obj
2026-07-22T05:52:22.7768057Z [220/1630] Building C object esp-idf/esp_system/CMakeFiles/__idf_esp_system.dir/port/soc/esp32s3/reset_reason.c.obj
2026-07-22T05:52:22.8409102Z [221/1630] Building C object esp-idf/esp_system/CMakeFiles/__idf_esp_system.dir/port/soc/esp32s3/apb_backup_dma.c.obj
2026-07-22T05:52:22.8537489Z [222/1630] Building ASM object esp-idf/esp_system/CMakeFiles/__idf_esp_system.dir/port/arch/xtensa/panic_handler_asm.S.obj
2026-07-22T05:52:22.9158162Z [223/1630] Building C object esp-idf/esp_system/CMakeFiles/__idf_esp_system.dir/port/soc/esp32s3/clk.c.obj
2026-07-22T05:52:22.9319521Z [224/1630] Building ASM object esp-idf/esp_system/CMakeFiles/__idf_esp_system.dir/port/arch/xtensa/expression_with_stack_asm.S.obj
2026-07-22T05:52:22.9609008Z [225/1630] Building C object esp-idf/esp_system/CMakeFiles/__idf_esp_system.dir/port/soc/esp32s3/system_internal.c.obj
2026-07-22T05:52:23.0057294Z [226/1630] Building ASM object esp-idf/esp_system/CMakeFiles/__idf_esp_system.dir/port/arch/xtensa/debug_helpers_asm.S.obj
2026-07-22T05:52:23.0365052Z [227/1630] Building C object esp-idf/esp_system/CMakeFiles/__idf_esp_system.dir/port/arch/xtensa/panic_arch.c.obj
2026-07-22T05:52:23.0812587Z [228/1630] Building ASM object esp-idf/esp_system/CMakeFiles/__idf_esp_system.dir/port/arch/xtensa/esp_ipc_isr_handler.S.obj
2026-07-22T05:52:23.1179468Z [229/1630] Building C object esp-idf/esp_system/CMakeFiles/__idf_esp_system.dir/port/arch/xtensa/debug_helpers.c.obj
2026-07-22T05:52:23.1350139Z [230/1630] Building C object esp-idf/esp_system/CMakeFiles/__idf_esp_system.dir/port/arch/xtensa/debug_stubs.c.obj
2026-07-22T05:52:23.1607237Z [231/1630] Building C object esp-idf/esp_system/CMakeFiles/__idf_esp_system.dir/port/arch/xtensa/trax.c.obj
2026-07-22T05:52:23.1613435Z [232/1630] Building C object esp-idf/esp_rom/CMakeFiles/__idf_esp_rom.dir/patches/esp_rom_crc.c.obj
2026-07-22T05:52:23.1685746Z [233/1630] Building C object esp-idf/esp_system/CMakeFiles/__idf_esp_system.dir/port/arch/xtensa/expression_with_stack.c.obj
2026-07-22T05:52:23.2067846Z [234/1630] Building ASM object esp-idf/esp_rom/CMakeFiles/__idf_esp_rom.dir/patches/esp_rom_longjmp.S.obj
2026-07-22T05:52:23.2101662Z [235/1630] Building ASM object esp-idf/esp_system/CMakeFiles/__idf_esp_system.dir/port/arch/xtensa/esp_ipc_isr_routines.S.obj
2026-07-22T05:52:23.2300887Z [236/1630] Building C object esp-idf/esp_rom/CMakeFiles/__idf_esp_rom.dir/patches/esp_rom_sys.c.obj
2026-07-22T05:52:23.2947154Z [237/1630] Building C object esp-idf/esp_rom/CMakeFiles/__idf_esp_rom.dir/patches/esp_rom_efuse.c.obj
2026-07-22T05:52:23.3107150Z [238/1630] Building C object esp-idf/esp_rom/CMakeFiles/__idf_esp_rom.dir/patches/esp_rom_uart.c.obj
2026-07-22T05:52:23.3239105Z [239/1630] Building C object esp-idf/esp_system/CMakeFiles/__idf_esp_system.dir/port/arch/xtensa/esp_ipc_isr.c.obj
2026-07-22T05:52:23.3554247Z [240/1630] Building C object esp-idf/esp_rom/CMakeFiles/__idf_esp_rom.dir/patches/esp_rom_gpio.c.obj
2026-07-22T05:52:23.3729243Z [241/1630] Building C object esp-idf/esp_rom/CMakeFiles/__idf_esp_rom.dir/patches/esp_rom_spiflash.c.obj
2026-07-22T05:52:23.3991061Z [242/1630] Building C object esp-idf/esp_rom/CMakeFiles/__idf_esp_rom.dir/patches/esp_rom_systimer.c.obj
2026-07-22T05:52:23.4071549Z [243/1630] Building ASM object esp-idf/esp_rom/CMakeFiles/__idf_esp_rom.dir/patches/esp_rom_cache_writeback_esp32s3.S.obj
2026-07-22T05:52:23.4530220Z [244/1630] Building C object esp-idf/esp_rom/CMakeFiles/__idf_esp_rom.dir/patches/esp_rom_wdt.c.obj
2026-07-22T05:52:23.4879752Z [245/1630] Building C object esp-idf/hal/CMakeFiles/__idf_hal.dir/mpu_hal.c.obj
2026-07-22T05:52:23.4911405Z [246/1630] Building C object esp-idf/esp_rom/CMakeFiles/__idf_esp_rom.dir/patches/esp_rom_cache_esp32s2_esp32s3.c.obj
2026-07-22T05:52:23.5219492Z [247/1630] Building C object esp-idf/hal/CMakeFiles/__idf_hal.dir/efuse_hal.c.obj
2026-07-22T05:52:23.5718832Z [248/1630] Building C object esp-idf/log/CMakeFiles/__idf_log.dir/log.c.obj
2026-07-22T05:52:23.6716227Z [249/1630] Building C object esp-idf/hal/CMakeFiles/__idf_hal.dir/esp32s3/efuse_hal.c.obj
2026-07-22T05:52:23.6980974Z [250/1630] Building C object esp-idf/hal/CMakeFiles/__idf_hal.dir/mmu_hal.c.obj
2026-07-22T05:52:23.7167840Z [251/1630] Building C object esp-idf/hal/CMakeFiles/__idf_hal.dir/cache_hal.c.obj
2026-07-22T05:52:23.7321001Z [252/1630] Building C object esp-idf/hal/CMakeFiles/__idf_hal.dir/gpio_hal.c.obj
2026-07-22T05:52:23.7575944Z [253/1630] Building C object esp-idf/hal/CMakeFiles/__idf_hal.dir/rtc_io_hal.c.obj
2026-07-22T05:52:23.8659945Z [254/1630] Building C object esp-idf/hal/CMakeFiles/__idf_hal.dir/esp32s3/clk_tree_hal.c.obj
2026-07-22T05:52:23.8869124Z [255/1630] Building C object esp-idf/hal/CMakeFiles/__idf_hal.dir/uart_hal_iram.c.obj
2026-07-22T05:52:23.9388991Z [256/1630] Building C object esp-idf/hal/CMakeFiles/__idf_hal.dir/uart_hal.c.obj
2026-07-22T05:52:23.9598896Z [257/1630] Building C object esp-idf/hal/CMakeFiles/__idf_hal.dir/adc_oneshot_hal.c.obj
2026-07-22T05:52:24.0004897Z [258/1630] Building C object esp-idf/hal/CMakeFiles/__idf_hal.dir/adc_hal_common.c.obj
2026-07-22T05:52:24.0515911Z [259/1630] Building C object esp-idf/hal/CMakeFiles/__idf_hal.dir/spi_flash_hal.c.obj
2026-07-22T05:52:24.0820306Z [260/1630] Building C object esp-idf/hal/CMakeFiles/__idf_hal.dir/spi_flash_encrypt_hal_iram.c.obj
2026-07-22T05:52:24.1119908Z [261/1630] Building C object esp-idf/hal/CMakeFiles/__idf_hal.dir/systimer_hal.c.obj
2026-07-22T05:52:24.1126035Z [262/1630] Building C object esp-idf/hal/CMakeFiles/__idf_hal.dir/timer_hal.c.obj
2026-07-22T05:52:24.1479023Z [263/1630] Building C object esp-idf/hal/CMakeFiles/__idf_hal.dir/ledc_hal.c.obj
2026-07-22T05:52:24.1946970Z [264/1630] Building C object esp-idf/hal/CMakeFiles/__idf_hal.dir/ledc_hal_iram.c.obj
2026-07-22T05:52:24.2350431Z [265/1630] Building C object esp-idf/hal/CMakeFiles/__idf_hal.dir/spi_flash_hal_iram.c.obj
2026-07-22T05:52:24.2388438Z [266/1630] Building C object esp-idf/hal/CMakeFiles/__idf_hal.dir/i2c_hal_iram.c.obj
2026-07-22T05:52:24.2940574Z [267/1630] Building C object esp-idf/hal/CMakeFiles/__idf_hal.dir/pcnt_hal.c.obj
2026-07-22T05:52:24.3337512Z [268/1630] Building C object esp-idf/hal/CMakeFiles/__idf_hal.dir/rmt_hal.c.obj
2026-07-22T05:52:24.3384910Z [269/1630] Building C object esp-idf/hal/CMakeFiles/__idf_hal.dir/uhci_hal.c.obj
2026-07-22T05:52:24.3487122Z [270/1630] Building C object esp-idf/hal/CMakeFiles/__idf_hal.dir/i2c_hal.c.obj
2026-07-22T05:52:24.4131655Z [271/1630] Building C object esp-idf/hal/CMakeFiles/__idf_hal.dir/mcpwm_hal.c.obj
2026-07-22T05:52:24.4364793Z [272/1630] Building C object esp-idf/hal/CMakeFiles/__idf_hal.dir/gdma_hal.c.obj
2026-07-22T05:52:24.4625647Z [273/1630] Building C object esp-idf/hal/CMakeFiles/__idf_hal.dir/twai_hal_iram.c.obj
2026-07-22T05:52:24.4693027Z [274/1630] Performing configure step for 'bootloader'
2026-07-22T05:52:24.4693902Z -- Found Git: /usr/bin/git (found version "2.25.1")
2026-07-22T05:52:24.4694896Z -- The C compiler identification is GNU 12.2.0
2026-07-22T05:52:24.4695647Z -- The CXX compiler identification is GNU 12.2.0
2026-07-22T05:52:24.4696349Z -- The ASM compiler identification is GNU
2026-07-22T05:52:24.4697306Z -- Found assembler: /opt/esp/tools/xtensa-esp32s3-elf/esp-12.2.0_20250801/xtensa-esp32s3-elf/bin/xtensa-esp32s3-elf-gcc
2026-07-22T05:52:24.4698205Z -- Detecting C compiler ABI info
2026-07-22T05:52:24.4698638Z -- Detecting C compiler ABI info - done
2026-07-22T05:52:24.4699896Z -- Check for working C compiler: /opt/esp/tools/xtensa-esp32s3-elf/esp-12.2.0_20250801/xtensa-esp32s3-elf/bin/xtensa-esp32s3-elf-gcc - skipped
2026-07-22T05:52:24.4700966Z -- Detecting C compile features
2026-07-22T05:52:24.4701410Z -- Detecting C compile features - done
2026-07-22T05:52:24.4701877Z -- Detecting CXX compiler ABI info
2026-07-22T05:52:24.4702337Z -- Detecting CXX compiler ABI info - done
2026-07-22T05:52:24.4703394Z -- Check for working CXX compiler: /opt/esp/tools/xtensa-esp32s3-elf/esp-12.2.0_20250801/xtensa-esp32s3-elf/bin/xtensa-esp32s3-elf-g++ - skipped
2026-07-22T05:52:24.4704787Z -- Detecting CXX compile features
2026-07-22T05:52:24.4705244Z -- Detecting CXX compile features - done
2026-07-22T05:52:24.4705758Z -- Building ESP-IDF components for target esp32s3
2026-07-22T05:52:24.4706398Z -- Project sdkconfig file /__w/esp_pri/esp_pri/project/sdkconfig
2026-07-22T05:52:24.4707028Z Compiler supported targets: xtensa-esp32s3-elf
2026-07-22T05:52:24.4707392Z 
2026-07-22T05:52:24.4707561Z -- Looking for sys/types.h
2026-07-22T05:52:24.4707972Z -- Looking for sys/types.h - found
2026-07-22T05:52:24.4708385Z -- Looking for stdint.h
2026-07-22T05:52:24.4708750Z -- Looking for stdint.h - found
2026-07-22T05:52:24.4709132Z -- Looking for stddef.h
2026-07-22T05:52:24.4709757Z -- Looking for stddef.h - found
2026-07-22T05:52:24.4710182Z -- Check size of time_t
2026-07-22T05:52:24.4710536Z -- Check size of time_t - done
2026-07-22T05:52:24.4711172Z -- Adding linker script /opt/esp/idf/components/soc/esp32s3/ld/esp32s3.peripherals.ld
2026-07-22T05:52:24.4711934Z -- App "bootloader" version: v5.1.7-1-g4b1ae715b8
2026-07-22T05:52:24.4712626Z -- Adding linker script /opt/esp/idf/components/esp_rom/esp32s3/ld/esp32s3.rom.ld
2026-07-22T05:52:24.4713539Z -- Adding linker script /opt/esp/idf/components/esp_rom/esp32s3/ld/esp32s3.rom.api.ld
2026-07-22T05:52:24.4714516Z -- Adding linker script /opt/esp/idf/components/esp_rom/esp32s3/ld/esp32s3.rom.bt_funcs.ld
2026-07-22T05:52:24.4715824Z -- Adding linker script /opt/esp/idf/components/esp_rom/esp32s3/ld/esp32s3.rom.libgcc.ld
2026-07-22T05:52:24.4716847Z -- Adding linker script /opt/esp/idf/components/esp_rom/esp32s3/ld/esp32s3.rom.newlib.ld
2026-07-22T05:52:24.4717930Z -- Adding linker script /opt/esp/idf/components/bootloader/subproject/main/ld/esp32s3/bootloader.ld
2026-07-22T05:52:24.4719117Z -- Adding linker script /opt/esp/idf/components/bootloader/subproject/main/ld/esp32s3/bootloader.rom.ld
2026-07-22T05:52:24.4721787Z -- Components: bootloader bootloader_support efuse esp_app_format esp_common esp_hw_support esp_rom esp_system esptool_py freertos hal log main micro-ecc newlib partition_table soc spi_flash xtensa
2026-07-22T05:52:24.4727193Z -- Component paths: /opt/esp/idf/components/bootloader /opt/esp/idf/components/bootloader_support /opt/esp/idf/components/efuse /opt/esp/idf/components/esp_app_format /opt/esp/idf/components/esp_common /opt/esp/idf/components/esp_hw_support /opt/esp/idf/components/esp_rom /opt/esp/idf/components/esp_system /opt/esp/idf/components/esptool_py /opt/esp/idf/components/freertos /opt/esp/idf/components/hal /opt/esp/idf/components/log /opt/esp/idf/components/bootloader/subproject/main /opt/esp/idf/components/bootloader/subproject/components/micro-ecc /opt/esp/idf/components/newlib /opt/esp/idf/components/partition_table /opt/esp/idf/components/soc /opt/esp/idf/components/spi_flash /opt/esp/idf/components/xtensa
2026-07-22T05:52:24.4732023Z -- Configuring done (5.0s)
2026-07-22T05:52:24.4732450Z -- Generating done (0.1s)
2026-07-22T05:52:24.4733075Z -- Build files have been written to: /__w/esp_pri/esp_pri/project/build/bootloader
2026-07-22T05:52:24.4753850Z [275/1630] Building C object esp-idf/hal/CMakeFiles/__idf_hal.dir/twai_hal.c.obj
2026-07-22T05:52:24.5275726Z [276/1630] Building C object esp-idf/hal/CMakeFiles/__idf_hal.dir/sdm_hal.c.obj
2026-07-22T05:52:24.6270686Z [277/1630] Building C object esp-idf/hal/CMakeFiles/__idf_hal.dir/lcd_hal.c.obj
2026-07-22T05:52:24.8155824Z [278/1630] Building C object esp-idf/hal/CMakeFiles/__idf_hal.dir/aes_hal.c.obj
2026-07-22T05:52:24.8162776Z [279/1630] Building C object esp-idf/hal/CMakeFiles/__idf_hal.dir/brownout_hal.c.obj
2026-07-22T05:52:24.8810802Z [280/1630] Building C object esp-idf/hal/CMakeFiles/__idf_hal.dir/sha_hal.c.obj
2026-07-22T05:52:24.8980288Z [281/1630] Building C object esp-idf/hal/CMakeFiles/__idf_hal.dir/i2s_hal.c.obj
2026-07-22T05:52:24.9871802Z [282/1630] Building C object esp-idf/hal/CMakeFiles/__idf_hal.dir/adc_hal.c.obj
2026-07-22T05:52:25.2052195Z [283/1630] Building C object esp-idf/hal/CMakeFiles/__idf_hal.dir/spi_slave_hal.c.obj
2026-07-22T05:52:25.3021029Z [284/1630] Building C object esp-idf/hal/CMakeFiles/__idf_hal.dir/spi_slave_hal_iram.c.obj
2026-07-22T05:52:25.3190504Z [285/1630] Building C object esp-idf/hal/CMakeFiles/__idf_hal.dir/spi_hal.c.obj
2026-07-22T05:52:25.4000782Z [286/1630] Building C object esp-idf/hal/CMakeFiles/__idf_hal.dir/spi_hal_iram.c.obj
2026-07-22T05:52:25.4238936Z [287/1630] Building C object esp-idf/hal/CMakeFiles/__idf_hal.dir/hmac_hal.c.obj
2026-07-22T05:52:25.5465618Z [288/1630] Building C object esp-idf/hal/CMakeFiles/__idf_hal.dir/ds_hal.c.obj
2026-07-22T05:52:25.5781091Z [289/1630] Building C object esp-idf/hal/CMakeFiles/__idf_hal.dir/usb_serial_jtag_hal.c.obj
2026-07-22T05:52:25.6420490Z [290/1630] Building C object esp-idf/hal/CMakeFiles/__idf_hal.dir/usb_wrap_hal.c.obj
2026-07-22T05:52:25.7109043Z [291/1630] Building C object esp-idf/hal/CMakeFiles/__idf_hal.dir/spi_slave_hd_hal.c.obj
2026-07-22T05:52:25.9170964Z [292/1630] Building C object esp-idf/hal/CMakeFiles/__idf_hal.dir/touch_sensor_hal.c.obj
2026-07-22T05:52:25.9490543Z [293/1630] Building C object esp-idf/hal/CMakeFiles/__idf_hal.dir/xt_wdt_hal.c.obj
2026-07-22T05:52:25.9872685Z [294/1630] Building C object esp-idf/hal/CMakeFiles/__idf_hal.dir/usb_dwc_hal.c.obj
2026-07-22T05:52:26.0858853Z [295/1630] Building C object esp-idf/hal/CMakeFiles/__idf_hal.dir/spi_flash_hal_gpspi.c.obj
2026-07-22T05:52:26.2289692Z [296/1630] Building C object esp-idf/hal/CMakeFiles/__idf_hal.dir/esp32s3/touch_sensor_hal.c.obj
2026-07-22T05:52:26.2851818Z [297/1630] Building C object esp-idf/log/CMakeFiles/__idf_log.dir/log_buffers.c.obj
2026-07-22T05:52:26.3070823Z [298/1630] Building C object esp-idf/log/CMakeFiles/__idf_log.dir/log_freertos.c.obj
2026-07-22T05:52:26.3510596Z [299/1630] Building C object esp-idf/hal/CMakeFiles/__idf_hal.dir/esp32s3/rtc_cntl_hal.c.obj
2026-07-22T05:52:26.5250882Z [300/1630] Building C object esp-idf/heap/CMakeFiles/__idf_heap.dir/heap_caps_base.c.obj
2026-07-22T05:52:26.7609789Z [301/1630] Building C object esp-idf/heap/CMakeFiles/__idf_heap.dir/multi_heap.c.obj
2026-07-22T05:52:26.7655887Z [302/1630] Building C object esp-idf/heap/CMakeFiles/__idf_heap.dir/port/memory_layout_utils.c.obj
2026-07-22T05:52:26.7758078Z [303/1630] Building C object esp-idf/heap/CMakeFiles/__idf_heap.dir/heap_caps.c.obj
2026-07-22T05:52:26.8607235Z [304/1630] Building C object esp-idf/soc/CMakeFiles/__idf_soc.dir/dport_access_common.c.obj
2026-07-22T05:52:26.9260459Z [305/1630] Building C object esp-idf/soc/CMakeFiles/__idf_soc.dir/esp32s3/lcd_periph.c.obj
2026-07-22T05:52:26.9549212Z [306/1630] Building C object esp-idf/soc/CMakeFiles/__idf_soc.dir/lldesc.c.obj
2026-07-22T05:52:26.9678646Z [307/1630] Building C object esp-idf/heap/CMakeFiles/__idf_heap.dir/heap_caps_init.c.obj
2026-07-22T05:52:27.0901089Z [308/1630] Building C object esp-idf/heap/CMakeFiles/__idf_heap.dir/port/esp32s3/memory_layout.c.obj
2026-07-22T05:52:27.1415602Z [309/1630] Building C object esp-idf/soc/CMakeFiles/__idf_soc.dir/esp32s3/interrupts.c.obj
2026-07-22T05:52:27.1456541Z [310/1630] Building C object esp-idf/soc/CMakeFiles/__idf_soc.dir/esp32s3/uart_periph.c.obj
2026-07-22T05:52:27.1890715Z [311/1630] Building C object esp-idf/soc/CMakeFiles/__idf_soc.dir/esp32s3/gpio_periph.c.obj
2026-07-22T05:52:27.2420313Z [312/1630] Building C object esp-idf/soc/CMakeFiles/__idf_soc.dir/esp32s3/gdma_periph.c.obj
2026-07-22T05:52:27.2457044Z [313/1630] Building C object esp-idf/soc/CMakeFiles/__idf_soc.dir/esp32s3/adc_periph.c.obj
2026-07-22T05:52:27.3550562Z [314/1630] Building C object esp-idf/soc/CMakeFiles/__idf_soc.dir/esp32s3/dedic_gpio_periph.c.obj
2026-07-22T05:52:27.4183164Z [315/1630] Building C object esp-idf/soc/CMakeFiles/__idf_soc.dir/esp32s3/rmt_periph.c.obj
2026-07-22T05:52:27.4324676Z [316/1630] Building C object esp-idf/soc/CMakeFiles/__idf_soc.dir/esp32s3/spi_periph.c.obj
2026-07-22T05:52:27.4442226Z [317/1630] Building C object esp-idf/soc/CMakeFiles/__idf_soc.dir/esp32s3/pcnt_periph.c.obj
2026-07-22T05:52:27.4710244Z [318/1630] Building C object esp-idf/soc/CMakeFiles/__idf_soc.dir/esp32s3/ledc_periph.c.obj
2026-07-22T05:52:27.4834119Z [319/1630] Building C object esp-idf/soc/CMakeFiles/__idf_soc.dir/esp32s3/sdm_periph.c.obj
2026-07-22T05:52:27.4948385Z [320/1630] Building C object esp-idf/heap/CMakeFiles/__idf_heap.dir/tlsf/tlsf.c.obj
2026-07-22T05:52:27.5480081Z [321/1630] Building C object esp-idf/soc/CMakeFiles/__idf_soc.dir/esp32s3/temperature_sensor_periph.c.obj
2026-07-22T05:52:27.5910458Z [322/1630] Building C object esp-idf/soc/CMakeFiles/__idf_soc.dir/esp32s3/i2s_periph.c.obj
2026-07-22T05:52:27.6080320Z [323/1630] Building C object esp-idf/soc/CMakeFiles/__idf_soc.dir/esp32s3/i2c_periph.c.obj
2026-07-22T05:52:27.6979886Z [324/1630] Building C object esp-idf/soc/CMakeFiles/__idf_soc.dir/esp32s3/usb_periph.c.obj
2026-07-22T05:52:27.7002203Z [325/1630] Building C object esp-idf/soc/CMakeFiles/__idf_soc.dir/esp32s3/mcpwm_periph.c.obj
2026-07-22T05:52:27.7108423Z [326/1630] Building C object esp-idf/soc/CMakeFiles/__idf_soc.dir/esp32s3/sdmmc_periph.c.obj
2026-07-22T05:52:27.7119211Z [327/1630] Building C object esp-idf/soc/CMakeFiles/__idf_soc.dir/esp32s3/timer_periph.c.obj
2026-07-22T05:52:27.7519171Z [328/1630] Building C object esp-idf/soc/CMakeFiles/__idf_soc.dir/esp32s3/usb_dwc_periph.c.obj
2026-07-22T05:52:27.8016105Z [329/1630] Building C object esp-idf/soc/CMakeFiles/__idf_soc.dir/esp32s3/twai_periph.c.obj
2026-07-22T05:52:27.8057889Z [330/1630] Building C object esp-idf/soc/CMakeFiles/__idf_soc.dir/esp32s3/touch_sensor_periph.c.obj
2026-07-22T05:52:27.8800825Z [331/1630] Building C object esp-idf/soc/CMakeFiles/__idf_soc.dir/esp32s3/rtc_io_periph.c.obj
2026-07-22T05:52:27.9053503Z [332/1630] Building C object esp-idf/esp_hw_support/CMakeFiles/__idf_esp_hw_support.dir/port/esp32s3/cpu_region_protect.c.obj
2026-07-22T05:52:27.9485773Z [333/1630] Building C object esp-idf/esp_hw_support/CMakeFiles/__idf_esp_hw_support.dir/cpu.c.obj
2026-07-22T05:52:28.0341276Z [334/1630] Building C object esp-idf/esp_hw_support/CMakeFiles/__idf_esp_hw_support.dir/esp_memory_utils.c.obj
2026-07-22T05:52:28.0360980Z [335/1630] Building C object esp-idf/esp_hw_support/CMakeFiles/__idf_esp_hw_support.dir/port/esp32s3/esp_cpu_intr.c.obj
2026-07-22T05:52:28.0385498Z [336/1630] Building C object esp-idf/esp_hw_support/CMakeFiles/__idf_esp_hw_support.dir/hw_random.c.obj
2026-07-22T05:52:28.1910132Z [337/1630] Building C object esp-idf/esp_hw_support/CMakeFiles/__idf_esp_hw_support.dir/clk_ctrl_os.c.obj
2026-07-22T05:52:28.2170300Z [338/1630] Building C object esp-idf/esp_hw_support/CMakeFiles/__idf_esp_hw_support.dir/esp_clk.c.obj
2026-07-22T05:52:28.2317175Z [339/1630] Building C object esp-idf/esp_hw_support/CMakeFiles/__idf_esp_hw_support.dir/mac_addr.c.obj
2026-07-22T05:52:28.2837094Z [340/1630] Building C object esp-idf/esp_hw_support/CMakeFiles/__idf_esp_hw_support.dir/revision.c.obj
2026-07-22T05:52:28.3165239Z [341/1630] Building C object esp-idf/esp_hw_support/CMakeFiles/__idf_esp_hw_support.dir/periph_ctrl.c.obj
2026-07-22T05:52:28.3686847Z [342/1630] Building C object esp-idf/esp_hw_support/CMakeFiles/__idf_esp_hw_support.dir/intr_alloc.c.obj
2026-07-22T05:52:28.4378765Z [343/1630] Building C object esp-idf/esp_hw_support/CMakeFiles/__idf_esp_hw_support.dir/sleep_console.c.obj
2026-07-22T05:52:28.5680540Z [344/1630] Building C object esp-idf/esp_hw_support/CMakeFiles/__idf_esp_hw_support.dir/sleep_event.c.obj
2026-07-22T05:52:28.6055672Z [345/1630] Building C object esp-idf/esp_hw_support/CMakeFiles/__idf_esp_hw_support.dir/rtc_module.c.obj
2026-07-22T05:52:28.6415532Z [346/1630] Building C object esp-idf/esp_hw_support/CMakeFiles/__idf_esp_hw_support.dir/sleep_gpio.c.obj
2026-07-22T05:52:28.7005243Z [347/1630] Building C object esp-idf/esp_hw_support/CMakeFiles/__idf_esp_hw_support.dir/regi2c_ctrl.c.obj
2026-07-22T05:52:28.7448305Z [348/1630] Building C object esp-idf/esp_hw_support/CMakeFiles/__idf_esp_hw_support.dir/sleep_modem.c.obj
2026-07-22T05:52:28.7449950Z [349/1630] Performing build step for 'bootloader'
2026-07-22T05:52:28.7451318Z [1/112] Generating project_elf_src_esp32s3.c
2026-07-22T05:52:28.7452796Z [2/112] Building C object esp-idf/xtensa/CMakeFiles/__idf_xtensa.dir/eri.c.obj
2026-07-22T05:52:28.7454462Z [3/112] Building C object esp-idf/soc/CMakeFiles/__idf_soc.dir/dport_access_common.c.obj
2026-07-22T05:52:28.7456055Z [4/112] Building C object CMakeFiles/bootloader.elf.dir/project_elf_src_esp32s3.c.obj
2026-07-22T05:52:28.7457569Z [5/112] Building C object esp-idf/soc/CMakeFiles/__idf_soc.dir/esp32s3/gpio_periph.c.obj
2026-07-22T05:52:28.7459808Z [6/112] Building C object esp-idf/soc/CMakeFiles/__idf_soc.dir/esp32s3/interrupts.c.obj
2026-07-22T05:52:28.7461262Z [7/112] Building C object esp-idf/soc/CMakeFiles/__idf_soc.dir/lldesc.c.obj
2026-07-22T05:52:28.7463205Z [8/112] Building C object esp-idf/soc/CMakeFiles/__idf_soc.dir/esp32s3/adc_periph.c.obj
2026-07-22T05:52:28.7465129Z [9/112] Building C object esp-idf/soc/CMakeFiles/__idf_soc.dir/esp32s3/gdma_periph.c.obj
2026-07-22T05:52:28.7466965Z [10/112] Building C object esp-idf/soc/CMakeFiles/__idf_soc.dir/esp32s3/uart_periph.c.obj
2026-07-22T05:52:28.7468711Z [11/112] Building C object esp-idf/xtensa/CMakeFiles/__idf_xtensa.dir/xt_trax.c.obj
2026-07-22T05:52:28.7470775Z [12/112] Building C object esp-idf/soc/CMakeFiles/__idf_soc.dir/esp32s3/dedic_gpio_periph.c.obj
2026-07-22T05:52:28.7472793Z [13/112] Building C object esp-idf/soc/CMakeFiles/__idf_soc.dir/esp32s3/rmt_periph.c.obj
2026-07-22T05:52:28.7474589Z [14/112] Building C object esp-idf/soc/CMakeFiles/__idf_soc.dir/esp32s3/sdm_periph.c.obj
2026-07-22T05:52:28.7476286Z [15/112] Building C object esp-idf/soc/CMakeFiles/__idf_soc.dir/esp32s3/pcnt_periph.c.obj
2026-07-22T05:52:28.7478141Z [16/112] Building C object esp-idf/soc/CMakeFiles/__idf_soc.dir/esp32s3/spi_periph.c.obj
2026-07-22T05:52:28.7480306Z [17/112] Building C object esp-idf/soc/CMakeFiles/__idf_soc.dir/esp32s3/temperature_sensor_periph.c.obj
2026-07-22T05:52:28.7482228Z [18/112] Building C object esp-idf/soc/CMakeFiles/__idf_soc.dir/esp32s3/i2c_periph.c.obj
2026-07-22T05:52:28.7483997Z [19/112] Building C object esp-idf/soc/CMakeFiles/__idf_soc.dir/esp32s3/lcd_periph.c.obj
2026-07-22T05:52:28.7485895Z [20/112] Building C object esp-idf/soc/CMakeFiles/__idf_soc.dir/esp32s3/timer_periph.c.obj
2026-07-22T05:52:28.7487649Z [21/112] Building C object esp-idf/soc/CMakeFiles/__idf_soc.dir/esp32s3/ledc_periph.c.obj
2026-07-22T05:52:28.7489723Z [22/112] Building C object esp-idf/soc/CMakeFiles/__idf_soc.dir/esp32s3/twai_periph.c.obj
2026-07-22T05:52:28.7491955Z [23/112] Building C object esp-idf/soc/CMakeFiles/__idf_soc.dir/esp32s3/touch_sensor_periph.c.obj
2026-07-22T05:52:28.7493775Z [24/112] Building C object esp-idf/soc/CMakeFiles/__idf_soc.dir/esp32s3/sdmmc_periph.c.obj
2026-07-22T05:52:28.7495483Z [25/112] Building C object esp-idf/soc/CMakeFiles/__idf_soc.dir/esp32s3/i2s_periph.c.obj
2026-07-22T05:52:28.7497226Z [26/112] Building C object esp-idf/soc/CMakeFiles/__idf_soc.dir/esp32s3/mcpwm_periph.c.obj
2026-07-22T05:52:28.7499003Z [27/112] Building C object esp-idf/soc/CMakeFiles/__idf_soc.dir/esp32s3/usb_periph.c.obj
2026-07-22T05:52:28.7500786Z [28/112] Building C object esp-idf/soc/CMakeFiles/__idf_soc.dir/esp32s3/usb_dwc_periph.c.obj
2026-07-22T05:52:28.7502549Z [29/112] Building C object esp-idf/hal/CMakeFiles/__idf_hal.dir/mpu_hal.c.obj
2026-07-22T05:52:28.7504409Z [30/112] Building C object esp-idf/soc/CMakeFiles/__idf_soc.dir/esp32s3/rtc_io_periph.c.obj
2026-07-22T05:52:28.7506488Z [31/112] Building C object esp-idf/hal/CMakeFiles/__idf_hal.dir/efuse_hal.c.obj
2026-07-22T05:52:28.7508115Z [32/112] Building C object esp-idf/hal/CMakeFiles/__idf_hal.dir/esp32s3/efuse_hal.c.obj
2026-07-22T05:52:28.7509812Z [33/112] Building C object esp-idf/hal/CMakeFiles/__idf_hal.dir/mmu_hal.c.obj
2026-07-22T05:52:28.7511930Z [34/112] Building C object esp-idf/esp_app_format/CMakeFiles/__idf_esp_app_format.dir/esp_app_desc.c.obj
2026-07-22T05:52:28.7513354Z [35/112] Building C object esp-idf/hal/CMakeFiles/__idf_hal.dir/cache_hal.c.obj
2026-07-22T05:52:28.7515553Z [36/112] Building C object esp-idf/spi_flash/CMakeFiles/__idf_spi_flash.dir/spi_flash_wrap.c.obj
2026-07-22T05:52:28.7517647Z [37/112] Building C object esp-idf/bootloader_support/CMakeFiles/__idf_bootloader_support.dir/src/bootloader_clock_init.c.obj
2026-07-22T05:52:28.7519775Z [38/112] Building C object esp-idf/bootloader_support/CMakeFiles/__idf_bootloader_support.dir/src/bootloader_mem.c.obj
2026-07-22T05:52:28.7521725Z [39/112] Building C object esp-idf/bootloader_support/CMakeFiles/__idf_bootloader_support.dir/src/bootloader_random.c.obj
2026-07-22T05:52:28.7523600Z [40/112] Building C object esp-idf/bootloader_support/CMakeFiles/__idf_bootloader_support.dir/src/bootloader_random_esp32s3.c.obj
2026-07-22T05:52:28.7552309Z [41/112] Building C object esp-idf/bootloader_support/CMakeFiles/__idf_bootloader_support.dir/src/bootloader_common.c.obj
2026-07-22T05:52:28.7553972Z [42/112] Building C object esp-idf/bootloader_support/CMakeFiles/__idf_bootloader_support.dir/src/bootloader_efuse.c.obj
2026-07-22T05:52:28.7555696Z [43/112] Building C object esp-idf/bootloader_support/CMakeFiles/__idf_bootloader_support.dir/src/secure_boot.c.obj
2026-07-22T05:52:28.7557315Z [44/112] Building C object esp-idf/bootloader_support/CMakeFiles/__idf_bootloader_support.dir/src/bootloader_common_loader.c.obj
2026-07-22T05:52:28.7559018Z [45/112] Building C object esp-idf/bootloader_support/CMakeFiles/__idf_bootloader_support.dir/src/flash_encrypt.c.obj
2026-07-22T05:52:28.7561293Z [46/112] Building C object esp-idf/bootloader_support/CMakeFiles/__idf_bootloader_support.dir/bootloader_flash/src/flash_qio_mode.c.obj
2026-07-22T05:52:28.7563113Z [47/112] Building C object esp-idf/bootloader_support/CMakeFiles/__idf_bootloader_support.dir/src/flash_partitions.c.obj
2026-07-22T05:52:28.7564844Z [48/112] Building C object esp-idf/bootloader_support/CMakeFiles/__idf_bootloader_support.dir/bootloader_flash/src/bootloader_flash_config_esp32s3.c.obj
2026-07-22T05:52:28.7566781Z [49/112] Building C object esp-idf/bootloader_support/CMakeFiles/__idf_bootloader_support.dir/src/bootloader_clock_loader.c.obj
2026-07-22T05:52:28.7568490Z [50/112] Building C object esp-idf/bootloader_support/CMakeFiles/__idf_bootloader_support.dir/bootloader_flash/src/bootloader_flash.c.obj
2026-07-22T05:52:28.7570612Z [51/112] Building C object esp-idf/bootloader_support/CMakeFiles/__idf_bootloader_support.dir/src/bootloader_console_loader.c.obj
2026-07-22T05:52:28.7572316Z [52/112] Building C object esp-idf/bootloader_support/CMakeFiles/__idf_bootloader_support.dir/src/bootloader_console.c.obj
2026-07-22T05:52:28.7573966Z [53/112] Building C object esp-idf/bootloader_support/CMakeFiles/__idf_bootloader_support.dir/src/bootloader_init.c.obj
2026-07-22T05:52:28.7576558Z [54/112] Building C object esp-idf/bootloader_support/CMakeFiles/__idf_bootloader_support.dir/src/esp32s3/bootloader_sha.c.obj
2026-07-22T05:52:28.7578672Z [55/112] Building C object esp-idf/bootloader_support/CMakeFiles/__idf_bootloader_support.dir/src/esp32s3/bootloader_soc.c.obj
2026-07-22T05:52:28.7580943Z [56/112] Building C object esp-idf/bootloader_support/CMakeFiles/__idf_bootloader_support.dir/src/bootloader_utility.c.obj
2026-07-22T05:52:28.7582506Z [57/112] Building C object esp-idf/bootloader_support/CMakeFiles/__idf_bootloader_support.dir/src/esp_image_format.c.obj
2026-07-22T05:52:28.7584126Z [58/112] Building C object esp-idf/bootloader_support/CMakeFiles/__idf_bootloader_support.dir/src/bootloader_panic.c.obj
2026-07-22T05:52:28.7585520Z [59/112] Building C object esp-idf/efuse/CMakeFiles/__idf_efuse.dir/esp32s3/esp_efuse_table.c.obj
2026-07-22T05:52:28.7586940Z [60/112] Building C object esp-idf/micro-ecc/CMakeFiles/__idf_micro-ecc.dir/uECC_verify_antifault.c.obj
2026-07-22T05:52:28.7588377Z [61/112] Building C object esp-idf/efuse/CMakeFiles/__idf_efuse.dir/esp32s3/esp_efuse_fields.c.obj
2026-07-22T05:52:28.7589929Z [62/112] Building C object esp-idf/efuse/CMakeFiles/__idf_efuse.dir/src/esp_efuse_fields.c.obj
2026-07-22T05:52:28.7591363Z [63/112] Building C object esp-idf/bootloader_support/CMakeFiles/__idf_bootloader_support.dir/src/esp32s3/bootloader_esp32s3.c.obj
2026-07-22T05:52:28.7593162Z [64/112] Building C object esp-idf/efuse/CMakeFiles/__idf_efuse.dir/esp32s3/esp_efuse_rtc_calib.c.obj
2026-07-22T05:52:28.7594417Z [65/112] Building C object esp-idf/efuse/CMakeFiles/__idf_efuse.dir/esp32s3/esp_efuse_utility.c.obj
2026-07-22T05:52:28.7595770Z [66/112] Building C object esp-idf/esp_system/CMakeFiles/__idf_esp_system.dir/esp_err.c.obj
2026-07-22T05:52:28.7596958Z [67/112] Building C object esp-idf/esp_hw_support/CMakeFiles/__idf_esp_hw_support.dir/cpu.c.obj
2026-07-22T05:52:28.7598469Z [68/112] Building C object esp-idf/esp_hw_support/CMakeFiles/__idf_esp_hw_support.dir/port/esp32s3/esp_cpu_intr.c.obj
2026-07-22T05:52:28.7600030Z [69/112] Building C object esp-idf/efuse/CMakeFiles/__idf_efuse.dir/src/esp_efuse_api.c.obj
2026-07-22T05:52:28.7601433Z [70/112] Building C object esp-idf/esp_hw_support/CMakeFiles/__idf_esp_hw_support.dir/esp_memory_utils.c.obj
2026-07-22T05:52:28.7602873Z [71/112] Building C object esp-idf/esp_hw_support/CMakeFiles/__idf_esp_hw_support.dir/port/esp32s3/cpu_region_protect.c.obj
2026-07-22T05:52:28.7604575Z [72/112] Building C object esp-idf/efuse/CMakeFiles/__idf_efuse.dir/src/esp_efuse_utility.c.obj
2026-07-22T05:52:28.7606714Z [73/112] Building C object esp-idf/esp_hw_support/CMakeFiles/__idf_esp_hw_support.dir/port/esp32s3/rtc_clk_init.c.obj
2026-07-22T05:52:28.7608672Z [74/112] Building C object esp-idf/efuse/CMakeFiles/__idf_efuse.dir/src/efuse_controller/keys/with_key_purposes/esp_efuse_api_key.c.obj
2026-07-22T05:52:28.7612465Z [75/112] Building C object esp-idf/esp_hw_support/CMakeFiles/__idf_esp_hw_support.dir/port/esp32s3/rtc_sleep.c.obj
2026-07-22T05:52:28.7614052Z [76/112] Building C object esp-idf/esp_hw_support/CMakeFiles/__idf_esp_hw_support.dir/port/esp32s3/rtc_init.c.obj
2026-07-22T05:52:28.7615526Z [77/112] Building C object esp-idf/esp_hw_support/CMakeFiles/__idf_esp_hw_support.dir/port/esp32s3/chip_info.c.obj
2026-07-22T05:52:28.7616965Z [78/112] Building C object esp-idf/esp_rom/CMakeFiles/__idf_esp_rom.dir/patches/esp_rom_crc.c.obj
2026-07-22T05:52:28.7618265Z [79/112] Building C object esp-idf/esp_hw_support/CMakeFiles/__idf_esp_hw_support.dir/port/esp32s3/rtc_time.c.obj
2026-07-22T05:52:28.7620555Z [80/112] Building C object esp-idf/esp_rom/CMakeFiles/__idf_esp_rom.dir/patches/esp_rom_sys.c.obj
2026-07-22T05:52:28.7622138Z [81/112] Building C object esp-idf/esp_common/CMakeFiles/__idf_esp_common.dir/src/esp_err_to_name.c.obj
2026-07-22T05:52:28.7623680Z [82/112] Building C object esp-idf/esp_rom/CMakeFiles/__idf_esp_rom.dir/patches/esp_rom_gpio.c.obj
2026-07-22T05:52:28.7624913Z [83/112] Building C object esp-idf/esp_rom/CMakeFiles/__idf_esp_rom.dir/patches/esp_rom_efuse.c.obj
2026-07-22T05:52:28.7626275Z [84/112] Building ASM object esp-idf/esp_rom/CMakeFiles/__idf_esp_rom.dir/patches/esp_rom_longjmp.S.obj
2026-07-22T05:52:28.7627528Z [85/112] Building C object esp-idf/esp_rom/CMakeFiles/__idf_esp_rom.dir/patches/esp_rom_spiflash.c.obj
2026-07-22T05:52:28.7628891Z [86/112] Building C object esp-idf/esp_rom/CMakeFiles/__idf_esp_rom.dir/patches/esp_rom_uart.c.obj
2026-07-22T05:52:28.7630399Z [87/112] Building C object esp-idf/esp_rom/CMakeFiles/__idf_esp_rom.dir/patches/esp_rom_systimer.c.obj
2026-07-22T05:52:28.7631815Z [88/112] Building C object esp-idf/esp_rom/CMakeFiles/__idf_esp_rom.dir/patches/esp_rom_wdt.c.obj
2026-07-22T05:52:28.7633150Z [89/112] Building ASM object esp-idf/esp_rom/CMakeFiles/__idf_esp_rom.dir/patches/esp_rom_cache_writeback_esp32s3.S.obj
2026-07-22T05:52:28.7634790Z [90/112] Building C object esp-idf/esp_rom/CMakeFiles/__idf_esp_rom.dir/patches/esp_rom_cache_esp32s2_esp32s3.c.obj
2026-07-22T05:52:28.7636242Z [91/112] Building C object esp-idf/esp_hw_support/CMakeFiles/__idf_esp_hw_support.dir/port/esp32s3/rtc_clk.c.obj
2026-07-22T05:52:28.7637585Z [92/112] Building C object esp-idf/log/CMakeFiles/__idf_log.dir/log_noos.c.obj
2026-07-22T05:52:28.7638608Z [93/112] Building C object esp-idf/main/CMakeFiles/__idf_main.dir/bootloader_start.c.obj
2026-07-22T05:52:28.7640777Z [94/112] Building C object esp-idf/log/CMakeFiles/__idf_log.dir/log_buffers.c.obj
2026-07-22T05:52:28.7641796Z [95/112] Building C object esp-idf/log/CMakeFiles/__idf_log.dir/log.c.obj
2026-07-22T05:52:28.7643167Z [96/112] Linking C static library esp-idf/log/liblog.a
2026-07-22T05:52:28.7643961Z [97/112] Linking C static library esp-idf/esp_rom/libesp_rom.a
2026-07-22T05:52:28.7644636Z [98/112] Linking C static library esp-idf/esp_common/libesp_common.a
2026-07-22T05:52:28.7645417Z [99/112] Linking C static library esp-idf/esp_hw_support/libesp_hw_support.a
2026-07-22T05:52:28.7646172Z [100/112] Linking C static library esp-idf/esp_system/libesp_system.a
2026-07-22T05:52:28.7646836Z [101/112] Linking C static library esp-idf/efuse/libefuse.a
2026-07-22T05:52:28.7647586Z [102/112] Linking C static library esp-idf/bootloader_support/libbootloader_support.a
2026-07-22T05:52:28.7648429Z [103/112] Linking C static library esp-idf/esp_app_format/libesp_app_format.a
2026-07-22T05:52:28.7649178Z [104/112] Linking C static library esp-idf/spi_flash/libspi_flash.a
2026-07-22T05:52:28.7650119Z [105/112] Linking C static library esp-idf/hal/libhal.a
2026-07-22T05:52:28.7650742Z [106/112] Linking C static library esp-idf/micro-ecc/libmicro-ecc.a
2026-07-22T05:52:28.7651372Z [107/112] Linking C static library esp-idf/soc/libsoc.a
2026-07-22T05:52:28.7652512Z [108/112] Linking C static library esp-idf/xtensa/libxtensa.a
2026-07-22T05:52:28.7654740Z [109/112] Linking C static library esp-idf/main/libmain.a
2026-07-22T05:52:28.7656734Z [110/112] Linking C executable bootloader.elf
2026-07-22T05:52:28.7658857Z [111/112] Generating binary image from built executable
2026-07-22T05:52:28.7660368Z esptool.py v4.10.0
2026-07-22T05:52:28.7662288Z Creating esp32s3 image...
2026-07-22T05:52:28.7663700Z Merged 1 ELF section
2026-07-22T05:52:28.7664474Z Successfully created esp32s3 image.
2026-07-22T05:52:28.7665370Z Generated /__w/esp_pri/esp_pri/project/build/bootloader/bootloader.bin
2026-07-22T05:52:28.7667590Z [112/112] cd /__w/esp_pri/esp_pri/project/build/bootloader/esp-idf/esptool_py && /opt/esp/python_env/idf5.1_py3.8_env/bin/python /opt/esp/idf/components/partition_table/check_sizes.py --offset 0x8000 bootloader 0x0 /__w/esp_pri/esp_pri/project/build/bootloader/bootloader.bin
2026-07-22T05:52:28.7670112Z Bootloader binary size 0x5400 bytes. 0x2c00 bytes (34%) free.
2026-07-22T05:52:28.7670969Z [350/1630] No install step for 'bootloader'
2026-07-22T05:52:28.7732910Z [351/1630] Completed 'bootloader'
2026-07-22T05:52:28.7984043Z [352/1630] Building C object esp-idf/esp_hw_support/CMakeFiles/__idf_esp_hw_support.dir/esp_gpio_reserve.c.obj
2026-07-22T05:52:28.8645268Z [353/1630] Building C object esp-idf/esp_hw_support/CMakeFiles/__idf_esp_hw_support.dir/port/esp32s3/esp_clk_tree.c.obj
2026-07-22T05:52:28.8706592Z [354/1630] Building C object esp-idf/esp_hw_support/CMakeFiles/__idf_esp_hw_support.dir/sar_periph_ctrl_common.c.obj
2026-07-22T05:52:28.9732580Z [355/1630] Building C object esp-idf/esp_hw_support/CMakeFiles/__idf_esp_hw_support.dir/port/esp32s3/io_mux.c.obj
2026-07-22T05:52:29.0446040Z [356/1630] Building C object esp-idf/esp_hw_support/CMakeFiles/__idf_esp_hw_support.dir/port/esp_clk_tree_common.c.obj
2026-07-22T05:52:29.1087109Z [357/1630] Building C object esp-idf/esp_hw_support/CMakeFiles/__idf_esp_hw_support.dir/port/esp32s3/systimer.c.obj
2026-07-22T05:52:29.1088672Z [358/1630] Building C object esp-idf/esp_hw_support/CMakeFiles/__idf_esp_hw_support.dir/sleep_cpu.c.obj
2026-07-22T05:52:29.1135466Z [359/1630] Building C object esp-idf/esp_hw_support/CMakeFiles/__idf_esp_hw_support.dir/adc_share_hw_ctrl.c.obj
2026-07-22T05:52:29.1288667Z [360/1630] Building C object esp-idf/esp_hw_support/CMakeFiles/__idf_esp_hw_support.dir/sleep_modes.c.obj
2026-07-22T05:52:29.2315555Z [361/1630] Building C object esp-idf/esp_hw_support/CMakeFiles/__idf_esp_hw_support.dir/dma/async_memcpy_impl_gdma.c.obj
2026-07-22T05:52:29.3148348Z [362/1630] Building C object esp-idf/esp_hw_support/CMakeFiles/__idf_esp_hw_support.dir/esp_hmac.c.obj
2026-07-22T05:52:29.3596087Z [363/1630] Building C object esp-idf/esp_hw_support/CMakeFiles/__idf_esp_hw_support.dir/mspi_timing_tuning.c.obj
2026-07-22T05:52:29.4100035Z [364/1630] Building C object esp-idf/esp_hw_support/CMakeFiles/__idf_esp_hw_support.dir/esp_ds.c.obj
2026-07-22T05:52:29.4494329Z [365/1630] Building C object esp-idf/esp_hw_support/CMakeFiles/__idf_esp_hw_support.dir/dma/esp_async_memcpy.c.obj
2026-07-22T05:52:29.4524020Z [366/1630] Building C object esp-idf/esp_hw_support/CMakeFiles/__idf_esp_hw_support.dir/dma/gdma.c.obj
2026-07-22T05:52:29.5365763Z [367/1630] Building C object esp-idf/esp_hw_support/CMakeFiles/__idf_esp_hw_support.dir/port/esp32s3/mspi_timing_config.c.obj
2026-07-22T05:52:29.5910248Z [368/1630] Building C object esp-idf/esp_hw_support/CMakeFiles/__idf_esp_hw_support.dir/sleep_wake_stub.c.obj
2026-07-22T05:52:29.5953250Z [369/1630] Building C object esp-idf/esp_hw_support/CMakeFiles/__idf_esp_hw_support.dir/port/esp32s3/rtc_clk_init.c.obj
2026-07-22T05:52:29.6446114Z [370/1630] Building C object esp-idf/esp_hw_support/CMakeFiles/__idf_esp_hw_support.dir/port/esp32s3/rtc_sleep.c.obj
2026-07-22T05:52:29.6749653Z [371/1630] Building C object esp-idf/esp_hw_support/CMakeFiles/__idf_esp_hw_support.dir/port/esp32s3/esp_crypto_lock.c.obj
2026-07-22T05:52:29.6857632Z [372/1630] Building C object esp-idf/esp_hw_support/CMakeFiles/__idf_esp_hw_support.dir/port/esp32s3/chip_info.c.obj
2026-07-22T05:52:29.7612925Z [373/1630] Building C object esp-idf/esp_hw_support/CMakeFiles/__idf_esp_hw_support.dir/port/esp32s3/rtc_clk.c.obj
2026-07-22T05:52:29.8570201Z [374/1630] Building C object esp-idf/esp_hw_support/CMakeFiles/__idf_esp_hw_support.dir/port/esp_memprot_conv.c.obj
2026-07-22T05:52:29.8614445Z [375/1630] Building C object esp-idf/esp_hw_support/CMakeFiles/__idf_esp_hw_support.dir/port/esp32s3/rtc_time.c.obj
2026-07-22T05:52:29.8642655Z [376/1630] Building C object esp-idf/esp_hw_support/CMakeFiles/__idf_esp_hw_support.dir/port/esp32s3/rtc_init.c.obj
2026-07-22T05:52:29.9466695Z [377/1630] Building C object esp-idf/esp_hw_support/CMakeFiles/__idf_esp_hw_support.dir/port/esp32s3/sar_periph_ctrl.c.obj
2026-07-22T05:52:29.9849858Z [378/1630] Building C object esp-idf/freertos/CMakeFiles/__idf_freertos.dir/heap_idf.c.obj
2026-07-22T05:52:30.0880375Z [379/1630] Building C object esp-idf/freertos/CMakeFiles/__idf_freertos.dir/esp_additions/idf_additions.c.obj
2026-07-22T05:52:30.1049893Z [380/1630] Building C object esp-idf/freertos/CMakeFiles/__idf_freertos.dir/FreeRTOS-Kernel/list.c.obj
2026-07-22T05:52:30.1526138Z [381/1630] Building C object esp-idf/freertos/CMakeFiles/__idf_freertos.dir/FreeRTOS-Kernel/croutine.c.obj
2026-07-22T05:52:30.2299866Z [382/1630] Building C object esp-idf/freertos/CMakeFiles/__idf_freertos.dir/FreeRTOS-Kernel/queue.c.obj
2026-07-22T05:52:30.3589582Z [383/1630] Building C object esp-idf/freertos/CMakeFiles/__idf_freertos.dir/FreeRTOS-Kernel/event_groups.c.obj
2026-07-22T05:52:30.4115436Z [384/1630] Building C object esp-idf/esp_hw_support/CMakeFiles/__idf_esp_hw_support.dir/port/esp32s3/esp_memprot.c.obj
2026-07-22T05:52:30.4208755Z [385/1630] Building C object esp-idf/freertos/CMakeFiles/__idf_freertos.dir/FreeRTOS-Kernel/stream_buffer.c.obj
2026-07-22T05:52:30.4234977Z [386/1630] Building C object esp-idf/freertos/CMakeFiles/__idf_freertos.dir/FreeRTOS-openocd.c.obj
2026-07-22T05:52:30.4498058Z [387/1630] Building C object esp-idf/freertos/CMakeFiles/__idf_freertos.dir/FreeRTOS-Kernel/timers.c.obj
2026-07-22T05:52:30.5039931Z [388/1630] Building ASM object esp-idf/freertos/CMakeFiles/__idf_freertos.dir/FreeRTOS-Kernel/portable/xtensa/xtensa_context.S.obj
2026-07-22T05:52:30.5220767Z [389/1630] Building ASM object esp-idf/freertos/CMakeFiles/__idf_freertos.dir/FreeRTOS-Kernel/portable/xtensa/portasm.S.obj
2026-07-22T05:52:30.5974189Z [390/1630] Building C object esp-idf/freertos/CMakeFiles/__idf_freertos.dir/app_startup.c.obj
2026-07-22T05:52:30.6522376Z [391/1630] Building C object esp-idf/freertos/CMakeFiles/__idf_freertos.dir/esp_additions/freertos_v8_compat.c.obj
2026-07-22T05:52:30.6705778Z [392/1630] Building C object esp-idf/freertos/CMakeFiles/__idf_freertos.dir/FreeRTOS-Kernel/portable/xtensa/xtensa_init.c.obj
2026-07-22T05:52:30.7018675Z [393/1630] Building C object esp-idf/freertos/CMakeFiles/__idf_freertos.dir/port_common.c.obj
2026-07-22T05:52:30.7102070Z [394/1630] Building C object esp-idf/freertos/CMakeFiles/__idf_freertos.dir/FreeRTOS-Kernel/portable/xtensa/port.c.obj
2026-07-22T05:52:30.7286400Z [395/1630] Building ASM object esp-idf/freertos/CMakeFiles/__idf_freertos.dir/FreeRTOS-Kernel/portable/xtensa/xtensa_vectors.S.obj
2026-07-22T05:52:30.8170077Z [396/1630] Building C object esp-idf/newlib/CMakeFiles/__idf_newlib.dir/abort.c.obj
2026-07-22T05:52:30.8399731Z [397/1630] Building C object esp-idf/freertos/CMakeFiles/__idf_freertos.dir/FreeRTOS-Kernel/portable/xtensa/xtensa_overlay_os_hook.c.obj
2026-07-22T05:52:30.8444145Z [398/1630] Building C object esp-idf/freertos/CMakeFiles/__idf_freertos.dir/FreeRTOS-Kernel/portable/port_systick.c.obj
2026-07-22T05:52:30.8539771Z [399/1630] Building C object esp-idf/newlib/CMakeFiles/__idf_newlib.dir/assert.c.obj
2026-07-22T05:52:30.8738136Z [400/1630] Building C object esp-idf/newlib/CMakeFiles/__idf_newlib.dir/termios.c.obj
2026-07-22T05:52:30.9647762Z [401/1630] Building C object esp-idf/newlib/CMakeFiles/__idf_newlib.dir/pthread.c.obj
2026-07-22T05:52:30.9701332Z [402/1630] Building C object esp-idf/freertos/CMakeFiles/__idf_freertos.dir/FreeRTOS-Kernel/tasks.c.obj
2026-07-22T05:52:30.9894955Z [403/1630] Building C object esp-idf/newlib/CMakeFiles/__idf_newlib.dir/heap.c.obj
2026-07-22T05:52:30.9995839Z [404/1630] Building C object esp-idf/newlib/CMakeFiles/__idf_newlib.dir/poll.c.obj
2026-07-22T05:52:31.0451888Z [405/1630] Building C object esp-idf/newlib/CMakeFiles/__idf_newlib.dir/random.c.obj
2026-07-22T05:52:31.0735015Z [406/1630] Building C object esp-idf/newlib/CMakeFiles/__idf_newlib.dir/locks.c.obj
2026-07-22T05:52:31.1099681Z [407/1630] Building C object esp-idf/newlib/CMakeFiles/__idf_newlib.dir/reent_init.c.obj
2026-07-22T05:52:31.1326510Z [408/1630] Building C object esp-idf/newlib/CMakeFiles/__idf_newlib.dir/newlib_init.c.obj
2026-07-22T05:52:31.1730868Z [409/1630] Building C object esp-idf/newlib/CMakeFiles/__idf_newlib.dir/realpath.c.obj
2026-07-22T05:52:31.1814295Z [410/1630] Building C object esp-idf/newlib/CMakeFiles/__idf_newlib.dir/sysconf.c.obj
2026-07-22T05:52:31.2688529Z [411/1630] Building C object esp-idf/newlib/CMakeFiles/__idf_newlib.dir/time.c.obj
2026-07-22T05:52:31.3129481Z [412/1630] Building C object esp-idf/newlib/CMakeFiles/__idf_newlib.dir/port/esp_time_impl.c.obj
2026-07-22T05:52:31.3524721Z [413/1630] Building C object esp-idf/newlib/CMakeFiles/__idf_newlib.dir/stdatomic.c.obj
2026-07-22T05:52:31.4249091Z [414/1630] Building CXX object esp-idf/cxx/CMakeFiles/__idf_cxx.dir/cxx_exception_stubs.cpp.obj
2026-07-22T05:52:31.5527920Z [415/1630] Building C object esp-idf/esp_timer/CMakeFiles/__idf_esp_timer.dir/src/system_time.c.obj
2026-07-22T05:52:31.5665659Z [416/1630] Building C object esp-idf/esp_timer/CMakeFiles/__idf_esp_timer.dir/src/ets_timer_legacy.c.obj
2026-07-22T05:52:31.6230692Z [417/1630] Building C object esp-idf/esp_timer/CMakeFiles/__idf_esp_timer.dir/src/esp_timer.c.obj
2026-07-22T05:52:31.6348703Z [418/1630] Building C object esp-idf/esp_timer/CMakeFiles/__idf_esp_timer.dir/src/esp_timer_impl_systimer.c.obj
2026-07-22T05:52:31.7603931Z [419/1630] Building C object esp-idf/esp_event/CMakeFiles/__idf_esp_event.dir/default_event_loop.c.obj
2026-07-22T05:52:31.8229875Z [420/1630] Building C object esp-idf/esp_timer/CMakeFiles/__idf_esp_timer.dir/src/esp_timer_impl_common.c.obj
2026-07-22T05:52:31.8608689Z [421/1630] Building C object esp-idf/esp_event/CMakeFiles/__idf_esp_event.dir/esp_event_private.c.obj
2026-07-22T05:52:31.8652648Z [422/1630] Building C object esp-idf/esp_common/CMakeFiles/__idf_esp_common.dir/src/esp_err_to_name.c.obj
2026-07-22T05:52:31.8751440Z [423/1630] Building CXX object esp-idf/cxx/CMakeFiles/__idf_cxx.dir/cxx_guards.cpp.obj
2026-07-22T05:52:32.0758943Z [424/1630] Building C object esp-idf/esp_event/CMakeFiles/__idf_esp_event.dir/esp_event.c.obj
2026-07-22T05:52:33.8363694Z [425/1630] Building CXX object esp-idf/nvs_flash/CMakeFiles/__idf_nvs_flash.dir/src/nvs_item_hash_list.cpp.obj
2026-07-22T05:52:33.8882715Z [426/1630] Building CXX object esp-idf/nvs_flash/CMakeFiles/__idf_nvs_flash.dir/src/nvs_pagemanager.cpp.obj
2026-07-22T05:52:33.8888565Z [427/1630] Building CXX object esp-idf/nvs_flash/CMakeFiles/__idf_nvs_flash.dir/src/nvs_page.cpp.obj
2026-07-22T05:52:33.9111840Z [428/1630] Building CXX object esp-idf/nvs_flash/CMakeFiles/__idf_nvs_flash.dir/src/nvs_cxx_api.cpp.obj
2026-07-22T05:52:34.0610107Z [429/1630] Building CXX object esp-idf/nvs_flash/CMakeFiles/__idf_nvs_flash.dir/src/nvs_api.cpp.obj
2026-07-22T05:52:34.4820792Z [430/1630] Building CXX object esp-idf/nvs_flash/CMakeFiles/__idf_nvs_flash.dir/src/nvs_partition_lookup.cpp.obj
2026-07-22T05:52:34.5625344Z [431/1630] Building CXX object esp-idf/nvs_flash/CMakeFiles/__idf_nvs_flash.dir/src/nvs_storage.cpp.obj
2026-07-22T05:52:34.6041145Z [432/1630] Building CXX object esp-idf/nvs_flash/CMakeFiles/__idf_nvs_flash.dir/src/nvs_partition.cpp.obj
2026-07-22T05:52:34.8061596Z [433/1630] Building CXX object esp-idf/nvs_flash/CMakeFiles/__idf_nvs_flash.dir/src/nvs_platform.cpp.obj
2026-07-22T05:52:35.1111736Z [434/1630] Building C object esp-idf/esp_phy/CMakeFiles/__idf_esp_phy.dir/src/phy_override.c.obj
2026-07-22T05:52:35.1960961Z [435/1630] Building C object esp-idf/esp_phy/CMakeFiles/__idf_esp_phy.dir/src/phy_init.c.obj
2026-07-22T05:52:35.3808179Z [436/1630] Building C object esp-idf/esp_phy/CMakeFiles/__idf_esp_phy.dir/src/lib_printf.c.obj
2026-07-22T05:52:35.4699040Z [437/1630] Building C object esp-idf/esp_phy/CMakeFiles/__idf_esp_phy.dir/src/phy_common.c.obj
2026-07-22T05:52:35.6056634Z [438/1630] Building CXX object esp-idf/nvs_flash/CMakeFiles/__idf_nvs_flash.dir/src/nvs_handle_simple.cpp.obj
2026-07-22T05:52:35.6780229Z [439/1630] Building C object esp-idf/esp_phy/CMakeFiles/__idf_esp_phy.dir/src/btbb_init.c.obj
2026-07-22T05:52:35.7976372Z [440/1630] Building CXX object esp-idf/nvs_flash/CMakeFiles/__idf_nvs_flash.dir/src/nvs_handle_locked.cpp.obj
2026-07-22T05:52:35.9226209Z [441/1630] Building CXX object esp-idf/nvs_flash/CMakeFiles/__idf_nvs_flash.dir/src/nvs_partition_manager.cpp.obj
2026-07-22T05:52:35.9932769Z [442/1630] Building C object esp-idf/vfs/CMakeFiles/__idf_vfs.dir/vfs_eventfd.c.obj
2026-07-22T05:52:36.0699199Z [443/1630] Building C object esp-idf/vfs/CMakeFiles/__idf_vfs.dir/vfs_console.c.obj
2026-07-22T05:52:36.2024130Z [444/1630] Building C object esp-idf/vfs/CMakeFiles/__idf_vfs.dir/vfs_uart.c.obj
2026-07-22T05:52:36.2881424Z [445/1630] Building CXX object esp-idf/nvs_flash/CMakeFiles/__idf_nvs_flash.dir/src/nvs_types.cpp.obj
2026-07-22T05:52:36.3505996Z [446/1630] Building C object esp-idf/vfs/CMakeFiles/__idf_vfs.dir/vfs.c.obj
2026-07-22T05:52:36.3755892Z [447/1630] Building C object esp-idf/vfs/CMakeFiles/__idf_vfs.dir/vfs_semihost.c.obj
2026-07-22T05:52:36.4365778Z [448/1630] Building C object esp-idf/vfs/CMakeFiles/__idf_vfs.dir/vfs_usb_serial_jtag.c.obj
2026-07-22T05:52:36.4467840Z [449/1630] Building C object esp-idf/lwip/CMakeFiles/__idf_lwip.dir/lwip/src/api/api_lib.c.obj
2026-07-22T05:52:36.5610051Z [450/1630] Building C object esp-idf/lwip/CMakeFiles/__idf_lwip.dir/apps/sntp/sntp.c.obj
2026-07-22T05:52:36.5709738Z [451/1630] Building C object esp-idf/lwip/CMakeFiles/__idf_lwip.dir/lwip/src/api/if_api.c.obj
2026-07-22T05:52:36.7103867Z [452/1630] Building C object esp-idf/lwip/CMakeFiles/__idf_lwip.dir/lwip/src/api/err.c.obj
2026-07-22T05:52:36.7861250Z [453/1630] Building C object esp-idf/lwip/CMakeFiles/__idf_lwip.dir/lwip/src/api/netbuf.c.obj
2026-07-22T05:52:36.8820017Z [454/1630] Building C object esp-idf/lwip/CMakeFiles/__idf_lwip.dir/lwip/src/api/tcpip.c.obj
2026-07-22T05:52:36.9228331Z [455/1630] Building C object esp-idf/lwip/CMakeFiles/__idf_lwip.dir/lwip/src/api/netdb.c.obj
2026-07-22T05:52:36.9950426Z [456/1630] Building C object esp-idf/lwip/CMakeFiles/__idf_lwip.dir/lwip/src/api/netifapi.c.obj
2026-07-22T05:52:37.0835614Z [457/1630] Building C object esp-idf/lwip/CMakeFiles/__idf_lwip.dir/lwip/src/api/api_msg.c.obj
2026-07-22T05:52:37.1526635Z [458/1630] Building C object esp-idf/lwip/CMakeFiles/__idf_lwip.dir/lwip/src/core/def.c.obj
2026-07-22T05:52:37.1757089Z [459/1630] Building C object esp-idf/lwip/CMakeFiles/__idf_lwip.dir/lwip/src/apps/netbiosns/netbiosns.c.obj
2026-07-22T05:52:37.2970299Z [460/1630] Building C object esp-idf/lwip/CMakeFiles/__idf_lwip.dir/lwip/src/apps/sntp/sntp.c.obj
2026-07-22T05:52:37.3770459Z [461/1630] Building C object esp-idf/lwip/CMakeFiles/__idf_lwip.dir/lwip/src/core/init.c.obj
2026-07-22T05:52:37.4347129Z [462/1630] Building C object esp-idf/lwip/CMakeFiles/__idf_lwip.dir/lwip/src/core/ip.c.obj
2026-07-22T05:52:37.4404265Z [463/1630] Building C object esp-idf/lwip/CMakeFiles/__idf_lwip.dir/lwip/src/core/inet_chksum.c.obj
2026-07-22T05:52:37.4665651Z [464/1630] Building C object esp-idf/lwip/CMakeFiles/__idf_lwip.dir/lwip/src/api/sockets.c.obj
2026-07-22T05:52:37.6111673Z [465/1630] Building C object esp-idf/lwip/CMakeFiles/__idf_lwip.dir/lwip/src/core/mem.c.obj
2026-07-22T05:52:37.6343548Z [466/1630] Building C object esp-idf/lwip/CMakeFiles/__idf_lwip.dir/lwip/src/core/dns.c.obj
2026-07-22T05:52:37.7526988Z [467/1630] Building C object esp-idf/lwip/CMakeFiles/__idf_lwip.dir/lwip/src/core/memp.c.obj
2026-07-22T05:52:37.8196843Z [468/1630] Building C object esp-idf/lwip/CMakeFiles/__idf_lwip.dir/lwip/src/core/sys.c.obj
2026-07-22T05:52:37.8786026Z [469/1630] Building C object esp-idf/lwip/CMakeFiles/__idf_lwip.dir/lwip/src/core/netif.c.obj
2026-07-22T05:52:37.9123258Z [470/1630] Building C object esp-idf/lwip/CMakeFiles/__idf_lwip.dir/lwip/src/core/stats.c.obj
2026-07-22T05:52:37.9581378Z [471/1630] Building C object esp-idf/lwip/CMakeFiles/__idf_lwip.dir/lwip/src/core/pbuf.c.obj
2026-07-22T05:52:38.0111789Z [472/1630] Building C object esp-idf/lwip/CMakeFiles/__idf_lwip.dir/lwip/src/core/raw.c.obj
2026-07-22T05:52:38.1847736Z [473/1630] Building C object esp-idf/lwip/CMakeFiles/__idf_lwip.dir/lwip/src/core/timeouts.c.obj
2026-07-22T05:52:38.2860636Z [474/1630] Building C object esp-idf/lwip/CMakeFiles/__idf_lwip.dir/lwip/src/core/ipv4/autoip.c.obj
2026-07-22T05:52:38.3298775Z [475/1630] Building C object esp-idf/lwip/CMakeFiles/__idf_lwip.dir/lwip/src/core/udp.c.obj
2026-07-22T05:52:38.5151869Z [476/1630] Building C object esp-idf/lwip/CMakeFiles/__idf_lwip.dir/lwip/src/core/tcp_in.c.obj
2026-07-22T05:52:38.5355444Z [477/1630] Building C object esp-idf/lwip/CMakeFiles/__idf_lwip.dir/lwip/src/core/tcp.c.obj
2026-07-22T05:52:38.5805180Z [478/1630] Building C object esp-idf/lwip/CMakeFiles/__idf_lwip.dir/lwip/src/core/tcp_out.c.obj
2026-07-22T05:52:38.6152827Z [479/1630] Building C object esp-idf/lwip/CMakeFiles/__idf_lwip.dir/lwip/src/core/ipv4/etharp.c.obj
2026-07-22T05:52:38.7480498Z [480/1630] Building C object esp-idf/lwip/CMakeFiles/__idf_lwip.dir/lwip/src/core/ipv4/dhcp.c.obj
2026-07-22T05:52:38.7790518Z [481/1630] Building C object esp-idf/lwip/CMakeFiles/__idf_lwip.dir/lwip/src/core/ipv4/icmp.c.obj
2026-07-22T05:52:38.7971097Z [482/1630] Building C object esp-idf/lwip/CMakeFiles/__idf_lwip.dir/lwip/src/core/ipv4/ip4_napt.c.obj
2026-07-22T05:52:38.9110682Z [483/1630] Building C object esp-idf/lwip/CMakeFiles/__idf_lwip.dir/lwip/src/core/ipv4/igmp.c.obj
2026-07-22T05:52:38.9470407Z [484/1630] Building C object esp-idf/lwip/CMakeFiles/__idf_lwip.dir/lwip/src/core/ipv4/ip4.c.obj
2026-07-22T05:52:38.9736942Z [485/1630] Building C object esp-idf/lwip/CMakeFiles/__idf_lwip.dir/lwip/src/core/ipv4/ip4_addr.c.obj
2026-07-22T05:52:39.0407806Z [486/1630] Building C object esp-idf/lwip/CMakeFiles/__idf_lwip.dir/lwip/src/core/ipv4/ip4_frag.c.obj
2026-07-22T05:52:39.0921198Z [487/1630] Building C object esp-idf/lwip/CMakeFiles/__idf_lwip.dir/lwip/src/core/ipv6/dhcp6.c.obj
2026-07-22T05:52:39.1059981Z [488/1630] Building C object esp-idf/lwip/CMakeFiles/__idf_lwip.dir/lwip/src/core/ipv6/ethip6.c.obj
2026-07-22T05:52:39.2501287Z [489/1630] Building C object esp-idf/lwip/CMakeFiles/__idf_lwip.dir/lwip/src/core/ipv6/inet6.c.obj
2026-07-22T05:52:39.2588037Z [490/1630] Building C object esp-idf/lwip/CMakeFiles/__idf_lwip.dir/lwip/src/core/ipv6/icmp6.c.obj
2026-07-22T05:52:39.3090439Z [491/1630] Building C object esp-idf/lwip/CMakeFiles/__idf_lwip.dir/lwip/src/core/ipv6/ip6_addr.c.obj
2026-07-22T05:52:39.3472186Z [492/1630] Building C object esp-idf/lwip/CMakeFiles/__idf_lwip.dir/lwip/src/core/ipv6/ip6_frag.c.obj
2026-07-22T05:52:39.4900578Z [493/1630] Building C object esp-idf/lwip/CMakeFiles/__idf_lwip.dir/lwip/src/core/ipv6/ip6.c.obj
2026-07-22T05:52:39.5418482Z [494/1630] Building C object esp-idf/lwip/CMakeFiles/__idf_lwip.dir/lwip/src/netif/bridgeif.c.obj
2026-07-22T05:52:39.5569689Z [495/1630] Building C object esp-idf/lwip/CMakeFiles/__idf_lwip.dir/lwip/src/core/ipv6/mld6.c.obj
2026-07-22T05:52:39.6019585Z [496/1630] Building C object esp-idf/lwip/CMakeFiles/__idf_lwip.dir/lwip/src/netif/ethernet.c.obj
2026-07-22T05:52:39.6615701Z [497/1630] Building C object esp-idf/lwip/CMakeFiles/__idf_lwip.dir/lwip/src/netif/bridgeif_fdb.c.obj
2026-07-22T05:52:39.7687126Z [498/1630] Building C object esp-idf/lwip/CMakeFiles/__idf_lwip.dir/lwip/src/netif/ppp/ccp.c.obj
2026-07-22T05:52:39.8201078Z [499/1630] Building C object esp-idf/lwip/CMakeFiles/__idf_lwip.dir/lwip/src/netif/ppp/auth.c.obj
2026-07-22T05:52:39.8649179Z [500/1630] Building C object esp-idf/lwip/CMakeFiles/__idf_lwip.dir/lwip/src/netif/slipif.c.obj
2026-07-22T05:52:39.9798779Z [501/1630] Building C object esp-idf/lwip/CMakeFiles/__idf_lwip.dir/lwip/src/netif/ppp/chap_ms.c.obj
2026-07-22T05:52:39.9802133Z [502/1630] Building C object esp-idf/lwip/CMakeFiles/__idf_lwip.dir/lwip/src/netif/ppp/chap-md5.c.obj
2026-07-22T05:52:40.0441170Z [503/1630] Building C object esp-idf/lwip/CMakeFiles/__idf_lwip.dir/lwip/src/core/ipv6/nd6.c.obj
2026-07-22T05:52:40.0535984Z [504/1630] Building C object esp-idf/lwip/CMakeFiles/__idf_lwip.dir/lwip/src/netif/ppp/chap-new.c.obj
2026-07-22T05:52:40.1049266Z [505/1630] Building C object esp-idf/lwip/CMakeFiles/__idf_lwip.dir/lwip/src/netif/ppp/demand.c.obj
2026-07-22T05:52:40.1318742Z [506/1630] Building C object esp-idf/lwip/CMakeFiles/__idf_lwip.dir/lwip/src/netif/ppp/eap.c.obj
2026-07-22T05:52:40.2039547Z [507/1630] Building C object esp-idf/lwip/CMakeFiles/__idf_lwip.dir/lwip/src/netif/ppp/fsm.c.obj
2026-07-22T05:52:40.2569443Z [508/1630] Building C object esp-idf/lwip/CMakeFiles/__idf_lwip.dir/lwip/src/netif/ppp/ecp.c.obj
2026-07-22T05:52:40.2845422Z [509/1630] Building C object esp-idf/lwip/CMakeFiles/__idf_lwip.dir/lwip/src/netif/ppp/eui64.c.obj
2026-07-22T05:52:40.3115777Z [510/1630] Building C object esp-idf/lwip/CMakeFiles/__idf_lwip.dir/lwip/src/netif/ppp/ipcp.c.obj
2026-07-22T05:52:40.3630816Z [511/1630] Building C object esp-idf/lwip/CMakeFiles/__idf_lwip.dir/lwip/src/netif/ppp/ipv6cp.c.obj
2026-07-22T05:52:40.4370430Z [512/1630] Building C object esp-idf/lwip/CMakeFiles/__idf_lwip.dir/lwip/src/netif/ppp/mppe.c.obj
2026-07-22T05:52:40.4575810Z [513/1630] Building C object esp-idf/lwip/CMakeFiles/__idf_lwip.dir/lwip/src/netif/ppp/lcp.c.obj
2026-07-22T05:52:40.4933670Z [514/1630] Building C object esp-idf/lwip/CMakeFiles/__idf_lwip.dir/lwip/src/netif/ppp/multilink.c.obj
2026-07-22T05:52:40.5865592Z [515/1630] Building C object esp-idf/lwip/CMakeFiles/__idf_lwip.dir/lwip/src/netif/ppp/magic.c.obj
2026-07-22T05:52:40.5963454Z [516/1630] Building C object esp-idf/lwip/CMakeFiles/__idf_lwip.dir/lwip/src/netif/ppp/pppapi.c.obj
2026-07-22T05:52:40.6797715Z [517/1630] Building C object esp-idf/lwip/CMakeFiles/__idf_lwip.dir/lwip/src/netif/ppp/pppol2tp.c.obj
2026-07-22T05:52:40.6856068Z [518/1630] Building C object esp-idf/lwip/CMakeFiles/__idf_lwip.dir/lwip/src/netif/ppp/ppp.c.obj
2026-07-22T05:52:40.7449985Z [519/1630] Building C object esp-idf/lwip/CMakeFiles/__idf_lwip.dir/lwip/src/netif/ppp/pppcrypt.c.obj
2026-07-22T05:52:40.7468203Z [520/1630] Building C object esp-idf/lwip/CMakeFiles/__idf_lwip.dir/lwip/src/netif/ppp/pppoe.c.obj
2026-07-22T05:52:40.7700800Z [521/1630] Building C object esp-idf/lwip/CMakeFiles/__idf_lwip.dir/lwip/src/netif/ppp/pppos.c.obj
2026-07-22T05:52:40.8988443Z [522/1630] Building C object esp-idf/lwip/CMakeFiles/__idf_lwip.dir/lwip/src/netif/ppp/upap.c.obj
2026-07-22T05:52:40.9536134Z [523/1630] Building C object esp-idf/lwip/CMakeFiles/__idf_lwip.dir/lwip/src/netif/ppp/utils.c.obj
2026-07-22T05:52:40.9602445Z [524/1630] Building C object esp-idf/lwip/CMakeFiles/__idf_lwip.dir/port/hooks/lwip_default_hooks.c.obj
2026-07-22T05:52:40.9713929Z [525/1630] Building C object esp-idf/lwip/CMakeFiles/__idf_lwip.dir/lwip/src/netif/ppp/vj.c.obj
2026-07-22T05:52:41.0944341Z [526/1630] Building C object esp-idf/lwip/CMakeFiles/__idf_lwip.dir/port/hooks/tcp_isn_default.c.obj
2026-07-22T05:52:41.1370444Z [527/1630] Building C object esp-idf/lwip/CMakeFiles/__idf_lwip.dir/port/debug/lwip_debug.c.obj
2026-07-22T05:52:41.2212514Z [528/1630] Building C object esp-idf/lwip/CMakeFiles/__idf_lwip.dir/port/esp32xx/vfs_lwip.c.obj
2026-07-22T05:52:41.3076723Z [529/1630] Building C object esp-idf/lwip/CMakeFiles/__idf_lwip.dir/port/sockets_ext.c.obj
2026-07-22T05:52:41.3389735Z [530/1630] Building C object esp-idf/lwip/CMakeFiles/__idf_lwip.dir/port/freertos/sys_arch.c.obj
2026-07-22T05:52:41.3497957Z [531/1630] Building C object esp-idf/lwip/CMakeFiles/__idf_lwip.dir/apps/ping/esp_ping.c.obj
2026-07-22T05:52:41.4586003Z [532/1630] Building C object esp-idf/lwip/CMakeFiles/__idf_lwip.dir/apps/dhcpserver/dhcpserver.c.obj
2026-07-22T05:52:41.4795129Z [533/1630] Building C object esp-idf/lwip/CMakeFiles/__idf_lwip.dir/apps/ping/ping.c.obj
2026-07-22T05:52:41.5832247Z [534/1630] Building C object esp-idf/esp_netif/CMakeFiles/__idf_esp_netif.dir/esp_netif_defaults.c.obj
2026-07-22T05:52:41.6142613Z [535/1630] Building C object esp-idf/esp_netif/CMakeFiles/__idf_esp_netif.dir/esp_netif_handlers.c.obj
2026-07-22T05:52:41.6420987Z [536/1630] Building C object esp-idf/esp_netif/CMakeFiles/__idf_esp_netif.dir/lwip/esp_netif_sntp.c.obj
2026-07-22T05:52:41.6497449Z [537/1630] Building C object esp-idf/esp_netif/CMakeFiles/__idf_esp_netif.dir/esp_netif_objects.c.obj
2026-07-22T05:52:41.7100528Z [538/1630] Building C object esp-idf/lwip/CMakeFiles/__idf_lwip.dir/apps/ping/ping_sock.c.obj
2026-07-22T05:52:41.8971594Z [539/1630] Building C object esp-idf/esp_netif/CMakeFiles/__idf_esp_netif.dir/lwip/esp_netif_lwip_defaults.c.obj
2026-07-22T05:52:41.8993967Z [540/1630] Building C object esp-idf/esp_netif/CMakeFiles/__idf_esp_netif.dir/lwip/netif/wlanif.c.obj
2026-07-22T05:52:41.9151375Z [541/1630] Building C object esp-idf/esp_netif/CMakeFiles/__idf_esp_netif.dir/lwip/netif/ethernetif.c.obj
2026-07-22T05:52:41.9681208Z [542/1630] Building C object esp-idf/esp_netif/CMakeFiles/__idf_esp_netif.dir/lwip/netif/esp_pbuf_ref.c.obj
2026-07-22T05:52:42.1294605Z [543/1630] Building C object esp-idf/wpa_supplicant/CMakeFiles/__idf_wpa_supplicant.dir/port/eloop.c.obj
2026-07-22T05:52:42.1326555Z [544/1630] Building C object esp-idf/esp_netif/CMakeFiles/__idf_esp_netif.dir/lwip/esp_netif_lwip.c.obj
2026-07-22T05:52:42.1930513Z [545/1630] Building C object esp-idf/wpa_supplicant/CMakeFiles/__idf_wpa_supplicant.dir/port/os_xtensa.c.obj
2026-07-22T05:52:42.2972904Z [546/1630] Building C object esp-idf/wpa_supplicant/CMakeFiles/__idf_wpa_supplicant.dir/src/ap/ieee802_1x.c.obj
2026-07-22T05:52:42.3208423Z [547/1630] Building C object esp-idf/wpa_supplicant/CMakeFiles/__idf_wpa_supplicant.dir/src/ap/ap_config.c.obj
2026-07-22T05:52:42.4622101Z [548/1630] Building C object esp-idf/wpa_supplicant/CMakeFiles/__idf_wpa_supplicant.dir/src/ap/pmksa_cache_auth.c.obj
2026-07-22T05:52:42.5563838Z [549/1630] Building C object esp-idf/wpa_supplicant/CMakeFiles/__idf_wpa_supplicant.dir/src/ap/comeback_token.c.obj
2026-07-22T05:52:42.5911500Z [550/1630] Building C object esp-idf/wpa_supplicant/CMakeFiles/__idf_wpa_supplicant.dir/src/ap/wpa_auth_ie.c.obj
2026-07-22T05:52:42.6030574Z [551/1630] Building C object esp-idf/wpa_supplicant/CMakeFiles/__idf_wpa_supplicant.dir/src/ap/wpa_auth.c.obj
2026-07-22T05:52:42.6211988Z [552/1630] Building C object esp-idf/wpa_supplicant/CMakeFiles/__idf_wpa_supplicant.dir/src/ap/sta_info.c.obj
2026-07-22T05:52:42.6733735Z [553/1630] Building C object esp-idf/wpa_supplicant/CMakeFiles/__idf_wpa_supplicant.dir/src/ap/ieee802_11.c.obj
2026-07-22T05:52:42.8403947Z [554/1630] Building C object esp-idf/wpa_supplicant/CMakeFiles/__idf_wpa_supplicant.dir/src/utils/bitfield.c.obj
2026-07-22T05:52:42.8437294Z [555/1630] Building C object esp-idf/wpa_supplicant/CMakeFiles/__idf_wpa_supplicant.dir/src/crypto/aes-siv.c.obj
2026-07-22T05:52:42.9084183Z [556/1630] Building C object esp-idf/wpa_supplicant/CMakeFiles/__idf_wpa_supplicant.dir/src/crypto/sha256-kdf.c.obj
2026-07-22T05:52:42.9660775Z [557/1630] Building C object esp-idf/wpa_supplicant/CMakeFiles/__idf_wpa_supplicant.dir/src/common/dragonfly.c.obj
2026-07-22T05:52:43.1495679Z [558/1630] Building C object esp-idf/wpa_supplicant/CMakeFiles/__idf_wpa_supplicant.dir/src/crypto/aes-gcm.c.obj
2026-07-22T05:52:43.1903158Z [559/1630] Building C object esp-idf/wpa_supplicant/CMakeFiles/__idf_wpa_supplicant.dir/src/crypto/crypto_ops.c.obj
2026-07-22T05:52:43.1939656Z [560/1630] Building C object esp-idf/wpa_supplicant/CMakeFiles/__idf_wpa_supplicant.dir/src/common/wpa_common.c.obj
2026-07-22T05:52:43.2182106Z [561/1630] Building C object esp-idf/wpa_supplicant/CMakeFiles/__idf_wpa_supplicant.dir/src/crypto/ccmp.c.obj
2026-07-22T05:52:43.2337607Z [562/1630] Building C object esp-idf/wpa_supplicant/CMakeFiles/__idf_wpa_supplicant.dir/src/crypto/dh_group5.c.obj
2026-07-22T05:52:43.2720977Z [563/1630] Building C object esp-idf/wpa_supplicant/CMakeFiles/__idf_wpa_supplicant.dir/src/common/sae.c.obj
2026-07-22T05:52:43.4736585Z [564/1630] Building C object esp-idf/wpa_supplicant/CMakeFiles/__idf_wpa_supplicant.dir/src/crypto/sha1-tlsprf.c.obj
2026-07-22T05:52:43.4744945Z [565/1630] Building C object esp-idf/wpa_supplicant/CMakeFiles/__idf_wpa_supplicant.dir/src/crypto/dh_groups.c.obj
2026-07-22T05:52:43.4869003Z [566/1630] Building C object esp-idf/wpa_supplicant/CMakeFiles/__idf_wpa_supplicant.dir/src/crypto/ms_funcs.c.obj
2026-07-22T05:52:43.5068864Z [567/1630] Building C object esp-idf/wpa_supplicant/CMakeFiles/__idf_wpa_supplicant.dir/src/crypto/sha384-tlsprf.c.obj
2026-07-22T05:52:43.5456725Z [568/1630] Building C object esp-idf/wpa_supplicant/CMakeFiles/__idf_wpa_supplicant.dir/src/crypto/sha256-tlsprf.c.obj
2026-07-22T05:52:43.5524787Z [569/1630] Building C object esp-idf/wpa_supplicant/CMakeFiles/__idf_wpa_supplicant.dir/src/crypto/sha256-prf.c.obj
2026-07-22T05:52:43.7246062Z [570/1630] Building C object esp-idf/wpa_supplicant/CMakeFiles/__idf_wpa_supplicant.dir/src/crypto/sha1-prf.c.obj
2026-07-22T05:52:43.7712815Z [571/1630] Building C object esp-idf/wpa_supplicant/CMakeFiles/__idf_wpa_supplicant.dir/src/crypto/md4-internal.c.obj
2026-07-22T05:52:43.8096841Z [572/1630] Building C object esp-idf/wpa_supplicant/CMakeFiles/__idf_wpa_supplicant.dir/src/crypto/sha384-prf.c.obj
2026-07-22T05:52:43.8361618Z [573/1630] Building C object esp-idf/wpa_supplicant/CMakeFiles/__idf_wpa_supplicant.dir/src/crypto/sha1-tprf.c.obj
2026-07-22T05:52:43.8415896Z [574/1630] Building C object esp-idf/wpa_supplicant/CMakeFiles/__idf_wpa_supplicant.dir/src/eap_common/eap_wsc_common.c.obj
2026-07-22T05:52:43.8771480Z [575/1630] Building C object esp-idf/wpa_supplicant/CMakeFiles/__idf_wpa_supplicant.dir/src/common/ieee802_11_common.c.obj
2026-07-22T05:52:44.0380486Z [576/1630] Building C object esp-idf/wpa_supplicant/CMakeFiles/__idf_wpa_supplicant.dir/src/eap_peer/chap.c.obj
2026-07-22T05:52:44.0699909Z [577/1630] Building C object esp-idf/wpa_supplicant/CMakeFiles/__idf_wpa_supplicant.dir/src/eap_peer/eap_common.c.obj
2026-07-22T05:52:44.2064998Z [578/1630] Building C object esp-idf/wpa_supplicant/CMakeFiles/__idf_wpa_supplicant.dir/src/eap_peer/eap.c.obj
2026-07-22T05:52:44.2269936Z [579/1630] Building C object esp-idf/wpa_supplicant/CMakeFiles/__idf_wpa_supplicant.dir/src/eap_peer/eap_peap_common.c.obj
2026-07-22T05:52:44.2343157Z [580/1630] Building C object esp-idf/wpa_supplicant/CMakeFiles/__idf_wpa_supplicant.dir/src/eap_peer/eap_peap.c.obj
2026-07-22T05:52:44.3356558Z [581/1630] Building C object esp-idf/wpa_supplicant/CMakeFiles/__idf_wpa_supplicant.dir/src/eap_peer/eap_mschapv2.c.obj
2026-07-22T05:52:44.3522182Z [582/1630] Building C object esp-idf/wpa_supplicant/CMakeFiles/__idf_wpa_supplicant.dir/src/eap_peer/eap_tls.c.obj
2026-07-22T05:52:44.4369827Z [583/1630] Building C object esp-idf/wpa_supplicant/CMakeFiles/__idf_wpa_supplicant.dir/src/eap_peer/mschapv2.c.obj
2026-07-22T05:52:44.4450057Z [584/1630] Building C object esp-idf/wpa_supplicant/CMakeFiles/__idf_wpa_supplicant.dir/src/eap_peer/eap_tls_common.c.obj
2026-07-22T05:52:44.6637096Z [585/1630] Building C object esp-idf/wpa_supplicant/CMakeFiles/__idf_wpa_supplicant.dir/src/eap_peer/eap_ttls.c.obj
2026-07-22T05:52:44.7205698Z [586/1630] Building C object esp-idf/wpa_supplicant/CMakeFiles/__idf_wpa_supplicant.dir/src/eap_peer/eap_fast_common.c.obj
2026-07-22T05:52:44.7931183Z [587/1630] Building C object esp-idf/wpa_supplicant/CMakeFiles/__idf_wpa_supplicant.dir/src/rsn_supp/pmksa_cache.c.obj
2026-07-22T05:52:44.8711375Z [588/1630] Building C object esp-idf/wpa_supplicant/CMakeFiles/__idf_wpa_supplicant.dir/src/eap_peer/eap_fast_pac.c.obj
2026-07-22T05:52:44.9405594Z [589/1630] Building C object esp-idf/wpa_supplicant/CMakeFiles/__idf_wpa_supplicant.dir/src/rsn_supp/wpa_ie.c.obj
2026-07-22T05:52:45.0156845Z [590/1630] Building C object esp-idf/wpa_supplicant/CMakeFiles/__idf_wpa_supplicant.dir/src/utils/base64.c.obj
2026-07-22T05:52:45.1206108Z [591/1630] Building C object esp-idf/wpa_supplicant/CMakeFiles/__idf_wpa_supplicant.dir/src/eap_peer/eap_fast.c.obj
2026-07-22T05:52:45.1646385Z [592/1630] Building C object esp-idf/wpa_supplicant/CMakeFiles/__idf_wpa_supplicant.dir/src/utils/ext_password.c.obj
2026-07-22T05:52:45.1686531Z [593/1630] Building C object esp-idf/wpa_supplicant/CMakeFiles/__idf_wpa_supplicant.dir/src/utils/common.c.obj
2026-07-22T05:52:45.2531449Z [594/1630] Building C object esp-idf/wpa_supplicant/CMakeFiles/__idf_wpa_supplicant.dir/src/utils/uuid.c.obj
2026-07-22T05:52:45.2682195Z [595/1630] Building C object esp-idf/wpa_supplicant/CMakeFiles/__idf_wpa_supplicant.dir/src/rsn_supp/wpa.c.obj
2026-07-22T05:52:45.3298546Z [596/1630] Building C object esp-idf/wpa_supplicant/CMakeFiles/__idf_wpa_supplicant.dir/src/utils/wpabuf.c.obj
2026-07-22T05:52:45.3560087Z [597/1630] Building C object esp-idf/wpa_supplicant/CMakeFiles/__idf_wpa_supplicant.dir/src/utils/wpa_debug.c.obj
2026-07-22T05:52:45.4493305Z [598/1630] Building C object esp-idf/wpa_supplicant/CMakeFiles/__idf_wpa_supplicant.dir/src/utils/json.c.obj
2026-07-22T05:52:45.5968552Z [599/1630] Building C object esp-idf/wpa_supplicant/CMakeFiles/__idf_wpa_supplicant.dir/esp_supplicant/src/esp_wpa2_api_port.c.obj
2026-07-22T05:52:45.6052952Z [600/1630] Building C object esp-idf/wpa_supplicant/CMakeFiles/__idf_wpa_supplicant.dir/src/wps/wps_attr_process.c.obj
2026-07-22T05:52:45.6160064Z [601/1630] Building C object esp-idf/wpa_supplicant/CMakeFiles/__idf_wpa_supplicant.dir/src/wps/wps.c.obj
2026-07-22T05:52:45.6585405Z [602/1630] Building C object esp-idf/wpa_supplicant/CMakeFiles/__idf_wpa_supplicant.dir/src/wps/wps_attr_parse.c.obj
2026-07-22T05:52:45.6800632Z [603/1630] Building C object esp-idf/wpa_supplicant/CMakeFiles/__idf_wpa_supplicant.dir/src/wps/wps_attr_build.c.obj
2026-07-22T05:52:45.8310146Z [604/1630] Building C object esp-idf/wpa_supplicant/CMakeFiles/__idf_wpa_supplicant.dir/esp_supplicant/src/esp_wpas_glue.c.obj
2026-07-22T05:52:45.8388024Z [605/1630] Building C object esp-idf/wpa_supplicant/CMakeFiles/__idf_wpa_supplicant.dir/src/wps/wps_common.c.obj
2026-07-22T05:52:45.9296795Z [606/1630] Building C object esp-idf/wpa_supplicant/CMakeFiles/__idf_wpa_supplicant.dir/esp_supplicant/src/esp_wpa_main.c.obj
2026-07-22T05:52:45.9978438Z [607/1630] Building C object esp-idf/wpa_supplicant/CMakeFiles/__idf_wpa_supplicant.dir/esp_supplicant/src/esp_common.c.obj
2026-07-22T05:52:46.1148535Z [608/1630] Building C object esp-idf/wpa_supplicant/CMakeFiles/__idf_wpa_supplicant.dir/esp_supplicant/src/esp_wpa3.c.obj
2026-07-22T05:52:46.2081994Z [609/1630] Building C object esp-idf/wpa_supplicant/CMakeFiles/__idf_wpa_supplicant.dir/esp_supplicant/src/esp_owe.c.obj
2026-07-22T05:52:46.2270106Z [610/1630] Building C object esp-idf/wpa_supplicant/CMakeFiles/__idf_wpa_supplicant.dir/esp_supplicant/src/crypto/fastpbkdf2.c.obj
2026-07-22T05:52:46.2727423Z [611/1630] Building C object esp-idf/wpa_supplicant/CMakeFiles/__idf_wpa_supplicant.dir/esp_supplicant/src/esp_wps.c.obj
2026-07-22T05:52:46.3410095Z [612/1630] Building C object esp-idf/wpa_supplicant/CMakeFiles/__idf_wpa_supplicant.dir/esp_supplicant/src/esp_hostap.c.obj
2026-07-22T05:52:46.4781741Z [613/1630] Building C object esp-idf/wpa_supplicant/CMakeFiles/__idf_wpa_supplicant.dir/esp_supplicant/src/crypto/fastpsk.c.obj
2026-07-22T05:52:46.5380450Z [614/1630] Building C object esp-idf/wpa_supplicant/CMakeFiles/__idf_wpa_supplicant.dir/esp_supplicant/src/crypto/crypto_mbedtls-bignum.c.obj
2026-07-22T05:52:46.6300047Z [615/1630] Building C object esp-idf/wpa_supplicant/CMakeFiles/__idf_wpa_supplicant.dir/esp_supplicant/src/crypto/crypto_mbedtls.c.obj
2026-07-22T05:52:46.6582230Z [616/1630] Building C object esp-idf/wpa_supplicant/CMakeFiles/__idf_wpa_supplicant.dir/esp_supplicant/src/crypto/tls_mbedtls.c.obj
2026-07-22T05:52:46.7361058Z [617/1630] Building C object esp-idf/wpa_supplicant/CMakeFiles/__idf_wpa_supplicant.dir/esp_supplicant/src/crypto/crypto_mbedtls-rsa.c.obj
2026-07-22T05:52:46.7998271Z [618/1630] Building C object esp-idf/wpa_supplicant/CMakeFiles/__idf_wpa_supplicant.dir/src/crypto/des-internal.c.obj
2026-07-22T05:52:46.8306199Z [619/1630] Building C object esp-idf/wpa_supplicant/CMakeFiles/__idf_wpa_supplicant.dir/src/crypto/aes-wrap.c.obj
2026-07-22T05:52:46.8621501Z [620/1630] Building C object esp-idf/wpa_supplicant/CMakeFiles/__idf_wpa_supplicant.dir/src/crypto/rc4.c.obj
2026-07-22T05:52:46.8884372Z [621/1630] Building C object esp-idf/wpa_supplicant/CMakeFiles/__idf_wpa_supplicant.dir/esp_supplicant/src/crypto/crypto_mbedtls-ec.c.obj
2026-07-22T05:52:46.9057655Z [622/1630] Building C object esp-idf/esp_coex/CMakeFiles/__idf_esp_coex.dir/src/coexist_debug_diagram.c.obj
2026-07-22T05:52:46.9215223Z [623/1630] Building C object esp-idf/esp_coex/CMakeFiles/__idf_esp_coex.dir/src/coexist_debug.c.obj
2026-07-22T05:52:46.9313639Z [624/1630] Building C object esp-idf/wpa_supplicant/CMakeFiles/__idf_wpa_supplicant.dir/src/crypto/aes-unwrap.c.obj
2026-07-22T05:52:47.0640739Z [625/1630] Building C object esp-idf/esp_wifi/CMakeFiles/__idf_esp_wifi.dir/src/mesh_event.c.obj
2026-07-22T05:52:47.0759132Z [626/1630] Building C object esp-idf/esp_wifi/CMakeFiles/__idf_esp_wifi.dir/src/wifi_default_ap.c.obj
2026-07-22T05:52:47.1261386Z [627/1630] Building C object esp-idf/esp_coex/CMakeFiles/__idf_esp_coex.dir/esp32s3/esp_coex_adapter.c.obj
2026-07-22T05:52:47.1315514Z [628/1630] Building C object esp-idf/wpa_supplicant/CMakeFiles/__idf_wpa_supplicant.dir/src/crypto/aes-ccm.c.obj
2026-07-22T05:52:47.1749843Z [629/1630] Building C object esp-idf/esp_wifi/CMakeFiles/__idf_esp_wifi.dir/src/wifi_netif.c.obj
2026-07-22T05:52:47.2210663Z [630/1630] Building C object esp-idf/esp_wifi/CMakeFiles/__idf_esp_wifi.dir/src/smartconfig.c.obj
2026-07-22T05:52:47.3811059Z [631/1630] Building C object esp-idf/esp_gdbstub/CMakeFiles/__idf_esp_gdbstub.dir/src/packet.c.obj
2026-07-22T05:52:47.4090566Z [632/1630] Building C object esp-idf/esp_wifi/CMakeFiles/__idf_esp_wifi.dir/src/wifi_init.c.obj
2026-07-22T05:52:47.4543117Z [633/1630] Building C object esp-idf/esp_gdbstub/CMakeFiles/__idf_esp_gdbstub.dir/src/gdbstub.c.obj
2026-07-22T05:52:47.4624523Z [634/1630] Building C object esp-idf/esp_wifi/CMakeFiles/__idf_esp_wifi.dir/src/wifi_default.c.obj
2026-07-22T05:52:47.4835234Z [635/1630] Building C object esp-idf/esp_wifi/CMakeFiles/__idf_esp_wifi.dir/src/smartconfig_ack.c.obj
2026-07-22T05:52:47.5090770Z [636/1630] Building ASM object esp-idf/esp_gdbstub/CMakeFiles/__idf_esp_gdbstub.dir/src/port/xtensa/gdbstub-entry.S.obj
2026-07-22T05:52:47.5400434Z [637/1630] Building ASM object esp-idf/esp_gdbstub/CMakeFiles/__idf_esp_gdbstub.dir/src/port/xtensa/xt_debugexception.S.obj
2026-07-22T05:52:47.5420042Z [638/1630] Building C object esp-idf/esp_gdbstub/CMakeFiles/__idf_esp_gdbstub.dir/src/gdbstub_transport.c.obj
2026-07-22T05:52:47.5972814Z [639/1630] Building C object esp-idf/esp_gdbstub/CMakeFiles/__idf_esp_gdbstub.dir/src/port/xtensa/gdbstub_xtensa.c.obj
2026-07-22T05:52:47.6636683Z [640/1630] Building C object esp-idf/esp_wifi/CMakeFiles/__idf_esp_wifi.dir/esp32s3/esp_adapter.c.obj
2026-07-22T05:52:47.7098964Z [641/1630] Building C object esp-idf/esp-tls/CMakeFiles/__idf_esp-tls.dir/esp_tls_platform_port.c.obj
2026-07-22T05:52:47.7513531Z [642/1630] Building C object esp-idf/esp-tls/CMakeFiles/__idf_esp-tls.dir/esp-tls-crypto/esp_tls_crypto.c.obj
2026-07-22T05:52:47.9068068Z [643/1630] Building C object esp-idf/esp_adc/CMakeFiles/__idf_esp_adc.dir/adc_cali.c.obj
2026-07-22T05:52:47.9105597Z [644/1630] Building C object esp-idf/esp_adc/CMakeFiles/__idf_esp_adc.dir/adc_cali_curve_fitting.c.obj
2026-07-22T05:52:47.9126528Z [645/1630] Building C object esp-idf/esp-tls/CMakeFiles/__idf_esp-tls.dir/esp_tls_error_capture.c.obj
2026-07-22T05:52:48.1261271Z [646/1630] Building C object esp-idf/esp-tls/CMakeFiles/__idf_esp-tls.dir/esp_tls.c.obj
2026-07-22T05:52:48.1470370Z [647/1630] Building C object esp-idf/esp_adc/CMakeFiles/__idf_esp_adc.dir/adc_common.c.obj
2026-07-22T05:52:48.1711772Z [648/1630] Building C object esp-idf/esp_adc/CMakeFiles/__idf_esp_adc.dir/deprecated/esp_adc_cal_common_legacy.c.obj
2026-07-22T05:52:48.2305586Z [649/1630] Building C object esp-idf/esp-tls/CMakeFiles/__idf_esp-tls.dir/esp_tls_mbedtls.c.obj
2026-07-22T05:52:48.2958568Z [650/1630] Building C object esp-idf/esp_adc/CMakeFiles/__idf_esp_adc.dir/adc_oneshot.c.obj
2026-07-22T05:52:48.2965593Z [651/1630] Building C object esp-idf/http_parser/CMakeFiles/__idf_http_parser.dir/http_parser.c.obj
2026-07-22T05:52:48.3691288Z [652/1630] Building C object esp-idf/esp_adc/CMakeFiles/__idf_esp_adc.dir/esp32s3/curve_fitting_coefficients.c.obj
2026-07-22T05:52:48.3970810Z [653/1630] Building C object esp-idf/esp_adc/CMakeFiles/__idf_esp_adc.dir/deprecated/esp32s3/esp_adc_cal_legacy.c.obj
2026-07-22T05:52:48.4746188Z [654/1630] Building C object esp-idf/esp_adc/CMakeFiles/__idf_esp_adc.dir/adc_filter.c.obj
2026-07-22T05:52:48.6011487Z [655/1630] Building C object esp-idf/esp_eth/CMakeFiles/__idf_esp_eth.dir/src/esp_eth_netif_glue.c.obj
2026-07-22T05:52:48.6376612Z [656/1630] Building C object esp-idf/esp_adc/CMakeFiles/__idf_esp_adc.dir/adc_continuous.c.obj
2026-07-22T05:52:48.7866673Z [657/1630] Building C object esp-idf/esp_eth/CMakeFiles/__idf_esp_eth.dir/src/esp_eth.c.obj
2026-07-22T05:52:48.8215418Z [658/1630] Building C object esp-idf/esp_eth/CMakeFiles/__idf_esp_eth.dir/src/esp_eth_phy_802_3.c.obj
2026-07-22T05:52:48.9003043Z [659/1630] Building C object esp-idf/tcp_transport/CMakeFiles/__idf_tcp_transport.dir/transport.c.obj
2026-07-22T05:52:48.9385463Z [660/1630] Building C object esp-idf/tcp_transport/CMakeFiles/__idf_tcp_transport.dir/transport_internal.c.obj
2026-07-22T05:52:48.9579735Z [661/1630] Building C object esp-idf/tcp_transport/CMakeFiles/__idf_tcp_transport.dir/transport_socks_proxy.c.obj
2026-07-22T05:52:49.1276012Z [662/1630] Building C object esp-idf/esp_http_client/CMakeFiles/__idf_esp_http_client.dir/lib/http_header.c.obj
2026-07-22T05:52:49.1850979Z [663/1630] Building C object esp-idf/esp_http_client/CMakeFiles/__idf_esp_http_client.dir/lib/http_utils.c.obj
2026-07-22T05:52:49.1869027Z [664/1630] Building C object esp-idf/tcp_transport/CMakeFiles/__idf_tcp_transport.dir/transport_ssl.c.obj
2026-07-22T05:52:49.3780790Z [665/1630] Building C object esp-idf/esp_http_client/CMakeFiles/__idf_esp_http_client.dir/lib/http_auth.c.obj
2026-07-22T05:52:49.4891359Z [666/1630] Building C object esp-idf/tcp_transport/CMakeFiles/__idf_tcp_transport.dir/transport_ws.c.obj
2026-07-22T05:52:49.5720910Z [667/1630] Building C object esp-idf/esp_http_server/CMakeFiles/__idf_esp_http_server.dir/src/httpd_sess.c.obj
2026-07-22T05:52:49.6441195Z [668/1630] Building C object esp-idf/esp_http_client/CMakeFiles/__idf_esp_http_client.dir/esp_http_client.c.obj
2026-07-22T05:52:49.6569938Z [669/1630] Building C object esp-idf/esp_http_server/CMakeFiles/__idf_esp_http_server.dir/src/httpd_parse.c.obj
2026-07-22T05:52:49.6901215Z [670/1630] Building C object esp-idf/esp_http_server/CMakeFiles/__idf_esp_http_server.dir/src/httpd_main.c.obj
2026-07-22T05:52:49.8252732Z [671/1630] Building C object esp-idf/esp_http_server/CMakeFiles/__idf_esp_http_server.dir/src/httpd_ws.c.obj
2026-07-22T05:52:49.8699739Z [672/1630] Building C object esp-idf/esp_http_server/CMakeFiles/__idf_esp_http_server.dir/src/util/ctrl_sock.c.obj
2026-07-22T05:52:49.9176006Z [673/1630] Building C object esp-idf/esp_psram/CMakeFiles/__idf_esp_psram.dir/mmu_psram_flash.c.obj
2026-07-22T05:52:49.9635905Z [674/1630] Building C object esp-idf/esp_http_server/CMakeFiles/__idf_esp_http_server.dir/src/httpd_txrx.c.obj
2026-07-22T05:52:50.0331661Z [675/1630] Building C object esp-idf/ulp/CMakeFiles/__idf_ulp.dir/ulp_common/ulp_adc.c.obj
2026-07-22T05:52:50.0430775Z [676/1630] Building C object esp-idf/esp_psram/CMakeFiles/__idf_esp_psram.dir/esp_psram.c.obj
2026-07-22T05:52:50.0559180Z [677/1630] Building C object esp-idf/esp_http_server/CMakeFiles/__idf_esp_http_server.dir/src/httpd_uri.c.obj
2026-07-22T05:52:50.0679483Z [678/1630] Building C object esp-idf/esp_psram/CMakeFiles/__idf_esp_psram.dir/esp32s3/esp_psram_impl_octal.c.obj
2026-07-22T05:52:50.1141371Z [679/1630] Building C object esp-idf/ulp/CMakeFiles/__idf_ulp.dir/ulp_common/ulp_common.c.obj
2026-07-22T05:52:50.1215625Z [680/1630] Linking C static library esp-idf/ulp/libulp.a
2026-07-22T05:52:50.1220080Z [681/1630] Building C object esp-idf/esp_https_ota/CMakeFiles/__idf_esp_https_ota.dir/src/esp_https_ota.c.obj
2026-07-22T05:52:50.1292187Z [682/1630] Linking C static library esp-idf/esp_psram/libesp_psram.a
2026-07-22T05:52:50.1363797Z [683/1630] Linking C static library esp-idf/esp_https_ota/libesp_https_ota.a
2026-07-22T05:52:50.1473277Z [684/1630] Linking C static library esp-idf/esp_http_server/libesp_http_server.a
2026-07-22T05:52:50.1568025Z [685/1630] Linking C static library esp-idf/esp_http_client/libesp_http_client.a
2026-07-22T05:52:50.1668357Z [686/1630] Linking C static library esp-idf/tcp_transport/libtcp_transport.a
2026-07-22T05:52:50.1760031Z [687/1630] Linking C static library esp-idf/esp_eth/libesp_eth.a
2026-07-22T05:52:50.1869851Z [688/1630] Linking C static library esp-idf/esp_adc/libesp_adc.a
2026-07-22T05:52:50.1965187Z [689/1630] Linking C static library esp-idf/esp-tls/libesp-tls.a
2026-07-22T05:52:50.2042893Z [690/1630] Linking C static library esp-idf/http_parser/libhttp_parser.a
2026-07-22T05:52:50.2137251Z [691/1630] Linking C static library esp-idf/esp_gdbstub/libesp_gdbstub.a
2026-07-22T05:52:50.2247086Z [692/1630] Linking C static library esp-idf/esp_wifi/libesp_wifi.a
2026-07-22T05:52:50.2323216Z [693/1630] Linking C static library esp-idf/esp_coex/libesp_coex.a
2026-07-22T05:52:50.2925261Z [694/1630] Linking C static library esp-idf/wpa_supplicant/libwpa_supplicant.a
2026-07-22T05:52:50.3053019Z [695/1630] Linking C static library esp-idf/esp_netif/libesp_netif.a
2026-07-22T05:52:50.3558075Z [696/1630] Linking C static library esp-idf/lwip/liblwip.a
2026-07-22T05:52:50.3681503Z [697/1630] Linking C static library esp-idf/vfs/libvfs.a
2026-07-22T05:52:50.3771038Z [698/1630] Linking C static library esp-idf/esp_phy/libesp_phy.a
2026-07-22T05:52:50.3956891Z [699/1630] Linking C static library esp-idf/nvs_flash/libnvs_flash.a
2026-07-22T05:52:50.4041209Z [700/1630] Linking C static library esp-idf/esp_event/libesp_event.a
2026-07-22T05:52:50.4132319Z [701/1630] Linking C static library esp-idf/esp_timer/libesp_timer.a
2026-07-22T05:52:50.4199524Z [702/1630] Linking C static library esp-idf/esp_common/libesp_common.a
2026-07-22T05:52:50.4274831Z [703/1630] Linking C static library esp-idf/cxx/libcxx.a
2026-07-22T05:52:50.4407420Z [704/1630] Linking C static library esp-idf/newlib/libnewlib.a
2026-07-22T05:52:50.4586095Z [705/1630] Linking C static library esp-idf/freertos/libfreertos.a
2026-07-22T05:52:50.4889413Z [706/1630] Linking C static library esp-idf/esp_hw_support/libesp_hw_support.a
2026-07-22T05:52:50.5037101Z [707/1630] Linking C static library esp-idf/soc/libsoc.a
2026-07-22T05:52:50.5148121Z [708/1630] Linking C static library esp-idf/heap/libheap.a
2026-07-22T05:52:50.5225602Z [709/1630] Linking C static library esp-idf/log/liblog.a
2026-07-22T05:52:50.5552517Z [710/1630] Linking C static library esp-idf/hal/libhal.a
2026-07-22T05:52:50.5653277Z [711/1630] Linking C static library esp-idf/esp_rom/libesp_rom.a
2026-07-22T05:52:50.5888556Z [712/1630] Linking C static library esp-idf/esp_system/libesp_system.a
2026-07-22T05:52:50.5981096Z [713/1630] Linking C static library esp-idf/pthread/libpthread.a
2026-07-22T05:52:50.6152255Z [714/1630] Linking C static library esp-idf/spi_flash/libspi_flash.a
2026-07-22T05:52:50.6232921Z [715/1630] Linking C static library esp-idf/esp_mm/libesp_mm.a
2026-07-22T05:52:50.6308265Z [716/1630] Linking C static library esp-idf/app_update/libapp_update.a
2026-07-22T05:52:50.6382976Z [717/1630] Linking C static library esp-idf/esp_partition/libesp_partition.a
2026-07-22T05:52:50.6527596Z [718/1630] Linking C static library esp-idf/bootloader_support/libbootloader_support.a
2026-07-22T05:52:50.6595419Z [719/1630] Linking C static library esp-idf/esp_app_format/libesp_app_format.a
2026-07-22T05:52:50.6787656Z [720/1630] Linking CXX static library esp-idf/mbedtls/mbedtls/library/libmbedtls.a
2026-07-22T05:52:50.6920446Z [721/1630] Linking CXX static library esp-idf/mbedtls/mbedtls/library/libmbedx509.a
2026-07-22T05:52:50.7542463Z [722/1630] Linking CXX static library esp-idf/mbedtls/mbedtls/library/libmbedcrypto.a
2026-07-22T05:52:50.7615882Z [723/1630] Linking CXX static library esp-idf/mbedtls/mbedtls/3rdparty/p256-m/libp256m.a
2026-07-22T05:52:50.7688916Z [724/1630] Linking CXX static library esp-idf/mbedtls/mbedtls/3rdparty/everest/libeverest.a
2026-07-22T05:52:50.9061608Z [725/1630] Generating x509_crt_bundle
2026-07-22T05:52:51.0094818Z [726/1630] Generating ../../x509_crt_bundle.S
2026-07-22T05:52:51.0658924Z [727/1630] Building ASM object esp-idf/xtensa/CMakeFiles/__idf_xtensa.dir/xtensa_intr_asm.S.obj
2026-07-22T05:52:51.0660155Z [728/1630] Building C object esp-idf/xtensa/CMakeFiles/__idf_xtensa.dir/eri.c.obj
2026-07-22T05:52:51.1659098Z [729/1630] Building C object esp-idf/efuse/CMakeFiles/__idf_efuse.dir/esp32s3/esp_efuse_table.c.obj
2026-07-22T05:52:51.1672682Z [730/1630] Building C object esp-idf/xtensa/CMakeFiles/__idf_xtensa.dir/xt_trax.c.obj
2026-07-22T05:52:51.1810667Z [731/1630] Building C object esp-idf/xtensa/CMakeFiles/__idf_xtensa.dir/xtensa_intr.c.obj
2026-07-22T05:52:51.1917387Z [732/1630] Building C object esp-idf/efuse/CMakeFiles/__idf_efuse.dir/esp32s3/esp_efuse_fields.c.obj
2026-07-22T05:52:51.3123497Z [733/1630] Building C object esp-idf/efuse/CMakeFiles/__idf_efuse.dir/esp32s3/esp_efuse_rtc_calib.c.obj
2026-07-22T05:52:51.3432212Z [734/1630] Building C object esp-idf/efuse/CMakeFiles/__idf_efuse.dir/src/esp_efuse_fields.c.obj
2026-07-22T05:52:51.3742870Z [735/1630] Building C object esp-idf/efuse/CMakeFiles/__idf_efuse.dir/esp32s3/esp_efuse_utility.c.obj
2026-07-22T05:52:51.3796534Z [736/1630] Building C object esp-idf/efuse/CMakeFiles/__idf_efuse.dir/src/efuse_controller/keys/with_key_purposes/esp_efuse_api_key.c.obj
2026-07-22T05:52:51.4680662Z [737/1630] Building C object esp-idf/efuse/CMakeFiles/__idf_efuse.dir/src/esp_efuse_api.c.obj
2026-07-22T05:52:51.5413347Z [738/1630] Building C object esp-idf/efuse/CMakeFiles/__idf_efuse.dir/src/esp_efuse_utility.c.obj
2026-07-22T05:52:51.5815725Z [739/1630] Building C object esp-idf/driver/CMakeFiles/__idf_driver.dir/gpio/gpio_glitch_filter_ops.c.obj
2026-07-22T05:52:51.5896176Z [740/1630] Building C object esp-idf/esp_ringbuf/CMakeFiles/__idf_esp_ringbuf.dir/ringbuf.c.obj
2026-07-22T05:52:51.8108404Z [741/1630] Building C object esp-idf/driver/CMakeFiles/__idf_driver.dir/gpio/rtc_io.c.obj
2026-07-22T05:52:51.9010342Z [742/1630] Building C object esp-idf/driver/CMakeFiles/__idf_driver.dir/gpio/gpio_pin_glitch_filter.c.obj
2026-07-22T05:52:51.9161432Z [743/1630] Building C object esp-idf/driver/CMakeFiles/__idf_driver.dir/spi/spi_bus_lock.c.obj
2026-07-22T05:52:51.9200437Z [744/1630] Building C object esp-idf/driver/CMakeFiles/__idf_driver.dir/deprecated/adc_legacy.c.obj
2026-07-22T05:52:52.0452022Z [745/1630] Building C object esp-idf/driver/CMakeFiles/__idf_driver.dir/deprecated/adc_dma_legacy.c.obj
2026-07-22T05:52:52.1490177Z [746/1630] Building C object esp-idf/driver/CMakeFiles/__idf_driver.dir/gpio/gpio.c.obj
2026-07-22T05:52:52.1677801Z [747/1630] Building C object esp-idf/driver/CMakeFiles/__idf_driver.dir/gptimer/gptimer_priv.c.obj
2026-07-22T05:52:52.2860649Z [748/1630] Building C object esp-idf/driver/CMakeFiles/__idf_driver.dir/gpio/dedic_gpio.c.obj
2026-07-22T05:52:52.3791563Z [749/1630] Building C object esp-idf/driver/CMakeFiles/__idf_driver.dir/gptimer/gptimer.c.obj
2026-07-22T05:52:52.6011197Z [750/1630] Building C object esp-idf/driver/CMakeFiles/__idf_driver.dir/i2s/i2s_std.c.obj
2026-07-22T05:52:52.6512246Z [751/1630] Building C object esp-idf/driver/CMakeFiles/__idf_driver.dir/i2c/i2c.c.obj
2026-07-22T05:52:52.6700933Z [752/1630] Building C object esp-idf/driver/CMakeFiles/__idf_driver.dir/i2s/i2s_common.c.obj
2026-07-22T05:52:52.6776799Z [753/1630] Building C object esp-idf/driver/CMakeFiles/__idf_driver.dir/deprecated/timer_legacy.c.obj
2026-07-22T05:52:52.8990287Z [754/1630] Building C object esp-idf/driver/CMakeFiles/__idf_driver.dir/i2s/i2s_pdm.c.obj
2026-07-22T05:52:53.0741341Z [755/1630] Building C object esp-idf/driver/CMakeFiles/__idf_driver.dir/i2s/i2s_tdm.c.obj
2026-07-22T05:52:53.1190162Z [756/1630] Building C object esp-idf/driver/CMakeFiles/__idf_driver.dir/mcpwm/mcpwm_cap.c.obj
2026-07-22T05:52:53.1360309Z [757/1630] Building C object esp-idf/driver/CMakeFiles/__idf_driver.dir/mcpwm/mcpwm_cmpr.c.obj
2026-07-22T05:52:53.2185046Z [758/1630] Building C object esp-idf/driver/CMakeFiles/__idf_driver.dir/deprecated/i2s_legacy.c.obj
2026-07-22T05:52:53.3681016Z [759/1630] Building C object esp-idf/driver/CMakeFiles/__idf_driver.dir/mcpwm/mcpwm_fault.c.obj
2026-07-22T05:52:53.3747454Z [760/1630] Building C object esp-idf/driver/CMakeFiles/__idf_driver.dir/ledc/ledc.c.obj
2026-07-22T05:52:53.4454410Z [761/1630] Building C object esp-idf/driver/CMakeFiles/__idf_driver.dir/mcpwm/mcpwm_com.c.obj
2026-07-22T05:52:53.6191431Z [762/1630] Building C object esp-idf/driver/CMakeFiles/__idf_driver.dir/mcpwm/mcpwm_gen.c.obj
2026-07-22T05:52:53.6481717Z [763/1630] Building C object esp-idf/driver/CMakeFiles/__idf_driver.dir/mcpwm/mcpwm_timer.c.obj
2026-07-22T05:52:53.6791107Z [764/1630] Building C object esp-idf/driver/CMakeFiles/__idf_driver.dir/mcpwm/mcpwm_oper.c.obj
2026-07-22T05:52:53.8063294Z [765/1630] Building C object esp-idf/driver/CMakeFiles/__idf_driver.dir/mcpwm/mcpwm_sync.c.obj
2026-07-22T05:52:53.8450476Z [766/1630] Building C object esp-idf/driver/CMakeFiles/__idf_driver.dir/rmt/rmt_common.c.obj
2026-07-22T05:52:54.1052616Z [767/1630] Building C object esp-idf/driver/CMakeFiles/__idf_driver.dir/rmt/rmt_encoder.c.obj
2026-07-22T05:52:54.1727566Z [768/1630] Building C object esp-idf/driver/CMakeFiles/__idf_driver.dir/pcnt/pulse_cnt.c.obj
2026-07-22T05:52:54.1776363Z [769/1630] Building C object esp-idf/driver/CMakeFiles/__idf_driver.dir/deprecated/mcpwm_legacy.c.obj
2026-07-22T05:52:54.3436859Z [770/1630] Building C object esp-idf/driver/CMakeFiles/__idf_driver.dir/rmt/rmt_rx.c.obj
2026-07-22T05:52:54.3959835Z [771/1630] Building C object esp-idf/driver/CMakeFiles/__idf_driver.dir/deprecated/pcnt_legacy.c.obj
2026-07-22T05:52:54.5412869Z [772/1630] Building C object esp-idf/driver/CMakeFiles/__idf_driver.dir/sdmmc/sdmmc_transaction.c.obj
2026-07-22T05:52:54.5721185Z [773/1630] Building C object esp-idf/driver/CMakeFiles/__idf_driver.dir/sigma_delta/sdm.c.obj
2026-07-22T05:52:54.5984641Z [774/1630] Building C object esp-idf/driver/CMakeFiles/__idf_driver.dir/deprecated/sigma_delta_legacy.c.obj
2026-07-22T05:52:54.6034035Z [775/1630] Building C object esp-idf/driver/CMakeFiles/__idf_driver.dir/rmt/rmt_tx.c.obj
2026-07-22T05:52:54.6450213Z [776/1630] Building C object esp-idf/driver/CMakeFiles/__idf_driver.dir/spi/sdspi/sdspi_crc.c.obj
2026-07-22T05:52:54.8425862Z [777/1630] Building C object esp-idf/driver/CMakeFiles/__idf_driver.dir/spi/sdspi/sdspi_transaction.c.obj
2026-07-22T05:52:54.9384570Z [778/1630] Building C object esp-idf/driver/CMakeFiles/__idf_driver.dir/sdmmc/sdmmc_host.c.obj
2026-07-22T05:52:55.0912907Z [779/1630] Building C object esp-idf/driver/CMakeFiles/__idf_driver.dir/spi/gpspi/spi_master.c.obj
2026-07-22T05:52:55.1094719Z [780/1630] Building C object esp-idf/driver/CMakeFiles/__idf_driver.dir/spi/gpspi/spi_slave.c.obj
2026-07-22T05:52:55.2061200Z [781/1630] Building C object esp-idf/driver/CMakeFiles/__idf_driver.dir/spi/sdspi/sdspi_host.c.obj
2026-07-22T05:52:55.3224150Z [782/1630] Building C object esp-idf/driver/CMakeFiles/__idf_driver.dir/deprecated/rtc_temperature_legacy.c.obj
2026-07-22T05:52:55.3548222Z [783/1630] Building C object esp-idf/driver/CMakeFiles/__idf_driver.dir/temperature_sensor/temperature_sensor.c.obj
2026-07-22T05:52:55.3717854Z [784/1630] Building C object esp-idf/driver/CMakeFiles/__idf_driver.dir/deprecated/rmt_legacy.c.obj
2026-07-22T05:52:55.4230082Z [785/1630] Building C object esp-idf/driver/CMakeFiles/__idf_driver.dir/spi/gpspi/spi_common.c.obj
2026-07-22T05:52:55.4935052Z [786/1630] Building C object esp-idf/driver/CMakeFiles/__idf_driver.dir/spi/gpspi/spi_slave_hd.c.obj
2026-07-22T05:52:55.7941841Z [787/1630] Building C object esp-idf/driver/CMakeFiles/__idf_driver.dir/touch_sensor/touch_sensor_common.c.obj
2026-07-22T05:52:55.7993216Z [788/1630] Building C object esp-idf/driver/CMakeFiles/__idf_driver.dir/twai/twai.c.obj
2026-07-22T05:52:55.8222179Z [789/1630] Building C object esp-idf/driver/CMakeFiles/__idf_driver.dir/touch_sensor/esp32s3/touch_sensor.c.obj
2026-07-22T05:52:55.8333853Z [790/1630] Building C object esp-idf/driver/CMakeFiles/__idf_driver.dir/uart/uhci.c.obj
2026-07-22T05:52:55.8335052Z In file included from /opt/esp/idf/components/driver/uart/uhci.c:17:
2026-07-22T05:52:55.8336786Z /opt/esp/idf/components/driver/uart/include/esp_private/uhci.h:26:9: note: '#pragma message: Disclaimer: This header is intended for internal use and authorized users only.'
2026-07-22T05:52:55.8338509Z    26 | #pragma message("Disclaimer: This header is intended for internal use and authorized users only.")
2026-07-22T05:52:55.8339825Z       |         ^~~~~~~
2026-07-22T05:52:55.8341083Z /opt/esp/idf/components/driver/uart/include/esp_private/uhci.h:27:9: note: '#pragma message: Any use by unauthorized parties is at their own risk.'
2026-07-22T05:52:55.8342388Z    27 | #pragma message("Any use by unauthorized parties is at their own risk.")
2026-07-22T05:52:55.8343057Z       |         ^~~~~~~
2026-07-22T05:52:55.8344533Z /opt/esp/idf/components/driver/uart/include/esp_private/uhci.h:28:9: note: '#pragma message: This file is not maintained for this version; external bug reports or feature requests will NOT be accepted.'
2026-07-22T05:52:55.8346457Z    28 | #pragma message("This file is not maintained for this version; external bug reports or feature requests will NOT be accepted.")
2026-07-22T05:52:55.8347381Z       |         ^~~~~~~
2026-07-22T05:52:55.8348447Z /opt/esp/idf/components/driver/uart/include/esp_private/uhci.h:29:9: note: '#pragma message: For formal UHCI functionality, please upgrade to version v5.3 or later.'
2026-07-22T05:52:55.8350188Z    29 | #pragma message("For formal UHCI functionality, please upgrade to version v5.3 or later.")
2026-07-22T05:52:55.8350896Z       |         ^~~~~~~
2026-07-22T05:52:55.9036133Z [791/1630] Building C object esp-idf/driver/CMakeFiles/__idf_driver.dir/usb_serial_jtag/usb_serial_jtag.c.obj
2026-07-22T05:52:56.0580119Z [792/1630] Building C object esp-idf/esp_pm/CMakeFiles/__idf_esp_pm.dir/pm_trace.c.obj
2026-07-22T05:52:56.1129516Z [793/1630] Building C object esp-idf/esp_pm/CMakeFiles/__idf_esp_pm.dir/pm_locks.c.obj
2026-07-22T05:52:56.1244313Z [794/1630] Building C object esp-idf/driver/CMakeFiles/__idf_driver.dir/usb_serial_jtag/usb_serial_jtag_connection_monitor.c.obj
2026-07-22T05:52:56.1396024Z [795/1630] Building C object esp-idf/esp_pm/CMakeFiles/__idf_esp_pm.dir/pm_impl.c.obj
2026-07-22T05:52:56.1533843Z [796/1630] Building C object esp-idf/mbedtls/CMakeFiles/__idf_mbedtls.dir/esp_crt_bundle/esp_crt_bundle.c.obj
2026-07-22T05:52:56.2048149Z [797/1630] Building ASM object esp-idf/mbedtls/CMakeFiles/__idf_mbedtls.dir/__/__/x509_crt_bundle.S.obj
2026-07-22T05:52:56.2211878Z [798/1630] Linking C static library esp-idf/mbedtls/libmbedtls.a
2026-07-22T05:52:56.2384812Z [799/1630] Linking C static library esp-idf/esp_pm/libesp_pm.a
2026-07-22T05:52:56.3231011Z [800/1630] Building C object esp-idf/wifi_provisioning/CMakeFiles/__idf_wifi_provisioning.dir/src/wifi_config.c.obj
2026-07-22T05:52:56.3630291Z [801/1630] Building C object esp-idf/driver/CMakeFiles/__idf_driver.dir/uart/uart.c.obj
2026-07-22T05:52:56.3898540Z [802/1630] Building C object esp-idf/wifi_provisioning/CMakeFiles/__idf_wifi_provisioning.dir/src/wifi_ctrl.c.obj
2026-07-22T05:52:56.4018584Z [803/1630] Building C object esp-idf/wifi_provisioning/CMakeFiles/__idf_wifi_provisioning.dir/src/wifi_scan.c.obj
2026-07-22T05:52:56.4941215Z [804/1630] Building C object esp-idf/app_trace/CMakeFiles/__idf_app_trace.dir/app_trace_util.c.obj
2026-07-22T05:52:56.5307475Z [805/1630] Building C object esp-idf/app_trace/CMakeFiles/__idf_app_trace.dir/host_file_io.c.obj
2026-07-22T05:52:56.5511977Z [806/1630] Linking C static library esp-idf/driver/libdriver.a
2026-07-22T05:52:56.5896249Z [807/1630] Linking C static library esp-idf/efuse/libefuse.a
2026-07-22T05:52:56.6118029Z [808/1630] Linking C static library esp-idf/esp_ringbuf/libesp_ringbuf.a
2026-07-22T05:52:56.6328549Z [809/1630] Linking C static library esp-idf/xtensa/libxtensa.a
2026-07-22T05:52:56.6547688Z [810/1630] Building C object esp-idf/app_trace/CMakeFiles/__idf_app_trace.dir/port/port_uart.c.obj
2026-07-22T05:52:56.7401277Z [811/1630] Building C object esp-idf/app_trace/CMakeFiles/__idf_app_trace.dir/app_trace.c.obj
2026-07-22T05:52:56.7416086Z [812/1630] Building C object esp-idf/unity/CMakeFiles/__idf_unity.dir/unity_runner.c.obj
2026-07-22T05:52:56.7634792Z [813/1630] Linking C static library esp-idf/app_trace/libapp_trace.a
2026-07-22T05:52:56.8154652Z [814/1630] Building C object esp-idf/unity/CMakeFiles/__idf_unity.dir/unity_utils_cache.c.obj
2026-07-22T05:52:56.8561222Z [815/1630] Building C object esp-idf/wifi_provisioning/CMakeFiles/__idf_wifi_provisioning.dir/src/manager.c.obj
2026-07-22T05:52:56.8925515Z [816/1630] Building C object esp-idf/unity/CMakeFiles/__idf_unity.dir/unity_utils_freertos.c.obj
2026-07-22T05:52:56.8946937Z [817/1630] Building C object esp-idf/unity/CMakeFiles/__idf_unity.dir/unity/src/unity.c.obj
2026-07-22T05:52:56.9688992Z [818/1630] Building C object esp-idf/unity/CMakeFiles/__idf_unity.dir/unity_utils_memory.c.obj
2026-07-22T05:52:56.9693732Z [819/1630] Building C object esp-idf/unity/CMakeFiles/__idf_unity.dir/unity_port_esp32.c.obj
2026-07-22T05:52:57.0115396Z [820/1630] Building C object esp-idf/unity/CMakeFiles/__idf_unity.dir/port/esp/unity_utils_memory_esp.c.obj
2026-07-22T05:52:57.0453311Z [821/1630] Linking C static library esp-idf/unity/libunity.a
2026-07-22T05:52:57.0628170Z [822/1630] Building C object esp-idf/cmock/CMakeFiles/__idf_cmock.dir/CMock/src/cmock.c.obj
2026-07-22T05:52:57.0728908Z [823/1630] Linking C static library esp-idf/cmock/libcmock.a
2026-07-22T05:52:57.0907999Z [824/1630] Building C object esp-idf/console/CMakeFiles/__idf_console.dir/commands.c.obj
2026-07-22T05:52:57.1283167Z [825/1630] Building C object esp-idf/console/CMakeFiles/__idf_console.dir/split_argv.c.obj
2026-07-22T05:52:57.2197788Z [826/1630] Building C object esp-idf/console/CMakeFiles/__idf_console.dir/esp_console_repl.c.obj
2026-07-22T05:52:57.2218741Z [827/1630] Building C object esp-idf/console/CMakeFiles/__idf_console.dir/argtable3/arg_cmd.c.obj
2026-07-22T05:52:57.2704174Z [828/1630] Building C object esp-idf/console/CMakeFiles/__idf_console.dir/argtable3/arg_dbl.c.obj
2026-07-22T05:52:57.3053162Z [829/1630] Building C object esp-idf/console/CMakeFiles/__idf_console.dir/argtable3/arg_date.c.obj
2026-07-22T05:52:57.3428528Z [830/1630] Building C object esp-idf/console/CMakeFiles/__idf_console.dir/argtable3/arg_dstr.c.obj
2026-07-22T05:52:57.3855967Z [831/1630] Building C object esp-idf/console/CMakeFiles/__idf_console.dir/linenoise/linenoise.c.obj
2026-07-22T05:52:57.3857434Z [832/1630] Building C object esp-idf/console/CMakeFiles/__idf_console.dir/argtable3/arg_end.c.obj
2026-07-22T05:52:57.4438776Z [833/1630] Building C object esp-idf/console/CMakeFiles/__idf_console.dir/argtable3/arg_lit.c.obj
2026-07-22T05:52:57.4482918Z [834/1630] Building C object esp-idf/console/CMakeFiles/__idf_console.dir/argtable3/arg_int.c.obj
2026-07-22T05:52:57.4554194Z [835/1630] Building C object esp-idf/console/CMakeFiles/__idf_console.dir/argtable3/arg_file.c.obj
2026-07-22T05:52:57.5338524Z [836/1630] Building C object esp-idf/console/CMakeFiles/__idf_console.dir/argtable3/arg_rem.c.obj
2026-07-22T05:52:57.5633390Z [837/1630] Building C object esp-idf/console/CMakeFiles/__idf_console.dir/argtable3/arg_str.c.obj
2026-07-22T05:52:57.6038948Z [838/1630] Building C object esp-idf/console/CMakeFiles/__idf_console.dir/argtable3/arg_utils.c.obj
2026-07-22T05:52:57.6070909Z [839/1630] Building C object esp-idf/console/CMakeFiles/__idf_console.dir/argtable3/arg_hashtable.c.obj
2026-07-22T05:52:57.7363293Z [840/1630] Building C object esp-idf/esp_hid/CMakeFiles/__idf_esp_hid.dir/src/esp_hidd.c.obj
2026-07-22T05:52:57.7898671Z [841/1630] Building C object esp-idf/console/CMakeFiles/__idf_console.dir/argtable3/arg_rex.c.obj
2026-07-22T05:52:57.8250246Z [842/1630] Building C object esp-idf/esp_lcd/CMakeFiles/__idf_esp_lcd.dir/src/esp_lcd_panel_io.c.obj
2026-07-22T05:52:57.8328929Z [843/1630] Building C object esp-idf/esp_hid/CMakeFiles/__idf_esp_hid.dir/src/esp_hidh.c.obj
2026-07-22T05:52:57.8558396Z [844/1630] Building C object esp-idf/esp_hid/CMakeFiles/__idf_esp_hid.dir/src/esp_hid_common.c.obj
2026-07-22T05:52:57.8883167Z [845/1630] Linking C static library esp-idf/esp_hid/libesp_hid.a
2026-07-22T05:52:57.9248786Z [846/1630] Building C object esp-idf/console/CMakeFiles/__idf_console.dir/argtable3/argtable3.c.obj
2026-07-22T05:52:57.9797061Z [847/1630] Linking C static library esp-idf/console/libconsole.a
2026-07-22T05:52:58.0264393Z [848/1630] Building C object esp-idf/esp_lcd/CMakeFiles/__idf_esp_lcd.dir/src/esp_lcd_common.c.obj
2026-07-22T05:52:58.0518898Z [849/1630] Building C object esp-idf/esp_lcd/CMakeFiles/__idf_esp_lcd.dir/src/esp_lcd_panel_io_i2c.c.obj
2026-07-22T05:52:58.0990944Z [850/1630] Building C object esp-idf/esp_lcd/CMakeFiles/__idf_esp_lcd.dir/src/esp_lcd_panel_nt35510.c.obj
2026-07-22T05:52:58.1910359Z [851/1630] Building C object esp-idf/esp_lcd/CMakeFiles/__idf_esp_lcd.dir/src/esp_lcd_panel_st7789.c.obj
2026-07-22T05:52:58.2075544Z [852/1630] Building C object esp-idf/esp_lcd/CMakeFiles/__idf_esp_lcd.dir/src/esp_lcd_panel_io_spi.c.obj
2026-07-22T05:52:58.2219658Z [853/1630] Building C object esp-idf/esp_lcd/CMakeFiles/__idf_esp_lcd.dir/src/esp_lcd_panel_ssd1306.c.obj
2026-07-22T05:52:58.2857555Z [854/1630] Building C object esp-idf/esp_lcd/CMakeFiles/__idf_esp_lcd.dir/src/esp_lcd_panel_ops.c.obj
2026-07-22T05:52:58.5042852Z [855/1630] Building C object esp-idf/protocomm/CMakeFiles/__idf_protocomm.dir/src/security/security0.c.obj
2026-07-22T05:52:58.5246169Z [856/1630] Building C object esp-idf/esp_lcd/CMakeFiles/__idf_esp_lcd.dir/src/esp_lcd_panel_io_i80.c.obj
2026-07-22T05:52:58.5591570Z [857/1630] Building C object esp-idf/protocomm/CMakeFiles/__idf_protocomm.dir/src/common/protocomm.c.obj
2026-07-22T05:52:58.6172576Z [858/1630] Building C object esp-idf/protocomm/CMakeFiles/__idf_protocomm.dir/src/security/security1.c.obj
2026-07-22T05:52:58.6287347Z [859/1630] Building C object esp-idf/protocomm/CMakeFiles/__idf_protocomm.dir/proto-c/constants.pb-c.c.obj
2026-07-22T05:52:58.7189696Z [860/1630] Building C object esp-idf/protocomm/CMakeFiles/__idf_protocomm.dir/proto-c/sec0.pb-c.c.obj
2026-07-22T05:52:58.7365945Z [861/1630] Building C object esp-idf/protocomm/CMakeFiles/__idf_protocomm.dir/proto-c/sec1.pb-c.c.obj
2026-07-22T05:52:58.7990604Z [862/1630] Building C object esp-idf/protocomm/CMakeFiles/__idf_protocomm.dir/proto-c/session.pb-c.c.obj
2026-07-22T05:52:58.8380082Z [863/1630] Building C object esp-idf/protocomm/CMakeFiles/__idf_protocomm.dir/proto-c/sec2.pb-c.c.obj
2026-07-22T05:52:58.9385579Z [864/1630] Building C object esp-idf/esp_lcd/CMakeFiles/__idf_esp_lcd.dir/src/esp_lcd_panel_rgb.c.obj
2026-07-22T05:52:58.9585201Z [865/1630] Linking C static library esp-idf/esp_lcd/libesp_lcd.a
2026-07-22T05:52:59.0312325Z [866/1630] Building C object esp-idf/protocomm/CMakeFiles/__idf_protocomm.dir/src/crypto/srp6a/esp_srp_mpi.c.obj
2026-07-22T05:52:59.0556353Z [867/1630] Building C object esp-idf/protocomm/CMakeFiles/__idf_protocomm.dir/src/transports/protocomm_httpd.c.obj
2026-07-22T05:52:59.0668828Z [868/1630] Building C object esp-idf/protocomm/CMakeFiles/__idf_protocomm.dir/src/transports/protocomm_console.c.obj
2026-07-22T05:52:59.0978129Z [869/1630] Building C object esp-idf/protobuf-c/CMakeFiles/__idf_protobuf-c.dir/protobuf-c/protobuf-c/protobuf-c.c.obj
2026-07-22T05:52:59.1226804Z [870/1630] Linking C static library esp-idf/protobuf-c/libprotobuf-c.a
2026-07-22T05:52:59.2518077Z [871/1630] Building C object esp-idf/protocomm/CMakeFiles/__idf_protocomm.dir/src/security/security2.c.obj
2026-07-22T05:52:59.2750327Z [872/1630] Building C object esp-idf/esp_local_ctrl/CMakeFiles/__idf_esp_local_ctrl.dir/src/esp_local_ctrl_handler.c.obj
2026-07-22T05:52:59.3749029Z [873/1630] Building C object esp-idf/protocomm/CMakeFiles/__idf_protocomm.dir/src/crypto/srp6a/esp_srp.c.obj
2026-07-22T05:52:59.3948672Z [874/1630] Building C object esp-idf/esp_local_ctrl/CMakeFiles/__idf_esp_local_ctrl.dir/proto-c/esp_local_ctrl.pb-c.c.obj
2026-07-22T05:52:59.4065368Z [875/1630] Building C object esp-idf/esp_local_ctrl/CMakeFiles/__idf_esp_local_ctrl.dir/src/esp_local_ctrl.c.obj
2026-07-22T05:52:59.4110774Z [876/1630] Building C object esp-idf/esp_local_ctrl/CMakeFiles/__idf_esp_local_ctrl.dir/src/esp_local_ctrl_transport_httpd.c.obj
2026-07-22T05:52:59.4233366Z [877/1630] Linking C static library esp-idf/protocomm/libprotocomm.a
2026-07-22T05:52:59.4422557Z [878/1630] Building C object esp-idf/espcoredump/CMakeFiles/__idf_espcoredump.dir/src/core_dump_common.c.obj
2026-07-22T05:52:59.4607467Z [879/1630] Building C object esp-idf/espcoredump/CMakeFiles/__idf_espcoredump.dir/src/core_dump_sha.c.obj
2026-07-22T05:52:59.4736594Z [880/1630] Building C object esp-idf/espcoredump/CMakeFiles/__idf_espcoredump.dir/src/core_dump_crc.c.obj
2026-07-22T05:52:59.5700822Z [881/1630] Building C object esp-idf/espcoredump/CMakeFiles/__idf_espcoredump.dir/src/core_dump_uart.c.obj
2026-07-22T05:52:59.6486534Z [882/1630] Building C object esp-idf/espcoredump/CMakeFiles/__idf_espcoredump.dir/src/core_dump_elf.c.obj
2026-07-22T05:52:59.6491379Z [883/1630] Building CXX object esp-idf/wear_levelling/CMakeFiles/__idf_wear_levelling.dir/Partition.cpp.obj
2026-07-22T05:52:59.6838895Z [884/1630] Building C object esp-idf/espcoredump/CMakeFiles/__idf_espcoredump.dir/src/port/xtensa/core_dump_port.c.obj
2026-07-22T05:52:59.7050446Z [885/1630] Building C object esp-idf/espcoredump/CMakeFiles/__idf_espcoredump.dir/src/core_dump_flash.c.obj
2026-07-22T05:52:59.7104553Z [886/1630] Building C object esp-idf/espcoredump/CMakeFiles/__idf_espcoredump.dir/src/core_dump_binary.c.obj
2026-07-22T05:52:59.7224481Z [887/1630] Linking C static library esp-idf/espcoredump/libespcoredump.a
2026-07-22T05:52:59.7410914Z [888/1630] Building CXX object esp-idf/wear_levelling/CMakeFiles/__idf_wear_levelling.dir/crc32.cpp.obj
2026-07-22T05:52:59.8349906Z [889/1630] Building CXX object esp-idf/wear_levelling/CMakeFiles/__idf_wear_levelling.dir/SPI_Flash.cpp.obj
2026-07-22T05:52:59.8490281Z [890/1630] Building CXX object esp-idf/wear_levelling/CMakeFiles/__idf_wear_levelling.dir/WL_Ext_Perf.cpp.obj
2026-07-22T05:52:59.9217079Z [891/1630] Building CXX object esp-idf/wear_levelling/CMakeFiles/__idf_wear_levelling.dir/WL_Ext_Safe.cpp.obj
2026-07-22T05:52:59.9826673Z [892/1630] Building CXX object esp-idf/wear_levelling/CMakeFiles/__idf_wear_levelling.dir/wear_levelling.cpp.obj
2026-07-22T05:53:00.0895651Z [893/1630] Building C object esp-idf/sdmmc/CMakeFiles/__idf_sdmmc.dir/sdmmc_init.c.obj
2026-07-22T05:53:00.1902389Z [894/1630] Building C object esp-idf/sdmmc/CMakeFiles/__idf_sdmmc.dir/sdmmc_common.c.obj
2026-07-22T05:53:00.1962006Z [895/1630] Building C object esp-idf/sdmmc/CMakeFiles/__idf_sdmmc.dir/sdmmc_mmc.c.obj
2026-07-22T05:53:00.2615008Z [896/1630] Building C object esp-idf/sdmmc/CMakeFiles/__idf_sdmmc.dir/sdmmc_cmd.c.obj
2026-07-22T05:53:00.2792780Z [897/1630] Building C object esp-idf/sdmmc/CMakeFiles/__idf_sdmmc.dir/sdmmc_io.c.obj
2026-07-22T05:53:00.3601305Z [898/1630] Building CXX object esp-idf/wear_levelling/CMakeFiles/__idf_wear_levelling.dir/WL_Flash.cpp.obj
2026-07-22T05:53:00.3952490Z [899/1630] Linking C static library esp-idf/wear_levelling/libwear_levelling.a
2026-07-22T05:53:00.4224051Z [900/1630] Building C object esp-idf/fatfs/CMakeFiles/__idf_fatfs.dir/diskio/diskio_rawflash.c.obj
2026-07-22T05:53:00.4853053Z [901/1630] Building C object esp-idf/sdmmc/CMakeFiles/__idf_sdmmc.dir/sdmmc_sd.c.obj
2026-07-22T05:53:00.5042224Z [902/1630] Building C object esp-idf/fatfs/CMakeFiles/__idf_fatfs.dir/diskio/diskio_wl.c.obj
2026-07-22T05:53:00.5154759Z [903/1630] Linking C static library esp-idf/sdmmc/libsdmmc.a
2026-07-22T05:53:00.5512792Z [904/1630] Building C object esp-idf/fatfs/CMakeFiles/__idf_fatfs.dir/diskio/diskio.c.obj
2026-07-22T05:53:00.6136754Z [905/1630] Building C object esp-idf/fatfs/CMakeFiles/__idf_fatfs.dir/diskio/diskio_sdmmc.c.obj
2026-07-22T05:53:00.6689015Z [906/1630] Building C object esp-idf/fatfs/CMakeFiles/__idf_fatfs.dir/port/freertos/ffsystem.c.obj
2026-07-22T05:53:00.8793078Z [907/1630] Building C object esp-idf/fatfs/CMakeFiles/__idf_fatfs.dir/src/ffunicode.c.obj
2026-07-22T05:53:00.8933456Z [908/1630] Building C object esp-idf/fatfs/CMakeFiles/__idf_fatfs.dir/vfs/vfs_fat_spiflash.c.obj
2026-07-22T05:53:01.0768312Z [909/1630] Building C object esp-idf/fatfs/CMakeFiles/__idf_fatfs.dir/src/ff.c.obj
2026-07-22T05:53:01.0918076Z [910/1630] Building C object esp-idf/fatfs/CMakeFiles/__idf_fatfs.dir/vfs/vfs_fat_sdmmc.c.obj
2026-07-22T05:53:01.1362227Z [911/1630] Building C object esp-idf/fatfs/CMakeFiles/__idf_fatfs.dir/vfs/vfs_fat.c.obj
2026-07-22T05:53:01.1857133Z [912/1630] Linking C static library esp-idf/fatfs/libfatfs.a
2026-07-22T05:53:01.2344319Z [913/1630] Building C object esp-idf/json/CMakeFiles/__idf_json.dir/cJSON/cJSON_Utils.c.obj
2026-07-22T05:53:01.3015538Z [914/1630] Building C object esp-idf/mqtt/CMakeFiles/__idf_mqtt.dir/esp-mqtt/lib/mqtt_outbox.c.obj
2026-07-22T05:53:01.3166715Z [915/1630] Building C object esp-idf/json/CMakeFiles/__idf_json.dir/cJSON/cJSON.c.obj
2026-07-22T05:53:01.3417111Z [916/1630] Linking C static library esp-idf/json/libjson.a
2026-07-22T05:53:01.3579920Z [917/1630] Building C object esp-idf/mqtt/CMakeFiles/__idf_mqtt.dir/esp-mqtt/lib/platform_esp32_idf.c.obj
2026-07-22T05:53:01.4267075Z [918/1630] Building C object esp-idf/perfmon/CMakeFiles/__idf_perfmon.dir/xtensa_perfmon_access.c.obj
2026-07-22T05:53:01.4407639Z [919/1630] Building C object esp-idf/perfmon/CMakeFiles/__idf_perfmon.dir/xtensa_perfmon_masks.c.obj
2026-07-22T05:53:01.4458240Z [920/1630] Building C object esp-idf/perfmon/CMakeFiles/__idf_perfmon.dir/xtensa_perfmon_apis.c.obj
2026-07-22T05:53:01.4623044Z [921/1630] Building C object esp-idf/mqtt/CMakeFiles/__idf_mqtt.dir/esp-mqtt/lib/mqtt_msg.c.obj
2026-07-22T05:53:01.4714174Z [922/1630] Linking C static library esp-idf/perfmon/libperfmon.a
2026-07-22T05:53:01.5720570Z [923/1630] Building C object esp-idf/spiffs/CMakeFiles/__idf_spiffs.dir/spiffs_api.c.obj
2026-07-22T05:53:01.6500328Z [924/1630] Building C object esp-idf/spiffs/CMakeFiles/__idf_spiffs.dir/spiffs/src/spiffs_cache.c.obj
2026-07-22T05:53:01.8740516Z [925/1630] Building C object esp-idf/spiffs/CMakeFiles/__idf_spiffs.dir/spiffs/src/spiffs_check.c.obj
2026-07-22T05:53:01.8848193Z [926/1630] Building C object esp-idf/spiffs/CMakeFiles/__idf_spiffs.dir/spiffs/src/spiffs_gc.c.obj
2026-07-22T05:53:02.0055901Z [927/1630] Building C object esp-idf/spiffs/CMakeFiles/__idf_spiffs.dir/esp_spiffs.c.obj
2026-07-22T05:53:02.0620338Z [928/1630] Building C object esp-idf/spiffs/CMakeFiles/__idf_spiffs.dir/spiffs/src/spiffs_nucleus.c.obj
2026-07-22T05:53:02.0736754Z [929/1630] Building C object esp-idf/spiffs/CMakeFiles/__idf_spiffs.dir/spiffs/src/spiffs_hydrogen.c.obj
2026-07-22T05:53:02.0828180Z [930/1630] Building C object esp-idf/mqtt/CMakeFiles/__idf_mqtt.dir/esp-mqtt/mqtt_client.c.obj
2026-07-22T05:53:02.1100378Z [931/1630] Linking C static library esp-idf/mqtt/libmqtt.a
2026-07-22T05:53:02.1124811Z [932/1630] Linking C static library esp-idf/spiffs/libspiffs.a
2026-07-22T05:53:02.3168996Z [933/1630] Building C object esp-idf/touch_element/CMakeFiles/__idf_touch_element.dir/touch_button.c.obj
2026-07-22T05:53:02.4380349Z [934/1630] Building C object esp-idf/touch_element/CMakeFiles/__idf_touch_element.dir/touch_matrix.c.obj
2026-07-22T05:53:02.4576952Z [935/1630] Building C object esp-idf/touch_element/CMakeFiles/__idf_touch_element.dir/touch_slider.c.obj
2026-07-22T05:53:02.5891078Z [936/1630] Building C object esp-idf/touch_element/CMakeFiles/__idf_touch_element.dir/touch_element.c.obj
2026-07-22T05:53:02.6015023Z [937/1630] Building C object esp-idf/usb/CMakeFiles/__idf_usb.dir/hub.c.obj
2026-07-22T05:53:02.6057047Z [938/1630] Building C object esp-idf/usb/CMakeFiles/__idf_usb.dir/usb_host.c.obj
2026-07-22T05:53:02.6068728Z [939/1630] Building C object esp-idf/usb/CMakeFiles/__idf_usb.dir/usb_private.c.obj
2026-07-22T05:53:02.6155372Z [940/1630] Linking C static library esp-idf/touch_element/libtouch_element.a
2026-07-22T05:53:02.7048058Z [941/1630] Building C object esp-idf/usb/CMakeFiles/__idf_usb.dir/usb_helpers.c.obj
2026-07-22T05:53:02.8630208Z [942/1630] Building C object esp-idf/wifi_provisioning/CMakeFiles/__idf_wifi_provisioning.dir/src/scheme_console.c.obj
2026-07-22T05:53:02.9708748Z [943/1630] Building C object esp-idf/wifi_provisioning/CMakeFiles/__idf_wifi_provisioning.dir/proto-c/wifi_config.pb-c.c.obj
2026-07-22T05:53:02.9745491Z [944/1630] Building C object esp-idf/wifi_provisioning/CMakeFiles/__idf_wifi_provisioning.dir/src/handlers.c.obj
2026-07-22T05:53:02.9786725Z [945/1630] Building C object esp-idf/usb/CMakeFiles/__idf_usb.dir/usb_phy.c.obj
2026-07-22T05:53:03.0650258Z [946/1630] Building C object esp-idf/wifi_provisioning/CMakeFiles/__idf_wifi_provisioning.dir/proto-c/wifi_scan.pb-c.c.obj
2026-07-22T05:53:03.1225655Z [947/1630] Building C object esp-idf/wifi_provisioning/CMakeFiles/__idf_wifi_provisioning.dir/proto-c/wifi_constants.pb-c.c.obj
2026-07-22T05:53:03.1375297Z [948/1630] Building C object esp-idf/usb/CMakeFiles/__idf_usb.dir/hcd_dwc.c.obj
2026-07-22T05:53:03.1625463Z [949/1630] Building C object esp-idf/wifi_provisioning/CMakeFiles/__idf_wifi_provisioning.dir/proto-c/wifi_ctrl.pb-c.c.obj
2026-07-22T05:53:03.1664122Z [950/1630] Building C object esp-idf/usb/CMakeFiles/__idf_usb.dir/usbh.c.obj
2026-07-22T05:53:03.2072657Z [951/1630] Linking C static library esp-idf/usb/libusb.a
2026-07-22T05:53:03.2293040Z [952/1630] Building C object esp-idf/wifi_provisioning/CMakeFiles/__idf_wifi_provisioning.dir/src/scheme_softap.c.obj
2026-07-22T05:53:03.2549684Z [953/1630] Linking C static library esp-idf/wifi_provisioning/libwifi_provisioning.a
2026-07-22T05:53:03.2870075Z [954/1630] Building C object esp-idf/espressif__network_provisioning/CMakeFiles/__idf_espressif__network_provisioning.dir/src/network_ctrl.c.obj
2026-07-22T05:53:03.4285956Z [955/1630] Building C object esp-idf/espressif__network_provisioning/CMakeFiles/__idf_espressif__network_provisioning.dir/src/network_config.c.obj
2026-07-22T05:53:03.4439705Z [956/1630] Building C object esp-idf/espressif__network_provisioning/CMakeFiles/__idf_espressif__network_provisioning.dir/src/network_scan.c.obj
2026-07-22T05:53:03.4816110Z [957/1630] Building C object esp-idf/espressif__network_provisioning/CMakeFiles/__idf_espressif__network_provisioning.dir/src/scheme_console.c.obj
2026-07-22T05:53:03.5381005Z [958/1630] Building C object esp-idf/espressif__network_provisioning/CMakeFiles/__idf_espressif__network_provisioning.dir/proto-c/network_constants.pb-c.c.obj
2026-07-22T05:53:03.5636887Z [959/1630] Building C object esp-idf/espressif__network_provisioning/CMakeFiles/__idf_espressif__network_provisioning.dir/proto-c/network_config.pb-c.c.obj
2026-07-22T05:53:03.6161336Z [960/1630] Building C object esp-idf/espressif__network_provisioning/CMakeFiles/__idf_espressif__network_provisioning.dir/src/handlers.c.obj
2026-07-22T05:53:03.6778906Z [961/1630] Building C object esp-idf/chmorgan__esp-libhelix-mp3/CMakeFiles/__idf_chmorgan__esp-libhelix-mp3.dir/libhelix-mp3/mp3tabs.c.obj
2026-07-22T05:53:03.7178363Z [962/1630] Building C object esp-idf/chmorgan__esp-libhelix-mp3/CMakeFiles/__idf_chmorgan__esp-libhelix-mp3.dir/libhelix-mp3/mp3dec.c.obj
2026-07-22T05:53:03.8044993Z [963/1630] Building C object esp-idf/chmorgan__esp-libhelix-mp3/CMakeFiles/__idf_chmorgan__esp-libhelix-mp3.dir/libhelix-mp3/real/bitstream.c.obj
2026-07-22T05:53:03.8242331Z [964/1630] Building C object esp-idf/espressif__network_provisioning/CMakeFiles/__idf_espressif__network_provisioning.dir/proto-c/network_scan.pb-c.c.obj
2026-07-22T05:53:03.8248022Z [965/1630] Building C object esp-idf/espressif__network_provisioning/CMakeFiles/__idf_espressif__network_provisioning.dir/proto-c/network_ctrl.pb-c.c.obj
2026-07-22T05:53:03.8562677Z [966/1630] Building C object esp-idf/espressif__network_provisioning/CMakeFiles/__idf_espressif__network_provisioning.dir/src/scheme_softap.c.obj
2026-07-22T05:53:03.8628196Z [967/1630] Building C object esp-idf/chmorgan__esp-libhelix-mp3/CMakeFiles/__idf_chmorgan__esp-libhelix-mp3.dir/libhelix-mp3/real/buffers.c.obj
2026-07-22T05:53:03.9098410Z [968/1630] Building C object esp-idf/chmorgan__esp-libhelix-mp3/CMakeFiles/__idf_chmorgan__esp-libhelix-mp3.dir/libhelix-mp3/real/dequant.c.obj
2026-07-22T05:53:03.9250913Z [969/1630] Building C object esp-idf/chmorgan__esp-libhelix-mp3/CMakeFiles/__idf_chmorgan__esp-libhelix-mp3.dir/libhelix-mp3/real/dct32.c.obj
2026-07-22T05:53:03.9483569Z [970/1630] Building C object esp-idf/chmorgan__esp-libhelix-mp3/CMakeFiles/__idf_chmorgan__esp-libhelix-mp3.dir/libhelix-mp3/real/hufftabs.c.obj
2026-07-22T05:53:03.9663668Z [971/1630] Building C object esp-idf/chmorgan__esp-libhelix-mp3/CMakeFiles/__idf_chmorgan__esp-libhelix-mp3.dir/libhelix-mp3/real/huffman.c.obj
2026-07-22T05:53:03.9835580Z [972/1630] Building C object esp-idf/chmorgan__esp-libhelix-mp3/CMakeFiles/__idf_chmorgan__esp-libhelix-mp3.dir/libhelix-mp3/real/dqchan.c.obj
2026-07-22T05:53:04.0104095Z [973/1630] Building C object esp-idf/espressif__network_provisioning/CMakeFiles/__idf_espressif__network_provisioning.dir/src/manager.c.obj
2026-07-22T05:53:04.0502561Z [974/1630] Building C object esp-idf/chmorgan__esp-libhelix-mp3/CMakeFiles/__idf_chmorgan__esp-libhelix-mp3.dir/libhelix-mp3/real/subband.c.obj
2026-07-22T05:53:04.0508244Z [975/1630] Building C object esp-idf/chmorgan__esp-libhelix-mp3/CMakeFiles/__idf_chmorgan__esp-libhelix-mp3.dir/libhelix-mp3/real/scalfact.c.obj
2026-07-22T05:53:04.0561453Z [976/1630] Linking C static library esp-idf/espressif__network_provisioning/libespressif__network_provisioning.a
2026-07-22T05:53:04.0901084Z [977/1630] Building C object esp-idf/chmorgan__esp-libhelix-mp3/CMakeFiles/__idf_chmorgan__esp-libhelix-mp3.dir/libhelix-mp3/real/trigtabs.c.obj
2026-07-22T05:53:04.1138035Z [978/1630] Building C object esp-idf/chmorgan__esp-libhelix-mp3/CMakeFiles/__idf_chmorgan__esp-libhelix-mp3.dir/libhelix-mp3/real/stproc.c.obj
2026-07-22T05:53:04.1287038Z [979/1630] Building C object esp-idf/chmorgan__esp-libhelix-mp3/CMakeFiles/__idf_chmorgan__esp-libhelix-mp3.dir/libhelix-mp3/real/imdct.c.obj
2026-07-22T05:53:04.3040148Z [980/1630] Building C object esp-idf/espressif__esp-modbus/CMakeFiles/__idf_espressif__esp-modbus.dir/freemodbus/modbus/ascii/mbascii.c.obj
2026-07-22T05:53:04.4829713Z [981/1630] Building C object esp-idf/espressif__esp-modbus/CMakeFiles/__idf_espressif__esp-modbus.dir/freemodbus/modbus/mb.c.obj
2026-07-22T05:53:04.4924620Z [982/1630] Building C object esp-idf/chmorgan__esp-libhelix-mp3/CMakeFiles/__idf_chmorgan__esp-libhelix-mp3.dir/libhelix-mp3/real/polyphase.c.obj
2026-07-22T05:53:04.4936137Z [983/1630] Building C object esp-idf/espressif__esp-modbus/CMakeFiles/__idf_espressif__esp-modbus.dir/freemodbus/common/esp_modbus_master.c.obj
2026-07-22T05:53:04.4957496Z [984/1630] Building C object esp-idf/espressif__esp-modbus/CMakeFiles/__idf_espressif__esp-modbus.dir/freemodbus/common/esp_modbus_slave.c.obj
2026-07-22T05:53:04.5123530Z [985/1630] Building C object esp-idf/espressif__esp-modbus/CMakeFiles/__idf_espressif__esp-modbus.dir/freemodbus/modbus/mb_m.c.obj
2026-07-22T05:53:04.5215789Z [986/1630] Linking C static library esp-idf/chmorgan__esp-libhelix-mp3/libchmorgan__esp-libhelix-mp3.a
2026-07-22T05:53:04.6040482Z [987/1630] Building C object esp-idf/espressif__esp-modbus/CMakeFiles/__idf_espressif__esp-modbus.dir/freemodbus/modbus/ascii/mbascii_m.c.obj
2026-07-22T05:53:04.7259986Z [988/1630] Building C object esp-idf/espressif__esp-modbus/CMakeFiles/__idf_espressif__esp-modbus.dir/freemodbus/modbus/rtu/mbrtu.c.obj
2026-07-22T05:53:04.7579690Z [989/1630] Building C object esp-idf/espressif__esp-modbus/CMakeFiles/__idf_espressif__esp-modbus.dir/freemodbus/modbus/rtu/mbcrc.c.obj
2026-07-22T05:53:04.7701492Z [990/1630] Building C object esp-idf/espressif__esp-modbus/CMakeFiles/__idf_espressif__esp-modbus.dir/freemodbus/modbus/rtu/mbrtu_m.c.obj
2026-07-22T05:53:04.8001039Z [991/1630] Building C object esp-idf/espressif__esp-modbus/CMakeFiles/__idf_espressif__esp-modbus.dir/freemodbus/modbus/tcp/mbtcp.c.obj
2026-07-22T05:53:04.8162767Z [992/1630] Building C object esp-idf/espressif__esp-modbus/CMakeFiles/__idf_espressif__esp-modbus.dir/freemodbus/modbus/tcp/mbtcp_m.c.obj
2026-07-22T05:53:04.9551044Z [993/1630] Building C object esp-idf/espressif__esp-modbus/CMakeFiles/__idf_espressif__esp-modbus.dir/freemodbus/port/port.c.obj
2026-07-22T05:53:04.9748795Z [994/1630] Building C object esp-idf/espressif__esp-modbus/CMakeFiles/__idf_espressif__esp-modbus.dir/freemodbus/port/portother_m.c.obj
2026-07-22T05:53:04.9953907Z [995/1630] Building C object esp-idf/espressif__esp-modbus/CMakeFiles/__idf_espressif__esp-modbus.dir/freemodbus/port/portother.c.obj
2026-07-22T05:53:05.0058354Z [996/1630] Building C object esp-idf/espressif__esp-modbus/CMakeFiles/__idf_espressif__esp-modbus.dir/freemodbus/port/portevent.c.obj
2026-07-22T05:53:05.0912771Z [997/1630] Building C object esp-idf/espressif__esp-modbus/CMakeFiles/__idf_espressif__esp-modbus.dir/freemodbus/port/portevent_m.c.obj
2026-07-22T05:53:05.1147358Z [998/1630] Building C object esp-idf/espressif__esp-modbus/CMakeFiles/__idf_espressif__esp-modbus.dir/freemodbus/port/portserial.c.obj
2026-07-22T05:53:05.1391099Z [999/1630] Building C object esp-idf/espressif__esp-modbus/CMakeFiles/__idf_espressif__esp-modbus.dir/freemodbus/modbus/functions/mbfuncdiag.c.obj
2026-07-22T05:53:05.2491439Z [1000/1630] Building C object esp-idf/espressif__esp-modbus/CMakeFiles/__idf_espressif__esp-modbus.dir/freemodbus/port/porttimer_m.c.obj
2026-07-22T05:53:05.2548735Z [1001/1630] Building C object esp-idf/espressif__esp-modbus/CMakeFiles/__idf_espressif__esp-modbus.dir/freemodbus/port/porttimer.c.obj
2026-07-22T05:53:05.2831226Z [1002/1630] Building C object esp-idf/espressif__esp-modbus/CMakeFiles/__idf_espressif__esp-modbus.dir/freemodbus/port/portserial_m.c.obj
2026-07-22T05:53:05.3530154Z [1003/1630] Building C object esp-idf/espressif__esp-modbus/CMakeFiles/__idf_espressif__esp-modbus.dir/freemodbus/modbus/functions/mbfunccoils.c.obj
2026-07-22T05:53:05.3849858Z [1004/1630] Building C object esp-idf/espressif__esp-modbus/CMakeFiles/__idf_espressif__esp-modbus.dir/freemodbus/modbus/functions/mbfunccoils_m.c.obj
2026-07-22T05:53:05.4270974Z [1005/1630] Building C object esp-idf/espressif__esp-modbus/CMakeFiles/__idf_espressif__esp-modbus.dir/freemodbus/modbus/functions/mbfuncdisc.c.obj
2026-07-22T05:53:05.5069216Z [1006/1630] Building C object esp-idf/espressif__esp-modbus/CMakeFiles/__idf_espressif__esp-modbus.dir/freemodbus/modbus/functions/mbfuncdisc_m.c.obj
2026-07-22T05:53:05.5072677Z [1007/1630] Building C object esp-idf/espressif__esp-modbus/CMakeFiles/__idf_espressif__esp-modbus.dir/freemodbus/modbus/functions/mbfuncholding.c.obj
2026-07-22T05:53:05.5629917Z [1008/1630] Building C object esp-idf/espressif__esp-modbus/CMakeFiles/__idf_espressif__esp-modbus.dir/freemodbus/modbus/functions/mbfuncinput.c.obj
2026-07-22T05:53:05.6621711Z [1009/1630] Building C object esp-idf/espressif__esp-modbus/CMakeFiles/__idf_espressif__esp-modbus.dir/freemodbus/modbus/functions/mbfuncholding_m.c.obj
2026-07-22T05:53:05.7019864Z [1010/1630] Building C object esp-idf/espressif__esp-modbus/CMakeFiles/__idf_espressif__esp-modbus.dir/freemodbus/modbus/functions/mbfuncinput_m.c.obj
2026-07-22T05:53:05.7168398Z [1011/1630] Building C object esp-idf/espressif__esp-modbus/CMakeFiles/__idf_espressif__esp-modbus.dir/freemodbus/modbus/functions/mbutils.c.obj
2026-07-22T05:53:05.7505685Z [1012/1630] Building C object esp-idf/espressif__esp-modbus/CMakeFiles/__idf_espressif__esp-modbus.dir/freemodbus/modbus/functions/mbfuncother.c.obj
2026-07-22T05:53:05.9831732Z [1013/1630] Building C object esp-idf/espressif__esp-modbus/CMakeFiles/__idf_espressif__esp-modbus.dir/freemodbus/serial_slave/modbus_controller/mbc_serial_slave.c.obj
2026-07-22T05:53:06.0581962Z [1014/1630] Building C object esp-idf/espressif__esp-modbus/CMakeFiles/__idf_espressif__esp-modbus.dir/freemodbus/serial_master/modbus_controller/mbc_serial_master.c.obj
2026-07-22T05:53:06.0684295Z [1015/1630] Building C object esp-idf/espressif__esp-modbus/CMakeFiles/__idf_espressif__esp-modbus.dir/freemodbus/tcp_slave/modbus_controller/mbc_tcp_slave.c.obj
2026-07-22T05:53:06.1328546Z [1016/1630] Building C object esp-idf/espressif__esp-modbus/CMakeFiles/__idf_espressif__esp-modbus.dir/freemodbus/tcp_slave/port/port_tcp_slave.c.obj
2026-07-22T05:53:06.1629902Z [1017/1630] Building C object esp-idf/espressif__esp-modbus/CMakeFiles/__idf_espressif__esp-modbus.dir/freemodbus/common/esp_modbus_master_tcp.c.obj
2026-07-22T05:53:06.2790067Z [1018/1630] Building C object esp-idf/espressif__esp-modbus/CMakeFiles/__idf_espressif__esp-modbus.dir/freemodbus/common/esp_modbus_master_serial.c.obj
2026-07-22T05:53:06.3648386Z [1019/1630] Building C object esp-idf/espressif__esp-modbus/CMakeFiles/__idf_espressif__esp-modbus.dir/freemodbus/common/esp_modbus_slave_tcp.c.obj
2026-07-22T05:53:06.4391849Z [1020/1630] Building C object esp-idf/espressif__esp-modbus/CMakeFiles/__idf_espressif__esp-modbus.dir/freemodbus/tcp_master/modbus_controller/mbc_tcp_master.c.obj
2026-07-22T05:53:06.4670570Z [1021/1630] Building C object esp-idf/espressif__esp-modbus/CMakeFiles/__idf_espressif__esp-modbus.dir/freemodbus/common/esp_modbus_slave_serial.c.obj
2026-07-22T05:53:06.4798145Z [1022/1630] Building C object esp-idf/espressif__libsodium/CMakeFiles/__idf_espressif__libsodium.dir/libsodium/src/libsodium/crypto_aead/chacha20poly1305/aead_chacha20poly1305.c.obj
2026-07-22T05:53:06.5002930Z [1023/1630] Building C object esp-idf/espressif__esp-modbus/CMakeFiles/__idf_espressif__esp-modbus.dir/freemodbus/tcp_master/port/port_tcp_master.c.obj
2026-07-22T05:53:06.5157896Z [1024/1630] Building C object esp-idf/espressif__libsodium/CMakeFiles/__idf_espressif__libsodium.dir/libsodium/src/libsodium/crypto_aead/xchacha20poly1305/aead_xchacha20poly1305.c.obj
2026-07-22T05:53:06.5446047Z [1025/1630] Linking C static library esp-idf/espressif__esp-modbus/libespressif__esp-modbus.a
2026-07-22T05:53:06.6129831Z [1026/1630] Building C object esp-idf/espressif__libsodium/CMakeFiles/__idf_espressif__libsodium.dir/libsodium/src/libsodium/crypto_aead/aegis256/aead_aegis256.c.obj
2026-07-22T05:53:06.6592843Z [1027/1630] Building C object esp-idf/espressif__libsodium/CMakeFiles/__idf_espressif__libsodium.dir/libsodium/src/libsodium/crypto_auth/crypto_auth.c.obj
2026-07-22T05:53:06.6745820Z [1028/1630] Building C object esp-idf/espressif__libsodium/CMakeFiles/__idf_espressif__libsodium.dir/libsodium/src/libsodium/crypto_auth/hmacsha256/auth_hmacsha256.c.obj
2026-07-22T05:53:06.6806214Z [1029/1630] Building C object esp-idf/espressif__libsodium/CMakeFiles/__idf_espressif__libsodium.dir/libsodium/src/libsodium/crypto_aead/aegis128l/aead_aegis128l.c.obj
2026-07-22T05:53:06.6893362Z [1030/1630] Building C object esp-idf/espressif__libsodium/CMakeFiles/__idf_espressif__libsodium.dir/libsodium/src/libsodium/crypto_aead/aegis256/aegis256_soft.c.obj
2026-07-22T05:53:06.8122973Z [1031/1630] Building C object esp-idf/espressif__libsodium/CMakeFiles/__idf_espressif__libsodium.dir/libsodium/src/libsodium/crypto_auth/hmacsha512/auth_hmacsha512.c.obj
2026-07-22T05:53:06.8207404Z [1032/1630] Building C object esp-idf/espressif__libsodium/CMakeFiles/__idf_espressif__libsodium.dir/libsodium/src/libsodium/crypto_box/crypto_box_easy.c.obj
2026-07-22T05:53:06.8304306Z [1033/1630] Building C object esp-idf/espressif__libsodium/CMakeFiles/__idf_espressif__libsodium.dir/libsodium/src/libsodium/crypto_box/crypto_box_seal.c.obj
2026-07-22T05:53:06.8419215Z [1034/1630] Building C object esp-idf/espressif__libsodium/CMakeFiles/__idf_espressif__libsodium.dir/libsodium/src/libsodium/crypto_auth/hmacsha512256/auth_hmacsha512256.c.obj
2026-07-22T05:53:06.8660598Z [1035/1630] Building C object esp-idf/espressif__libsodium/CMakeFiles/__idf_espressif__libsodium.dir/libsodium/src/libsodium/crypto_box/crypto_box.c.obj
2026-07-22T05:53:06.9364317Z [1036/1630] Building C object esp-idf/espressif__libsodium/CMakeFiles/__idf_espressif__libsodium.dir/libsodium/src/libsodium/crypto_box/curve25519xchacha20poly1305/box_seal_curve25519xchacha20poly1305.c.obj
2026-07-22T05:53:06.9710700Z [1037/1630] Building C object esp-idf/espressif__libsodium/CMakeFiles/__idf_espressif__libsodium.dir/libsodium/src/libsodium/crypto_box/curve25519xsalsa20poly1305/box_curve25519xsalsa20poly1305.c.obj
2026-07-22T05:53:07.0481236Z [1038/1630] Building C object esp-idf/espressif__libsodium/CMakeFiles/__idf_espressif__libsodium.dir/libsodium/src/libsodium/crypto_box/curve25519xchacha20poly1305/box_curve25519xchacha20poly1305.c.obj
2026-07-22T05:53:07.0659892Z [1039/1630] Building C object esp-idf/espressif__libsodium/CMakeFiles/__idf_espressif__libsodium.dir/libsodium/src/libsodium/crypto_aead/aegis128l/aegis128l_soft.c.obj
2026-07-22T05:53:07.0726743Z [1040/1630] Building C object esp-idf/espressif__libsodium/CMakeFiles/__idf_espressif__libsodium.dir/libsodium/src/libsodium/crypto_core/ed25519/core_ristretto255.c.obj
2026-07-22T05:53:07.0978235Z [1041/1630] Building C object esp-idf/espressif__libsodium/CMakeFiles/__idf_espressif__libsodium.dir/libsodium/src/libsodium/crypto_core/hsalsa20/core_hsalsa20.c.obj
2026-07-22T05:53:07.1002096Z [1042/1630] Building C object esp-idf/espressif__libsodium/CMakeFiles/__idf_espressif__libsodium.dir/libsodium/src/libsodium/crypto_core/ed25519/core_ed25519.c.obj
2026-07-22T05:53:07.2119096Z [1043/1630] Building C object esp-idf/espressif__libsodium/CMakeFiles/__idf_espressif__libsodium.dir/libsodium/src/libsodium/crypto_core/hchacha20/core_hchacha20.c.obj
2026-07-22T05:53:07.2526783Z [1044/1630] Building C object esp-idf/espressif__libsodium/CMakeFiles/__idf_espressif__libsodium.dir/libsodium/src/libsodium/crypto_core/keccak1600/keccak1600.c.obj
2026-07-22T05:53:07.2687706Z [1045/1630] Building C object esp-idf/espressif__libsodium/CMakeFiles/__idf_espressif__libsodium.dir/libsodium/src/libsodium/crypto_core/hsalsa20/ref2/core_hsalsa20_ref2.c.obj
2026-07-22T05:53:07.3464403Z [1046/1630] Building C object esp-idf/espressif__libsodium/CMakeFiles/__idf_espressif__libsodium.dir/libsodium/src/libsodium/crypto_core/salsa/ref/core_salsa_ref.c.obj
2026-07-22T05:53:07.3848227Z [1047/1630] Building C object esp-idf/espressif__libsodium/CMakeFiles/__idf_espressif__libsodium.dir/libsodium/src/libsodium/crypto_generichash/blake2b/ref/blake2b-compress-avx2.c.obj
2026-07-22T05:53:07.4294791Z [1048/1630] Building C object esp-idf/espressif__libsodium/CMakeFiles/__idf_espressif__libsodium.dir/libsodium/src/libsodium/crypto_generichash/blake2b/generichash_blake2.c.obj
2026-07-22T05:53:07.4835363Z [1049/1630] Building C object esp-idf/espressif__libsodium/CMakeFiles/__idf_espressif__libsodium.dir/libsodium/src/libsodium/crypto_core/softaes/softaes.c.obj
2026-07-22T05:53:07.5349570Z [1050/1630] Building C object esp-idf/espressif__libsodium/CMakeFiles/__idf_espressif__libsodium.dir/libsodium/src/libsodium/crypto_generichash/blake2b/ref/blake2b-compress-ssse3.c.obj
2026-07-22T05:53:07.7000753Z [1051/1630] Building C object esp-idf/espressif__libsodium/CMakeFiles/__idf_espressif__libsodium.dir/libsodium/src/libsodium/crypto_generichash/blake2b/ref/generichash_blake2b.c.obj
2026-07-22T05:53:07.7027704Z [1052/1630] Building C object esp-idf/espressif__libsodium/CMakeFiles/__idf_espressif__libsodium.dir/libsodium/src/libsodium/crypto_generichash/blake2b/ref/blake2b-ref.c.obj
2026-07-22T05:53:07.7321148Z [1053/1630] Building C object esp-idf/espressif__libsodium/CMakeFiles/__idf_espressif__libsodium.dir/libsodium/src/libsodium/crypto_generichash/crypto_generichash.c.obj
2026-07-22T05:53:07.8989579Z [1054/1630] Building C object esp-idf/espressif__libsodium/CMakeFiles/__idf_espressif__libsodium.dir/libsodium/src/libsodium/crypto_hash/crypto_hash.c.obj
2026-07-22T05:53:07.9251305Z [1055/1630] Building C object esp-idf/espressif__libsodium/CMakeFiles/__idf_espressif__libsodium.dir/libsodium/src/libsodium/crypto_ipcrypt/crypto_ipcrypt.c.obj
2026-07-22T05:53:08.0303786Z [1056/1630] Building C object esp-idf/espressif__libsodium/CMakeFiles/__idf_espressif__libsodium.dir/libsodium/src/libsodium/crypto_hash/sha256/hash_sha256.c.obj
2026-07-22T05:53:08.1411065Z [1057/1630] Building C object esp-idf/espressif__libsodium/CMakeFiles/__idf_espressif__libsodium.dir/libsodium/src/libsodium/crypto_hash/sha512/hash_sha512.c.obj
2026-07-22T05:53:08.1637779Z [1058/1630] Building C object esp-idf/espressif__libsodium/CMakeFiles/__idf_espressif__libsodium.dir/libsodium/src/libsodium/crypto_hash/sha3/hash_sha3.c.obj
2026-07-22T05:53:08.2544130Z [1059/1630] Building C object esp-idf/espressif__libsodium/CMakeFiles/__idf_espressif__libsodium.dir/libsodium/src/libsodium/crypto_ipcrypt/ipcrypt_soft.c.obj
2026-07-22T05:53:08.3538054Z [1060/1630] Building C object esp-idf/espressif__libsodium/CMakeFiles/__idf_espressif__libsodium.dir/libsodium/src/libsodium/crypto_kdf/blake2b/kdf_blake2b.c.obj
2026-07-22T05:53:08.3685579Z [1061/1630] Building C object esp-idf/espressif__libsodium/CMakeFiles/__idf_espressif__libsodium.dir/libsodium/src/libsodium/crypto_kdf/hkdf/kdf_hkdf_sha256.c.obj
2026-07-22T05:53:08.4525927Z [1062/1630] Building C object esp-idf/espressif__libsodium/CMakeFiles/__idf_espressif__libsodium.dir/libsodium/src/libsodium/crypto_kdf/crypto_kdf.c.obj
2026-07-22T05:53:08.5630732Z [1063/1630] Building C object esp-idf/espressif__libsodium/CMakeFiles/__idf_espressif__libsodium.dir/libsodium/src/libsodium/crypto_kem/crypto_kem.c.obj
2026-07-22T05:53:08.5894528Z [1064/1630] Building C object esp-idf/espressif__libsodium/CMakeFiles/__idf_espressif__libsodium.dir/libsodium/src/libsodium/crypto_kdf/hkdf/kdf_hkdf_sha512.c.obj
2026-07-22T05:53:08.7655849Z [1065/1630] Building C object esp-idf/espressif__libsodium/CMakeFiles/__idf_espressif__libsodium.dir/libsodium/src/libsodium/crypto_kem/mlkem768/kem_mlkem768.c.obj
2026-07-22T05:53:08.8118342Z [1066/1630] Building C object esp-idf/espressif__libsodium/CMakeFiles/__idf_espressif__libsodium.dir/libsodium/src/libsodium/crypto_kem/mlkem768/ref/kem_mlkem768_ref.c.obj
2026-07-22T05:53:08.8500674Z [1067/1630] Building C object esp-idf/espressif__libsodium/CMakeFiles/__idf_espressif__libsodium.dir/libsodium/src/libsodium/crypto_kem/xwing/kem_xwing.c.obj
2026-07-22T05:53:08.9871073Z [1068/1630] Building C object esp-idf/espressif__libsodium/CMakeFiles/__idf_espressif__libsodium.dir/libsodium/src/libsodium/crypto_kx/crypto_kx.c.obj
2026-07-22T05:53:09.0011530Z [1069/1630] Building C object esp-idf/espressif__libsodium/CMakeFiles/__idf_espressif__libsodium.dir/libsodium/src/libsodium/crypto_onetimeauth/crypto_onetimeauth.c.obj
2026-07-22T05:53:09.1356593Z [1070/1630] Building C object esp-idf/espressif__libsodium/CMakeFiles/__idf_espressif__libsodium.dir/libsodium/src/libsodium/crypto_onetimeauth/poly1305/donna/poly1305_donna.c.obj
2026-07-22T05:53:09.1893983Z [1071/1630] Building C object esp-idf/espressif__libsodium/CMakeFiles/__idf_espressif__libsodium.dir/libsodium/src/libsodium/crypto_onetimeauth/poly1305/onetimeauth_poly1305.c.obj
2026-07-22T05:53:09.3200020Z [1072/1630] Building C object esp-idf/espressif__libsodium/CMakeFiles/__idf_espressif__libsodium.dir/libsodium/src/libsodium/crypto_pwhash/argon2/argon2-fill-block-avx2.c.obj
2026-07-22T05:53:09.3637856Z [1073/1630] Building C object esp-idf/espressif__libsodium/CMakeFiles/__idf_espressif__libsodium.dir/libsodium/src/libsodium/crypto_pwhash/argon2/argon2-core.c.obj
2026-07-22T05:53:09.3816092Z [1074/1630] Building C object esp-idf/espressif__libsodium/CMakeFiles/__idf_espressif__libsodium.dir/libsodium/src/libsodium/crypto_pwhash/argon2/argon2-encoding.c.obj
2026-07-22T05:53:09.5109790Z [1075/1630] Building C object esp-idf/espressif__libsodium/CMakeFiles/__idf_espressif__libsodium.dir/libsodium/src/libsodium/crypto_pwhash/argon2/argon2-fill-block-avx512f.c.obj
2026-07-22T05:53:09.5609773Z [1076/1630] Building C object esp-idf/espressif__libsodium/CMakeFiles/__idf_espressif__libsodium.dir/libsodium/src/libsodium/crypto_pwhash/argon2/argon2-fill-block-ssse3.c.obj
2026-07-22T05:53:09.8120863Z [1077/1630] Building C object esp-idf/espressif__libsodium/CMakeFiles/__idf_espressif__libsodium.dir/libsodium/src/libsodium/crypto_pwhash/argon2/argon2.c.obj
2026-07-22T05:53:09.9695907Z [1078/1630] Building C object esp-idf/espressif__libsodium/CMakeFiles/__idf_espressif__libsodium.dir/libsodium/src/libsodium/crypto_generichash/blake2b/ref/blake2b-compress-ref.c.obj
2026-07-22T05:53:10.1166034Z [1079/1630] Building C object esp-idf/espressif__libsodium/CMakeFiles/__idf_espressif__libsodium.dir/libsodium/src/libsodium/crypto_pwhash/argon2/pwhash_argon2i.c.obj
2026-07-22T05:53:10.2131261Z [1080/1630] Building C object esp-idf/espressif__libsodium/CMakeFiles/__idf_espressif__libsodium.dir/libsodium/src/libsodium/crypto_pwhash/argon2/blake2b-long.c.obj
2026-07-22T05:53:10.2720168Z [1081/1630] Building C object esp-idf/espressif__libsodium/CMakeFiles/__idf_espressif__libsodium.dir/libsodium/src/libsodium/crypto_pwhash/argon2/pwhash_argon2id.c.obj
2026-07-22T05:53:10.4170448Z [1082/1630] Building C object esp-idf/espressif__libsodium/CMakeFiles/__idf_espressif__libsodium.dir/libsodium/src/libsodium/crypto_pwhash/crypto_pwhash.c.obj
2026-07-22T05:53:10.4233791Z [1083/1630] Building C object esp-idf/espressif__libsodium/CMakeFiles/__idf_espressif__libsodium.dir/libsodium/src/libsodium/crypto_pwhash/scryptsalsa208sha256/crypto_scrypt-common.c.obj
2026-07-22T05:53:10.5546399Z [1084/1630] Building C object esp-idf/espressif__libsodium/CMakeFiles/__idf_espressif__libsodium.dir/libsodium/src/libsodium/crypto_pwhash/scryptsalsa208sha256/nosse/pwhash_scryptsalsa208sha256_nosse.c.obj
2026-07-22T05:53:10.6141520Z [1085/1630] Building C object esp-idf/espressif__libsodium/CMakeFiles/__idf_espressif__libsodium.dir/libsodium/src/libsodium/crypto_pwhash/scryptsalsa208sha256/pwhash_scryptsalsa208sha256.c.obj
2026-07-22T05:53:10.6731258Z [1086/1630] Building C object esp-idf/espressif__libsodium/CMakeFiles/__idf_espressif__libsodium.dir/libsodium/src/libsodium/crypto_pwhash/scryptsalsa208sha256/pbkdf2-sha256.c.obj
2026-07-22T05:53:10.6914873Z [1087/1630] Building C object esp-idf/espressif__libsodium/CMakeFiles/__idf_espressif__libsodium.dir/libsodium/src/libsodium/crypto_core/keccak1600/ref/keccak1600_ref.c.obj
2026-07-22T05:53:10.7288866Z [1088/1630] Building ASM object esp-idf/espressif__libsodium/CMakeFiles/__idf_espressif__libsodium.dir/libsodium/src/libsodium/crypto_scalarmult/curve25519/sandy2x/consts.S.obj
2026-07-22T05:53:10.7414448Z [1089/1630] Building C object esp-idf/espressif__libsodium/CMakeFiles/__idf_espressif__libsodium.dir/libsodium/src/libsodium/crypto_pwhash/scryptsalsa208sha256/scrypt_platform.c.obj
2026-07-22T05:53:10.7610597Z [1090/1630] Building C object esp-idf/espressif__libsodium/CMakeFiles/__idf_espressif__libsodium.dir/libsodium/src/libsodium/crypto_scalarmult/crypto_scalarmult.c.obj
2026-07-22T05:53:10.7854234Z [1091/1630] Building ASM object esp-idf/espressif__libsodium/CMakeFiles/__idf_espressif__libsodium.dir/libsodium/src/libsodium/crypto_scalarmult/curve25519/sandy2x/fe51_pack.S.obj
2026-07-22T05:53:10.8168282Z [1092/1630] Building ASM object esp-idf/espressif__libsodium/CMakeFiles/__idf_espressif__libsodium.dir/libsodium/src/libsodium/crypto_scalarmult/curve25519/sandy2x/fe51_mul.S.obj
2026-07-22T05:53:10.8555968Z [1093/1630] Building C object esp-idf/espressif__libsodium/CMakeFiles/__idf_espressif__libsodium.dir/libsodium/src/libsodium/crypto_scalarmult/curve25519/sandy2x/fe51_invert.c.obj
2026-07-22T05:53:10.8636787Z [1094/1630] Building C object esp-idf/espressif__libsodium/CMakeFiles/__idf_espressif__libsodium.dir/libsodium/src/libsodium/crypto_pwhash/argon2/argon2-fill-block-ref.c.obj
2026-07-22T05:53:10.8735812Z [1095/1630] Building ASM object esp-idf/espressif__libsodium/CMakeFiles/__idf_espressif__libsodium.dir/libsodium/src/libsodium/crypto_scalarmult/curve25519/sandy2x/fe51_nsquare.S.obj
2026-07-22T05:53:10.9085922Z [1096/1630] Building ASM object esp-idf/espressif__libsodium/CMakeFiles/__idf_espressif__libsodium.dir/libsodium/src/libsodium/crypto_scalarmult/curve25519/sandy2x/ladder.S.obj
2026-07-22T05:53:10.9381443Z [1097/1630] Building C object esp-idf/espressif__libsodium/CMakeFiles/__idf_espressif__libsodium.dir/libsodium/src/libsodium/crypto_scalarmult/curve25519/sandy2x/curve25519_sandy2x.c.obj
2026-07-22T05:53:10.9530048Z [1098/1630] Building C object esp-idf/espressif__libsodium/CMakeFiles/__idf_espressif__libsodium.dir/libsodium/src/libsodium/crypto_scalarmult/curve25519/sandy2x/fe_frombytes_sandy2x.c.obj
2026-07-22T05:53:10.9549540Z [1099/1630] Building ASM object esp-idf/espressif__libsodium/CMakeFiles/__idf_espressif__libsodium.dir/libsodium/src/libsodium/crypto_scalarmult/curve25519/sandy2x/sandy2x.S.obj
2026-07-22T05:53:11.0260648Z [1100/1630] Building C object esp-idf/espressif__libsodium/CMakeFiles/__idf_espressif__libsodium.dir/libsodium/src/libsodium/crypto_scalarmult/curve25519/scalarmult_curve25519.c.obj
2026-07-22T05:53:11.0960007Z [1101/1630] Building C object esp-idf/espressif__libsodium/CMakeFiles/__idf_espressif__libsodium.dir/libsodium/src/libsodium/crypto_scalarmult/ed25519/ref10/scalarmult_ed25519_ref10.c.obj
2026-07-22T05:53:11.1310663Z [1102/1630] Building C object esp-idf/espressif__libsodium/CMakeFiles/__idf_espressif__libsodium.dir/libsodium/src/libsodium/crypto_secretbox/crypto_secretbox.c.obj
2026-07-22T05:53:11.1856420Z [1103/1630] Building C object esp-idf/espressif__libsodium/CMakeFiles/__idf_espressif__libsodium.dir/libsodium/src/libsodium/crypto_scalarmult/ristretto255/ref10/scalarmult_ristretto255_ref10.c.obj
2026-07-22T05:53:11.2308169Z [1104/1630] Building C object esp-idf/espressif__libsodium/CMakeFiles/__idf_espressif__libsodium.dir/libsodium/src/libsodium/crypto_secretbox/xchacha20poly1305/secretbox_xchacha20poly1305.c.obj
2026-07-22T05:53:11.3155429Z [1105/1630] Building C object esp-idf/espressif__libsodium/CMakeFiles/__idf_espressif__libsodium.dir/libsodium/src/libsodium/crypto_secretbox/crypto_secretbox_easy.c.obj
2026-07-22T05:53:11.3267135Z [1106/1630] Building C object esp-idf/espressif__libsodium/CMakeFiles/__idf_espressif__libsodium.dir/libsodium/src/libsodium/crypto_core/ed25519/ref10/ed25519_ref10.c.obj
2026-07-22T05:53:11.3900003Z [1107/1630] Building C object esp-idf/espressif__libsodium/CMakeFiles/__idf_espressif__libsodium.dir/libsodium/src/libsodium/crypto_shorthash/crypto_shorthash.c.obj
2026-07-22T05:53:11.4126074Z [1108/1630] Building C object esp-idf/espressif__libsodium/CMakeFiles/__idf_espressif__libsodium.dir/libsodium/src/libsodium/crypto_secretstream/xchacha20poly1305/secretstream_xchacha20poly1305.c.obj
2026-07-22T05:53:11.4258904Z [1109/1630] Building C object esp-idf/espressif__libsodium/CMakeFiles/__idf_espressif__libsodium.dir/libsodium/src/libsodium/crypto_secretbox/xsalsa20poly1305/secretbox_xsalsa20poly1305.c.obj
2026-07-22T05:53:11.4921956Z [1110/1630] Building C object esp-idf/espressif__libsodium/CMakeFiles/__idf_espressif__libsodium.dir/libsodium/src/libsodium/crypto_shorthash/siphash24/ref/shorthash_siphash24_ref.c.obj
2026-07-22T05:53:11.5211163Z [1111/1630] Building C object esp-idf/espressif__libsodium/CMakeFiles/__idf_espressif__libsodium.dir/libsodium/src/libsodium/crypto_scalarmult/curve25519/ref10/x25519_ref10.c.obj
2026-07-22T05:53:11.5230917Z [1112/1630] Building C object esp-idf/espressif__libsodium/CMakeFiles/__idf_espressif__libsodium.dir/libsodium/src/libsodium/crypto_shorthash/siphash24/shorthash_siphashx24.c.obj
2026-07-22T05:53:11.5558111Z [1113/1630] Building C object esp-idf/espressif__libsodium/CMakeFiles/__idf_espressif__libsodium.dir/libsodium/src/libsodium/crypto_shorthash/siphash24/shorthash_siphash24.c.obj
2026-07-22T05:53:11.6017278Z [1114/1630] Building C object esp-idf/espressif__libsodium/CMakeFiles/__idf_espressif__libsodium.dir/libsodium/src/libsodium/crypto_sign/crypto_sign.c.obj
2026-07-22T05:53:11.6300179Z [1115/1630] Building C object esp-idf/espressif__libsodium/CMakeFiles/__idf_espressif__libsodium.dir/libsodium/src/libsodium/crypto_sign/ed25519/ref10/obsolete.c.obj
2026-07-22T05:53:11.6560369Z [1116/1630] Building C object esp-idf/espressif__libsodium/CMakeFiles/__idf_espressif__libsodium.dir/libsodium/src/libsodium/crypto_shorthash/siphash24/ref/shorthash_siphashx24_ref.c.obj
2026-07-22T05:53:11.7005105Z [1117/1630] Building C object esp-idf/espressif__libsodium/CMakeFiles/__idf_espressif__libsodium.dir/libsodium/src/libsodium/crypto_sign/ed25519/ref10/open.c.obj
2026-07-22T05:53:11.7420930Z [1118/1630] Building C object esp-idf/espressif__libsodium/CMakeFiles/__idf_espressif__libsodium.dir/libsodium/src/libsodium/crypto_sign/ed25519/ref10/sign.c.obj
2026-07-22T05:53:11.7490915Z [1119/1630] Building C object esp-idf/espressif__libsodium/CMakeFiles/__idf_espressif__libsodium.dir/libsodium/src/libsodium/crypto_sign/ed25519/sign_ed25519.c.obj
2026-07-22T05:53:11.7846355Z [1120/1630] Building C object esp-idf/espressif__libsodium/CMakeFiles/__idf_espressif__libsodium.dir/libsodium/src/libsodium/crypto_stream/chacha20/dolbeau/chacha20_dolbeau-ssse3.c.obj
2026-07-22T05:53:11.8740994Z [1121/1630] Building C object esp-idf/espressif__libsodium/CMakeFiles/__idf_espressif__libsodium.dir/libsodium/src/libsodium/crypto_stream/salsa20/ref/salsa20_ref.c.obj
2026-07-22T05:53:11.8864414Z [1122/1630] Building C object esp-idf/espressif__libsodium/CMakeFiles/__idf_espressif__libsodium.dir/libsodium/src/libsodium/crypto_stream/chacha20/dolbeau/chacha20_dolbeau-avx2.c.obj
2026-07-22T05:53:11.9117549Z [1123/1630] Building C object esp-idf/espressif__libsodium/CMakeFiles/__idf_espressif__libsodium.dir/libsodium/src/libsodium/crypto_stream/chacha20/stream_chacha20.c.obj
2026-07-22T05:53:11.9361472Z [1124/1630] Building ASM object esp-idf/espressif__libsodium/CMakeFiles/__idf_espressif__libsodium.dir/libsodium/src/libsodium/crypto_stream/salsa20/xmm6/salsa20_xmm6-asm.S.obj
2026-07-22T05:53:11.9510710Z [1125/1630] Building C object esp-idf/espressif__libsodium/CMakeFiles/__idf_espressif__libsodium.dir/libsodium/src/libsodium/crypto_stream/chacha20/ref/chacha20_ref.c.obj
2026-07-22T05:53:11.9815815Z [1126/1630] Building C object esp-idf/espressif__libsodium/CMakeFiles/__idf_espressif__libsodium.dir/libsodium/src/libsodium/crypto_stream/salsa20/xmm6int/salsa20_xmm6int-avx2.c.obj
2026-07-22T05:53:11.9834598Z [1127/1630] Building C object esp-idf/espressif__libsodium/CMakeFiles/__idf_espressif__libsodium.dir/libsodium/src/libsodium/crypto_stream/crypto_stream.c.obj
2026-07-22T05:53:12.0503476Z [1128/1630] Building C object esp-idf/espressif__libsodium/CMakeFiles/__idf_espressif__libsodium.dir/libsodium/src/libsodium/crypto_stream/salsa20/xmm6/salsa20_xmm6.c.obj
2026-07-22T05:53:12.0720531Z [1129/1630] Building C object esp-idf/espressif__libsodium/CMakeFiles/__idf_espressif__libsodium.dir/libsodium/src/libsodium/crypto_stream/salsa20/stream_salsa20.c.obj
2026-07-22T05:53:12.0805952Z [1130/1630] Building C object esp-idf/espressif__libsodium/CMakeFiles/__idf_espressif__libsodium.dir/libsodium/src/libsodium/crypto_sign/ed25519/ref10/keypair.c.obj
2026-07-22T05:53:12.1125719Z [1131/1630] Building C object esp-idf/espressif__libsodium/CMakeFiles/__idf_espressif__libsodium.dir/libsodium/src/libsodium/crypto_stream/salsa20/xmm6int/salsa20_xmm6int-sse2.c.obj
2026-07-22T05:53:12.1177756Z [1132/1630] Building C object esp-idf/espressif__libsodium/CMakeFiles/__idf_espressif__libsodium.dir/libsodium/src/libsodium/crypto_stream/salsa2012/ref/stream_salsa2012_ref.c.obj
2026-07-22T05:53:12.1589860Z [1133/1630] Building C object esp-idf/espressif__libsodium/CMakeFiles/__idf_espressif__libsodium.dir/libsodium/src/libsodium/crypto_stream/salsa208/ref/stream_salsa208_ref.c.obj
2026-07-22T05:53:12.1851711Z [1134/1630] Building C object esp-idf/espressif__libsodium/CMakeFiles/__idf_espressif__libsodium.dir/libsodium/src/libsodium/crypto_verify/verify.c.obj
2026-07-22T05:53:12.2244960Z [1135/1630] Building C object esp-idf/espressif__libsodium/CMakeFiles/__idf_espressif__libsodium.dir/libsodium/src/libsodium/crypto_stream/salsa208/stream_salsa208.c.obj
2026-07-22T05:53:12.2431557Z [1136/1630] Building C object esp-idf/espressif__libsodium/CMakeFiles/__idf_espressif__libsodium.dir/libsodium/src/libsodium/crypto_stream/salsa2012/stream_salsa2012.c.obj
2026-07-22T05:53:12.2907884Z [1137/1630] Building C object esp-idf/espressif__libsodium/CMakeFiles/__idf_espressif__libsodium.dir/libsodium/src/libsodium/crypto_stream/xchacha20/stream_xchacha20.c.obj
2026-07-22T05:53:12.2959091Z [1138/1630] Building C object esp-idf/espressif__libsodium/CMakeFiles/__idf_espressif__libsodium.dir/libsodium/src/libsodium/crypto_xof/shake256/xof_shake256.c.obj
2026-07-22T05:53:12.3341173Z [1139/1630] Building C object esp-idf/espressif__libsodium/CMakeFiles/__idf_espressif__libsodium.dir/libsodium/src/libsodium/crypto_stream/xsalsa20/stream_xsalsa20.c.obj
2026-07-22T05:53:12.3436730Z [1140/1630] Building C object esp-idf/espressif__libsodium/CMakeFiles/__idf_espressif__libsodium.dir/libsodium/src/libsodium/crypto_xof/shake128/xof_shake128.c.obj
2026-07-22T05:53:12.3720349Z [1141/1630] Building C object esp-idf/espressif__libsodium/CMakeFiles/__idf_espressif__libsodium.dir/libsodium/src/libsodium/crypto_xof/shake128/ref/shake128_ref.c.obj
2026-07-22T05:53:12.4110823Z [1142/1630] Building C object esp-idf/espressif__libsodium/CMakeFiles/__idf_espressif__libsodium.dir/libsodium/src/libsodium/crypto_xof/shake256/ref/shake256_ref.c.obj
2026-07-22T05:53:12.4491249Z [1143/1630] Building C object esp-idf/espressif__libsodium/CMakeFiles/__idf_espressif__libsodium.dir/libsodium/src/libsodium/crypto_xof/turboshake256/xof_turboshake256.c.obj
2026-07-22T05:53:12.4516341Z [1144/1630] Building C object esp-idf/espressif__libsodium/CMakeFiles/__idf_espressif__libsodium.dir/libsodium/src/libsodium/crypto_xof/turboshake128/xof_turboshake128.c.obj
2026-07-22T05:53:12.4824801Z [1145/1630] Building C object esp-idf/espressif__libsodium/CMakeFiles/__idf_espressif__libsodium.dir/libsodium/src/libsodium/crypto_xof/turboshake128/ref/turboshake128_ref.c.obj
2026-07-22T05:53:12.4939594Z [1146/1630] Building C object esp-idf/espressif__libsodium/CMakeFiles/__idf_espressif__libsodium.dir/libsodium/src/libsodium/randombytes/randombytes.c.obj
2026-07-22T05:53:12.5437937Z [1147/1630] Building C object esp-idf/espressif__libsodium/CMakeFiles/__idf_espressif__libsodium.dir/libsodium/src/libsodium/crypto_xof/turboshake256/ref/turboshake256_ref.c.obj
2026-07-22T05:53:12.5949688Z [1148/1630] Building C object esp-idf/espressif__libsodium/CMakeFiles/__idf_espressif__libsodium.dir/libsodium/src/libsodium/sodium/version.c.obj
2026-07-22T05:53:12.6219966Z [1149/1630] Building C object esp-idf/espressif__libsodium/CMakeFiles/__idf_espressif__libsodium.dir/libsodium/src/libsodium/sodium/runtime.c.obj
2026-07-22T05:53:12.6301255Z [1150/1630] Building C object esp-idf/espressif__libsodium/CMakeFiles/__idf_espressif__libsodium.dir/libsodium/src/libsodium/sodium/core.c.obj
2026-07-22T05:53:12.7114802Z [1151/1630] Building C object esp-idf/espressif__libsodium/CMakeFiles/__idf_espressif__libsodium.dir/port/crypto_hash_mbedtls/crypto_hash_sha256_mbedtls.c.obj
2026-07-22T05:53:12.7350419Z [1152/1630] Building C object esp-idf/espressif__libsodium/CMakeFiles/__idf_espressif__libsodium.dir/port/randombytes_esp32.c.obj
2026-07-22T05:53:12.7380067Z [1153/1630] Building C object esp-idf/espressif__libsodium/CMakeFiles/__idf_espressif__libsodium.dir/port/crypto_hash_mbedtls/crypto_hash_sha512_mbedtls.c.obj
2026-07-22T05:53:12.7667298Z [1154/1630] Building C object esp-idf/espressif__libsodium/CMakeFiles/__idf_espressif__libsodium.dir/libsodium/src/libsodium/sodium/utils.c.obj
2026-07-22T05:53:12.7718304Z [1155/1630] Building C object esp-idf/espressif__libsodium/CMakeFiles/__idf_espressif__libsodium.dir/libsodium/src/libsodium/sodium/codecs.c.obj
2026-07-22T05:53:12.9527322Z [1156/1630] Linking C static library esp-idf/espressif__libsodium/libespressif__libsodium.a
2026-07-22T05:53:12.9760203Z [1157/1630] Building C object esp-idf/espressif__mdns/CMakeFiles/__idf_espressif__mdns.dir/mdns_utils.c.obj
2026-07-22T05:53:13.0790997Z [1158/1630] Building C object esp-idf/espressif__mdns/CMakeFiles/__idf_espressif__mdns.dir/mdns_debug.c.obj
2026-07-22T05:53:13.2440130Z [1159/1630] Building C object esp-idf/espressif__mdns/CMakeFiles/__idf_espressif__mdns.dir/mdns_querier.c.obj
2026-07-22T05:53:13.4111532Z [1160/1630] Building C object esp-idf/espressif__mdns/CMakeFiles/__idf_espressif__mdns.dir/mdns_receive.c.obj
2026-07-22T05:53:13.4469088Z [1161/1630] Building C object esp-idf/espressif__mdns/CMakeFiles/__idf_espressif__mdns.dir/mdns_netif.c.obj
2026-07-22T05:53:13.5036089Z [1162/1630] Building C object esp-idf/espressif__mdns/CMakeFiles/__idf_espressif__mdns.dir/mdns_responder.c.obj
2026-07-22T05:53:13.5347577Z [1163/1630] Building C object esp-idf/espressif__mdns/CMakeFiles/__idf_espressif__mdns.dir/mdns_browser.c.obj
2026-07-22T05:53:13.6177706Z [1164/1630] Building C object esp-idf/espressif__mdns/CMakeFiles/__idf_espressif__mdns.dir/mdns_pcb.c.obj
2026-07-22T05:53:13.6214731Z [1165/1630] Building C object esp-idf/espressif__mdns/CMakeFiles/__idf_espressif__mdns.dir/mdns_send.c.obj
2026-07-22T05:53:13.7325851Z [1166/1630] Building C object esp-idf/espressif__mdns/CMakeFiles/__idf_espressif__mdns.dir/mdns_mem_caps.c.obj
2026-07-22T05:53:13.8152080Z [1167/1630] Building C object esp-idf/joltwallet__littlefs/CMakeFiles/__idf_joltwallet__littlefs.dir/src/littlefs/lfs_util.c.obj
2026-07-22T05:53:13.8164533Z [1168/1630] Building C object esp-idf/espressif__mdns/CMakeFiles/__idf_espressif__mdns.dir/mdns_service.c.obj
2026-07-22T05:53:13.8890578Z [1169/1630] Building C object esp-idf/espressif__mdns/CMakeFiles/__idf_espressif__mdns.dir/mdns_networking_lwip.c.obj
2026-07-22T05:53:14.0090969Z [1170/1630] Building C object esp-idf/joltwallet__littlefs/CMakeFiles/__idf_joltwallet__littlefs.dir/src/lfs_config.c.obj
2026-07-22T05:53:14.0811017Z [1171/1630] Building ASM object esp-idf/espressif__esp-dsp/CMakeFiles/__idf_espressif__esp-dsp.dir/modules/dotprod/float/dsps_dotprod_f32_aes3.S.obj
2026-07-22T05:53:14.1030424Z [1172/1630] Building C object esp-idf/espressif__mdns/CMakeFiles/__idf_espressif__mdns.dir/mdns_console.c.obj
2026-07-22T05:53:14.1315266Z [1173/1630] Linking C static library esp-idf/espressif__mdns/libespressif__mdns.a
2026-07-22T05:53:14.1345802Z [1174/1630] Building CXX object esp-idf/espressif__esp-dsp/CMakeFiles/__idf_espressif__esp-dsp.dir/modules/common/misc/dsps_pwroftwo.cpp.obj
2026-07-22T05:53:14.1437169Z [1175/1630] Building ASM object esp-idf/espressif__esp-dsp/CMakeFiles/__idf_espressif__esp-dsp.dir/modules/dotprod/float/dsps_dotprode_f32_ae32.S.obj
2026-07-22T05:53:14.1586499Z [1176/1630] Linking C static library esp-idf/esp_local_ctrl/libesp_local_ctrl.a
2026-07-22T05:53:14.1829006Z [1177/1630] Building C object esp-idf/joltwallet__littlefs/CMakeFiles/__idf_joltwallet__littlefs.dir/src/littlefs_esp_part.c.obj
2026-07-22T05:53:14.1946274Z [1178/1630] Building ASM object esp-idf/espressif__esp-dsp/CMakeFiles/__idf_espressif__esp-dsp.dir/modules/dotprod/float/dsps_dotprod_f32_ae32.S.obj
2026-07-22T05:53:14.2108620Z [1179/1630] Building ASM object esp-idf/espressif__esp-dsp/CMakeFiles/__idf_espressif__esp-dsp.dir/modules/dotprod/float/dsps_dotprod_f32_m_ae32.S.obj
2026-07-22T05:53:14.2284454Z [1180/1630] Building ASM object esp-idf/espressif__esp-dsp/CMakeFiles/__idf_espressif__esp-dsp.dir/modules/dotprod/float/dsps_dotprode_f32_m_ae32.S.obj
2026-07-22T05:53:14.2759635Z [1181/1630] Building ASM object esp-idf/espressif__esp-dsp/CMakeFiles/__idf_espressif__esp-dsp.dir/modules/dotprod/fixed/dsps_dotprod_s16_m_ae32.S.obj
2026-07-22T05:53:14.3400800Z [1182/1630] Building C object esp-idf/espressif__esp-dsp/CMakeFiles/__idf_espressif__esp-dsp.dir/modules/dotprod/float/dsps_dotprode_f32_ansi.c.obj
2026-07-22T05:53:14.3538429Z [1183/1630] Building C object esp-idf/espressif__esp-dsp/CMakeFiles/__idf_espressif__esp-dsp.dir/modules/dotprod/float/dsps_dotprod_f32_ansi.c.obj
2026-07-22T05:53:14.3596718Z [1184/1630] Building C object esp-idf/espressif__esp-dsp/CMakeFiles/__idf_espressif__esp-dsp.dir/modules/common/misc/aes3_tie_log.c.obj
2026-07-22T05:53:14.3959374Z [1185/1630] Building ASM object esp-idf/espressif__esp-dsp/CMakeFiles/__idf_espressif__esp-dsp.dir/modules/dotprod/fixed/dsps_dotprod_s16_ae32.S.obj
2026-07-22T05:53:14.4048094Z [1186/1630] Building C object esp-idf/joltwallet__littlefs/CMakeFiles/__idf_joltwallet__littlefs.dir/src/esp_littlefs.c.obj
2026-07-22T05:53:14.4313277Z [1187/1630] Building C object esp-idf/espressif__esp-dsp/CMakeFiles/__idf_espressif__esp-dsp.dir/modules/dotprod/fixed/dsps_dotprod_s16_ansi.c.obj
2026-07-22T05:53:14.5045372Z [1188/1630] Building C object esp-idf/espressif__esp-dsp/CMakeFiles/__idf_espressif__esp-dsp.dir/modules/dotprod/fixed/dspi_dotprod_s16_ansi.c.obj
2026-07-22T05:53:14.5553328Z [1189/1630] Building C object esp-idf/espressif__esp-dsp/CMakeFiles/__idf_espressif__esp-dsp.dir/modules/dotprod/float/dspi_dotprod_off_f32_ansi.c.obj
2026-07-22T05:53:14.5683102Z [1190/1630] Building C object esp-idf/espressif__esp-dsp/CMakeFiles/__idf_espressif__esp-dsp.dir/modules/dotprod/float/dspi_dotprod_f32_ansi.c.obj
2026-07-22T05:53:14.5735877Z [1191/1630] Building C object esp-idf/espressif__esp-dsp/CMakeFiles/__idf_espressif__esp-dsp.dir/modules/dotprod/fixed/dspi_dotprod_s8_ansi.c.obj
2026-07-22T05:53:14.5827247Z [1192/1630] Building C object esp-idf/espressif__esp-dsp/CMakeFiles/__idf_espressif__esp-dsp.dir/modules/dotprod/fixed/dspi_dotprod_u16_ansi.c.obj
2026-07-22T05:53:14.6818960Z [1193/1630] Building C object esp-idf/espressif__esp-dsp/CMakeFiles/__idf_espressif__esp-dsp.dir/modules/dotprod/fixed/dspi_dotprod_u8_ansi.c.obj
2026-07-22T05:53:14.7080693Z [1194/1630] Building C object esp-idf/espressif__esp-dsp/CMakeFiles/__idf_espressif__esp-dsp.dir/modules/dotprod/fixed/dspi_dotprod_off_u16_ansi.c.obj
2026-07-22T05:53:14.7117379Z [1195/1630] Building C object esp-idf/espressif__esp-dsp/CMakeFiles/__idf_espressif__esp-dsp.dir/modules/dotprod/fixed/dspi_dotprod_off_u8_ansi.c.obj
2026-07-22T05:53:14.7237335Z [1196/1630] Building C object esp-idf/espressif__esp-dsp/CMakeFiles/__idf_espressif__esp-dsp.dir/modules/dotprod/fixed/dspi_dotprod_off_s8_ansi.c.obj
2026-07-22T05:53:14.7456336Z [1197/1630] Building ASM object esp-idf/espressif__esp-dsp/CMakeFiles/__idf_espressif__esp-dsp.dir/modules/dotprod/fixed/dspi_dotprod_s16_aes3.S.obj
2026-07-22T05:53:14.7658977Z [1198/1630] Building ASM object esp-idf/espressif__esp-dsp/CMakeFiles/__idf_espressif__esp-dsp.dir/modules/dotprod/fixed/dspi_dotprod_off_u16_aes3.S.obj
2026-07-22T05:53:14.7668267Z [1199/1630] Building C object esp-idf/espressif__esp-dsp/CMakeFiles/__idf_espressif__esp-dsp.dir/modules/dotprod/fixed/dspi_dotprod_off_s16_ansi.c.obj
2026-07-22T05:53:14.7671275Z [1200/1630] Building ASM object esp-idf/espressif__esp-dsp/CMakeFiles/__idf_espressif__esp-dsp.dir/modules/dotprod/fixed/dspi_dotprod_u16_aes3.S.obj
2026-07-22T05:53:14.7713810Z [1201/1630] Building ASM object esp-idf/espressif__esp-dsp/CMakeFiles/__idf_espressif__esp-dsp.dir/modules/dotprod/fixed/dspi_dotprod_off_s16_aes3.S.obj
2026-07-22T05:53:14.8071850Z [1202/1630] Building ASM object esp-idf/espressif__esp-dsp/CMakeFiles/__idf_espressif__esp-dsp.dir/modules/dotprod/fixed/dspi_dotprod_u8_aes3.S.obj
2026-07-22T05:53:14.8125099Z [1203/1630] Building ASM object esp-idf/espressif__esp-dsp/CMakeFiles/__idf_espressif__esp-dsp.dir/modules/dotprod/fixed/dspi_dotprod_off_u8_aes3.S.obj
2026-07-22T05:53:14.8165601Z [1204/1630] Building ASM object esp-idf/espressif__esp-dsp/CMakeFiles/__idf_espressif__esp-dsp.dir/modules/matrix/mul/float/dspm_mult_3x3x1_f32_ae32.S.obj
2026-07-22T05:53:14.8246270Z [1205/1630] Building ASM object esp-idf/espressif__esp-dsp/CMakeFiles/__idf_espressif__esp-dsp.dir/modules/dotprod/fixed/dspi_dotprod_off_s8_aes3.S.obj
2026-07-22T05:53:14.8376485Z [1206/1630] Building ASM object esp-idf/espressif__esp-dsp/CMakeFiles/__idf_espressif__esp-dsp.dir/modules/dotprod/fixed/dspi_dotprod_s8_aes3.S.obj
2026-07-22T05:53:14.8513886Z [1207/1630] Building ASM object esp-idf/espressif__esp-dsp/CMakeFiles/__idf_espressif__esp-dsp.dir/modules/matrix/mul/float/dspm_mult_3x3x3_f32_ae32.S.obj
2026-07-22T05:53:14.8529827Z [1208/1630] Building ASM object esp-idf/espressif__esp-dsp/CMakeFiles/__idf_espressif__esp-dsp.dir/modules/matrix/mul/float/dspm_mult_4x4x1_f32_ae32.S.obj
2026-07-22T05:53:14.8731017Z [1209/1630] Building C object esp-idf/joltwallet__littlefs/CMakeFiles/__idf_joltwallet__littlefs.dir/src/littlefs/lfs.c.obj
2026-07-22T05:53:14.8741244Z [1210/1630] Building ASM object esp-idf/espressif__esp-dsp/CMakeFiles/__idf_espressif__esp-dsp.dir/modules/matrix/mul/float/dspm_mult_f32_ae32.S.obj
2026-07-22T05:53:14.8759156Z [1211/1630] Building ASM object esp-idf/espressif__esp-dsp/CMakeFiles/__idf_espressif__esp-dsp.dir/modules/matrix/mul/float/dspm_mult_4x4x4_f32_ae32.S.obj
2026-07-22T05:53:14.8943597Z [1212/1630] Building ASM object esp-idf/espressif__esp-dsp/CMakeFiles/__idf_espressif__esp-dsp.dir/modules/matrix/mul/float/dspm_mult_f32_aes3.S.obj
2026-07-22T05:53:14.9025995Z [1213/1630] Linking C static library esp-idf/joltwallet__littlefs/libjoltwallet__littlefs.a
2026-07-22T05:53:14.9032438Z [1214/1630] Building ASM object esp-idf/espressif__esp-dsp/CMakeFiles/__idf_espressif__esp-dsp.dir/modules/matrix/mul/fixed/dspm_mult_s16_ae32.S.obj
2026-07-22T05:53:14.9322034Z [1215/1630] Building ASM object esp-idf/espressif__esp-dsp/CMakeFiles/__idf_espressif__esp-dsp.dir/modules/matrix/mul/float/dspm_mult_ex_f32_ae32.S.obj
2026-07-22T05:53:14.9357283Z [1216/1630] Building ASM object esp-idf/espressif__esp-dsp/CMakeFiles/__idf_espressif__esp-dsp.dir/modules/matrix/mul/fixed/dspm_mult_s16_m_ae32.S.obj
2026-07-22T05:53:14.9391873Z [1217/1630] Building ASM object esp-idf/espressif__esp-dsp/CMakeFiles/__idf_espressif__esp-dsp.dir/modules/matrix/mul/float/dspm_mult_ex_f32_aes3.S.obj
2026-07-22T05:53:14.9510285Z [1218/1630] Building ASM object esp-idf/espressif__esp-dsp/CMakeFiles/__idf_espressif__esp-dsp.dir/modules/matrix/mul/fixed/dspm_mult_s16_m_ae32_vector.S.obj
2026-07-22T05:53:14.9708793Z [1219/1630] Building ASM object esp-idf/espressif__esp-dsp/CMakeFiles/__idf_espressif__esp-dsp.dir/modules/matrix/mul/fixed/dspm_mult_s16_aes3.S.obj
2026-07-22T05:53:14.9991010Z [1220/1630] Building C object esp-idf/espressif__esp-dsp/CMakeFiles/__idf_espressif__esp-dsp.dir/modules/matrix/mul/float/dspm_mult_f32_ansi.c.obj
2026-07-22T05:53:15.0059309Z [1221/1630] Building C object esp-idf/espressif__esp-dsp/CMakeFiles/__idf_espressif__esp-dsp.dir/modules/matrix/mul/float/dspm_mult_ex_f32_ansi.c.obj
2026-07-22T05:53:15.0092761Z [1222/1630] Building ASM object esp-idf/espressif__esp-dsp/CMakeFiles/__idf_espressif__esp-dsp.dir/modules/matrix/addc/float/dspm_addc_f32_ae32.S.obj
2026-07-22T05:53:15.0113217Z [1223/1630] Building ASM object esp-idf/espressif__esp-dsp/CMakeFiles/__idf_espressif__esp-dsp.dir/modules/matrix/add/float/dspm_add_f32_ae32.S.obj
2026-07-22T05:53:15.0596031Z [1224/1630] Building ASM object esp-idf/espressif__esp-dsp/CMakeFiles/__idf_espressif__esp-dsp.dir/modules/matrix/mulc/float/dspm_mulc_f32_ae32.S.obj
2026-07-22T05:53:15.0757276Z [1225/1630] Building C object esp-idf/espressif__esp-dsp/CMakeFiles/__idf_espressif__esp-dsp.dir/modules/matrix/add/float/dspm_add_f32_ansi.c.obj
2026-07-22T05:53:15.1078579Z [1226/1630] Building C object esp-idf/espressif__esp-dsp/CMakeFiles/__idf_espressif__esp-dsp.dir/modules/matrix/mul/fixed/dspm_mult_s16_ansi.c.obj
2026-07-22T05:53:15.1135815Z [1227/1630] Building C object esp-idf/espressif__esp-dsp/CMakeFiles/__idf_espressif__esp-dsp.dir/modules/matrix/mulc/float/dspm_mulc_f32_ansi.c.obj
2026-07-22T05:53:15.1143717Z [1228/1630] Building ASM object esp-idf/espressif__esp-dsp/CMakeFiles/__idf_espressif__esp-dsp.dir/modules/matrix/sub/float/dspm_sub_f32_ae32.S.obj
2026-07-22T05:53:15.1590894Z [1229/1630] Building C object esp-idf/espressif__esp-dsp/CMakeFiles/__idf_espressif__esp-dsp.dir/modules/matrix/addc/float/dspm_addc_f32_ansi.c.obj
2026-07-22T05:53:15.1625443Z [1230/1630] Building C object esp-idf/espressif__esp-dsp/CMakeFiles/__idf_espressif__esp-dsp.dir/modules/matrix/sub/float/dspm_sub_f32_ansi.c.obj
2026-07-22T05:53:15.1635397Z [1231/1630] Building ASM object esp-idf/espressif__esp-dsp/CMakeFiles/__idf_espressif__esp-dsp.dir/modules/math/mulc/fixed/dsps_mulc_s16_ae32.S.obj
2026-07-22T05:53:15.2153139Z [1232/1630] Building C object esp-idf/espressif__esp-dsp/CMakeFiles/__idf_espressif__esp-dsp.dir/modules/math/mulc/float/dsps_mulc_f32_ansi.c.obj
2026-07-22T05:53:15.2163879Z [1233/1630] Building ASM object esp-idf/espressif__esp-dsp/CMakeFiles/__idf_espressif__esp-dsp.dir/modules/math/add/fixed/dsps_add_s16_aes3.S.obj
2026-07-22T05:53:15.2610263Z [1234/1630] Building C object esp-idf/espressif__esp-dsp/CMakeFiles/__idf_espressif__esp-dsp.dir/modules/math/add/float/dsps_add_f32_ansi.c.obj
2026-07-22T05:53:15.2890513Z [1235/1630] Building ASM object esp-idf/espressif__esp-dsp/CMakeFiles/__idf_espressif__esp-dsp.dir/modules/math/add/fixed/dsps_add_s16_ae32.S.obj
2026-07-22T05:53:15.2952027Z [1236/1630] Building C object esp-idf/espressif__esp-dsp/CMakeFiles/__idf_espressif__esp-dsp.dir/modules/math/addc/float/dsps_addc_f32_ansi.c.obj
2026-07-22T05:53:15.3280951Z [1237/1630] Building C object esp-idf/espressif__esp-dsp/CMakeFiles/__idf_espressif__esp-dsp.dir/modules/math/mulc/fixed/dsps_mulc_s16_ansi.c.obj
2026-07-22T05:53:15.3364913Z [1238/1630] Building ASM object esp-idf/espressif__esp-dsp/CMakeFiles/__idf_espressif__esp-dsp.dir/modules/math/add/fixed/dsps_add_s8_aes3.S.obj
2026-07-22T05:53:15.3478124Z [1239/1630] Building C object esp-idf/espressif__esp-dsp/CMakeFiles/__idf_espressif__esp-dsp.dir/modules/math/add/fixed/dsps_add_s16_ansi.c.obj
2026-07-22T05:53:15.3978094Z [1240/1630] Building C object esp-idf/espressif__esp-dsp/CMakeFiles/__idf_espressif__esp-dsp.dir/modules/math/add/fixed/dsps_add_s8_ansi.c.obj
2026-07-22T05:53:15.4035913Z [1241/1630] Building ASM object esp-idf/espressif__esp-dsp/CMakeFiles/__idf_espressif__esp-dsp.dir/modules/math/sub/fixed/dsps_sub_s8_aes3.S.obj
2026-07-22T05:53:15.4289838Z [1242/1630] Building C object esp-idf/espressif__esp-dsp/CMakeFiles/__idf_espressif__esp-dsp.dir/modules/math/sub/float/dsps_sub_f32_ansi.c.obj
2026-07-22T05:53:15.4406379Z [1243/1630] Building ASM object esp-idf/espressif__esp-dsp/CMakeFiles/__idf_espressif__esp-dsp.dir/modules/math/sub/fixed/dsps_sub_s16_ae32.S.obj
2026-07-22T05:53:15.4507485Z [1244/1630] Building ASM object esp-idf/espressif__esp-dsp/CMakeFiles/__idf_espressif__esp-dsp.dir/modules/math/sub/fixed/dsps_sub_s16_aes3.S.obj
2026-07-22T05:53:15.4668439Z [1245/1630] Building C object esp-idf/espressif__esp-dsp/CMakeFiles/__idf_espressif__esp-dsp.dir/modules/math/sub/fixed/dsps_sub_s16_ansi.c.obj
2026-07-22T05:53:15.4980197Z [1246/1630] Building C object esp-idf/espressif__esp-dsp/CMakeFiles/__idf_espressif__esp-dsp.dir/modules/math/sub/fixed/dsps_sub_s8_ansi.c.obj
2026-07-22T05:53:15.4998162Z [1247/1630] Building ASM object esp-idf/espressif__esp-dsp/CMakeFiles/__idf_espressif__esp-dsp.dir/modules/math/mul/fixed/dsps_mul_s8_aes3.S.obj
2026-07-22T05:53:15.5025729Z [1248/1630] Building ASM object esp-idf/espressif__esp-dsp/CMakeFiles/__idf_espressif__esp-dsp.dir/modules/math/mul/fixed/dsps_mul_s16_ae32.S.obj
2026-07-22T05:53:15.5378491Z [1249/1630] Building ASM object esp-idf/espressif__esp-dsp/CMakeFiles/__idf_espressif__esp-dsp.dir/modules/math/mulc/float/dsps_mulc_f32_ae32.S.obj
2026-07-22T05:53:15.5520201Z [1250/1630] Building ASM object esp-idf/espressif__esp-dsp/CMakeFiles/__idf_espressif__esp-dsp.dir/modules/math/mul/fixed/dsps_mul_s16_aes3.S.obj
2026-07-22T05:53:15.5626977Z [1251/1630] Building C object esp-idf/espressif__esp-dsp/CMakeFiles/__idf_espressif__esp-dsp.dir/modules/math/mul/fixed/dsps_mul_s16_ansi.c.obj
2026-07-22T05:53:15.5876108Z [1252/1630] Building C object esp-idf/espressif__esp-dsp/CMakeFiles/__idf_espressif__esp-dsp.dir/modules/math/mul/float/dsps_mul_f32_ansi.c.obj
2026-07-22T05:53:15.5990757Z [1253/1630] Building ASM object esp-idf/espressif__esp-dsp/CMakeFiles/__idf_espressif__esp-dsp.dir/modules/math/addc/float/dsps_addc_f32_ae32.S.obj
2026-07-22T05:53:15.6016517Z [1254/1630] Building ASM object esp-idf/espressif__esp-dsp/CMakeFiles/__idf_espressif__esp-dsp.dir/modules/math/add/float/dsps_add_f32_ae32.S.obj
2026-07-22T05:53:15.6170367Z [1255/1630] Building ASM object esp-idf/espressif__esp-dsp/CMakeFiles/__idf_espressif__esp-dsp.dir/modules/math/sub/float/dsps_sub_f32_ae32.S.obj
2026-07-22T05:53:15.6358670Z [1256/1630] Building ASM object esp-idf/espressif__esp-dsp/CMakeFiles/__idf_espressif__esp-dsp.dir/modules/math/mul/float/dsps_mul_f32_ae32.S.obj
2026-07-22T05:53:15.6406468Z [1257/1630] Building C object esp-idf/espressif__esp-dsp/CMakeFiles/__idf_espressif__esp-dsp.dir/modules/math/mul/fixed/dsps_mul_s8_ansi.c.obj
2026-07-22T05:53:15.6536193Z [1258/1630] Building ASM object esp-idf/espressif__esp-dsp/CMakeFiles/__idf_espressif__esp-dsp.dir/modules/fft/float/dsps_fft2r_fc32_ae32_.S.obj
2026-07-22T05:53:15.6824172Z [1259/1630] Building ASM object esp-idf/espressif__esp-dsp/CMakeFiles/__idf_espressif__esp-dsp.dir/modules/fft/float/dsps_fft2r_fc32_aes3_.S.obj
2026-07-22T05:53:15.6927573Z [1260/1630] Building ASM object esp-idf/espressif__esp-dsp/CMakeFiles/__idf_espressif__esp-dsp.dir/modules/fft/float/dsps_bit_rev_lookup_fc32_aes3.S.obj
2026-07-22T05:53:15.8130033Z [1261/1630] Building C object esp-idf/espressif__esp-dsp/CMakeFiles/__idf_espressif__esp-dsp.dir/modules/math/sqrt/float/dsps_sqrt_f32_ansi.c.obj
2026-07-22T05:53:15.8408488Z [1262/1630] Building C object esp-idf/espressif__esp-dsp/CMakeFiles/__idf_espressif__esp-dsp.dir/modules/fft/float/dsps_fft4r_fc32_ae32.c.obj
2026-07-22T05:53:15.8558541Z [1263/1630] Building C object esp-idf/espressif__esp-dsp/CMakeFiles/__idf_espressif__esp-dsp.dir/modules/fft/float/dsps_fft2r_fc32_ae32.c.obj
2026-07-22T05:53:15.8846497Z [1264/1630] Building C object esp-idf/espressif__esp-dsp/CMakeFiles/__idf_espressif__esp-dsp.dir/modules/fft/float/dsps_fft2r_fc32_ansi.c.obj
2026-07-22T05:53:15.8848407Z [1265/1630] Building ASM object esp-idf/espressif__esp-dsp/CMakeFiles/__idf_espressif__esp-dsp.dir/modules/fft/fixed/dsps_fft2r_sc16_ae32.S.obj
2026-07-22T05:53:15.9178734Z [1266/1630] Building ASM object esp-idf/espressif__esp-dsp/CMakeFiles/__idf_espressif__esp-dsp.dir/modules/fft/fixed/dsps_fft2r_sc16_aes3.S.obj
2026-07-22T05:53:15.9504473Z [1267/1630] Building C object esp-idf/espressif__esp-dsp/CMakeFiles/__idf_espressif__esp-dsp.dir/modules/fft/float/dsps_fft2r_bitrev_tables_fc32.c.obj
2026-07-22T05:53:15.9506640Z [1268/1630] Building C object esp-idf/espressif__esp-dsp/CMakeFiles/__idf_espressif__esp-dsp.dir/modules/fft/float/dsps_fft4r_bitrev_tables_fc32.c.obj
2026-07-22T05:53:15.9715812Z [1269/1630] Building C object esp-idf/espressif__esp-dsp/CMakeFiles/__idf_espressif__esp-dsp.dir/modules/fft/float/dsps_fft4r_fc32_ansi.c.obj
2026-07-22T05:53:16.0560907Z [1270/1630] Building C object esp-idf/espressif__esp-dsp/CMakeFiles/__idf_espressif__esp-dsp.dir/modules/support/misc/dsps_h_gen.c.obj
2026-07-22T05:53:16.2003952Z [1271/1630] Building C object esp-idf/espressif__esp-dsp/CMakeFiles/__idf_espressif__esp-dsp.dir/modules/dct/float/dsps_dct_f32.c.obj
2026-07-22T05:53:16.2176458Z [1272/1630] Building C object esp-idf/espressif__esp-dsp/CMakeFiles/__idf_espressif__esp-dsp.dir/modules/fft/fixed/dsps_fft2r_sc16_ansi.c.obj
2026-07-22T05:53:16.2368962Z [1273/1630] Building C object esp-idf/espressif__esp-dsp/CMakeFiles/__idf_espressif__esp-dsp.dir/modules/support/misc/dsps_d_gen.c.obj
2026-07-22T05:53:16.2953098Z [1274/1630] Building ASM object esp-idf/espressif__esp-dsp/CMakeFiles/__idf_espressif__esp-dsp.dir/modules/support/cplx_gen/dsps_cplx_gen.S.obj
2026-07-22T05:53:16.3356372Z [1275/1630] Building C object esp-idf/espressif__esp-dsp/CMakeFiles/__idf_espressif__esp-dsp.dir/modules/support/misc/dsps_tone_gen.c.obj
2026-07-22T05:53:16.4260925Z [1276/1630] Building C object esp-idf/espressif__esp-dsp/CMakeFiles/__idf_espressif__esp-dsp.dir/modules/support/cplx_gen/dsps_cplx_gen.c.obj
2026-07-22T05:53:16.5271818Z [1277/1630] Building CXX object esp-idf/espressif__esp-dsp/CMakeFiles/__idf_espressif__esp-dsp.dir/modules/support/snr/float/dsps_snr_f32.cpp.obj
2026-07-22T05:53:16.5666089Z [1278/1630] Building C object esp-idf/espressif__esp-dsp/CMakeFiles/__idf_espressif__esp-dsp.dir/modules/windows/hann/float/dsps_wind_hann_f32.c.obj
2026-07-22T05:53:16.5927319Z [1279/1630] Building ASM object esp-idf/espressif__esp-dsp/CMakeFiles/__idf_espressif__esp-dsp.dir/modules/support/mem/esp32s3/dsps_memset_aes3.S.obj
2026-07-22T05:53:16.6160206Z [1280/1630] Building C object esp-idf/espressif__esp-dsp/CMakeFiles/__idf_espressif__esp-dsp.dir/modules/support/cplx_gen/dsps_cplx_gen_init.c.obj
2026-07-22T05:53:16.6355424Z [1281/1630] Building ASM object esp-idf/espressif__esp-dsp/CMakeFiles/__idf_espressif__esp-dsp.dir/modules/support/mem/esp32s3/dsps_memcpy_aes3.S.obj
2026-07-22T05:53:16.6489005Z [1282/1630] Building CXX object esp-idf/espressif__esp-dsp/CMakeFiles/__idf_espressif__esp-dsp.dir/modules/support/sfdr/float/dsps_sfdr_f32.cpp.obj
2026-07-22T05:53:16.7183787Z [1283/1630] Building C object esp-idf/espressif__esp-dsp/CMakeFiles/__idf_espressif__esp-dsp.dir/modules/windows/blackman_harris/float/dsps_wind_blackman_harris_f32.c.obj
2026-07-22T05:53:16.7301429Z [1284/1630] Building C object esp-idf/espressif__esp-dsp/CMakeFiles/__idf_espressif__esp-dsp.dir/modules/windows/nuttall/float/dsps_wind_nuttall_f32.c.obj
2026-07-22T05:53:16.7354472Z [1285/1630] Building C object esp-idf/espressif__esp-dsp/CMakeFiles/__idf_espressif__esp-dsp.dir/modules/windows/blackman/float/dsps_wind_blackman_f32.c.obj
2026-07-22T05:53:16.7708872Z [1286/1630] Building C object esp-idf/espressif__esp-dsp/CMakeFiles/__idf_espressif__esp-dsp.dir/modules/windows/blackman_nuttall/float/dsps_wind_blackman_nuttall_f32.c.obj
2026-07-22T05:53:16.8036142Z [1287/1630] Building ASM object esp-idf/espressif__esp-dsp/CMakeFiles/__idf_espressif__esp-dsp.dir/modules/conv/float/dsps_conv_f32_ae32.S.obj
2026-07-22T05:53:16.8173873Z [1288/1630] Building C object esp-idf/espressif__esp-dsp/CMakeFiles/__idf_espressif__esp-dsp.dir/modules/windows/flat_top/float/dsps_wind_flat_top_f32.c.obj
2026-07-22T05:53:16.8463512Z [1289/1630] Building C object esp-idf/espressif__esp-dsp/CMakeFiles/__idf_espressif__esp-dsp.dir/modules/conv/float/dsps_corr_f32_ansi.c.obj
2026-07-22T05:53:16.8641761Z [1290/1630] Building ASM object esp-idf/espressif__esp-dsp/CMakeFiles/__idf_espressif__esp-dsp.dir/modules/conv/float/dsps_corr_f32_ae32.S.obj
2026-07-22T05:53:16.8838072Z [1291/1630] Building ASM object esp-idf/espressif__esp-dsp/CMakeFiles/__idf_espressif__esp-dsp.dir/modules/iir/biquad/dsps_biquad_f32_aes3.S.obj
2026-07-22T05:53:16.9346064Z [1292/1630] Building CXX object esp-idf/espressif__esp-dsp/CMakeFiles/__idf_espressif__esp-dsp.dir/modules/matrix/mat/mat.cpp.obj
2026-07-22T05:53:16.9520534Z [1293/1630] Building ASM object esp-idf/espressif__esp-dsp/CMakeFiles/__idf_espressif__esp-dsp.dir/modules/conv/float/dsps_ccorr_f32_ae32.S.obj
2026-07-22T05:53:16.9631739Z [1294/1630] Building C object esp-idf/espressif__esp-dsp/CMakeFiles/__idf_espressif__esp-dsp.dir/modules/conv/float/dsps_conv_f32_ansi.c.obj
2026-07-22T05:53:16.9771296Z [1295/1630] Building ASM object esp-idf/espressif__esp-dsp/CMakeFiles/__idf_espressif__esp-dsp.dir/modules/iir/biquad/dsps_biquad_f32_ae32.S.obj
2026-07-22T05:53:17.0101782Z [1296/1630] Building ASM object esp-idf/espressif__esp-dsp/CMakeFiles/__idf_espressif__esp-dsp.dir/modules/fir/float/dsps_fir_f32_ae32.S.obj
2026-07-22T05:53:17.0167960Z [1297/1630] Building C object esp-idf/espressif__esp-dsp/CMakeFiles/__idf_espressif__esp-dsp.dir/modules/conv/float/dsps_ccorr_f32_ansi.c.obj
2026-07-22T05:53:17.0300642Z [1298/1630] Building ASM object esp-idf/espressif__esp-dsp/CMakeFiles/__idf_espressif__esp-dsp.dir/modules/fir/float/dsps_fir_f32_aes3.S.obj
2026-07-22T05:53:17.0377462Z [1299/1630] Building C object esp-idf/espressif__esp-dsp/CMakeFiles/__idf_espressif__esp-dsp.dir/modules/iir/biquad/dsps_biquad_f32_ansi.c.obj
2026-07-22T05:53:17.0553180Z [1300/1630] Building ASM object esp-idf/espressif__esp-dsp/CMakeFiles/__idf_espressif__esp-dsp.dir/modules/fir/float/dsps_fird_f32_ae32.S.obj
2026-07-22T05:53:17.0596333Z [1301/1630] Building CXX object esp-idf/espressif__esp-dsp/CMakeFiles/__idf_espressif__esp-dsp.dir/modules/support/view/dsps_view.cpp.obj
2026-07-22T05:53:17.0816741Z [1302/1630] Building ASM object esp-idf/espressif__esp-dsp/CMakeFiles/__idf_espressif__esp-dsp.dir/modules/fir/float/dsps_fird_f32_aes3.S.obj
2026-07-22T05:53:17.1665434Z [1303/1630] Building C object esp-idf/espressif__esp-dsp/CMakeFiles/__idf_espressif__esp-dsp.dir/modules/fir/float/dsps_fird_f32_ansi.c.obj
2026-07-22T05:53:17.1972828Z [1304/1630] Building C object esp-idf/espressif__esp-dsp/CMakeFiles/__idf_espressif__esp-dsp.dir/modules/iir/biquad/dsps_biquad_gen_f32.c.obj
2026-07-22T05:53:17.2124480Z [1305/1630] Building C object esp-idf/espressif__esp-dsp/CMakeFiles/__idf_espressif__esp-dsp.dir/modules/fir/float/dsps_fird_init_f32.c.obj
2026-07-22T05:53:17.2430195Z [1306/1630] Building C object esp-idf/espressif__esp-dsp/CMakeFiles/__idf_espressif__esp-dsp.dir/modules/fir/float/dsps_fir_f32_ansi.c.obj
2026-07-22T05:53:17.2439135Z [1307/1630] Building C object esp-idf/espressif__esp-dsp/CMakeFiles/__idf_espressif__esp-dsp.dir/modules/fir/float/dsps_fir_init_f32.c.obj
2026-07-22T05:53:17.2514314Z [1308/1630] Building ASM object esp-idf/espressif__esp-dsp/CMakeFiles/__idf_espressif__esp-dsp.dir/modules/fir/fixed/dsps_fir_s16_m_ae32.S.obj
2026-07-22T05:53:17.2519178Z [1309/1630] Building ASM object esp-idf/espressif__esp-dsp/CMakeFiles/__idf_espressif__esp-dsp.dir/modules/fir/fixed/dsps_fird_s16_ae32.S.obj
2026-07-22T05:53:17.2895415Z [1310/1630] Building C object esp-idf/espressif__esp-dsp/CMakeFiles/__idf_espressif__esp-dsp.dir/modules/fir/fixed/dsps_fird_init_s16.c.obj
2026-07-22T05:53:17.3285923Z [1311/1630] Building ASM object esp-idf/espressif__esp-dsp/CMakeFiles/__idf_espressif__esp-dsp.dir/modules/fir/fixed/dsps_fird_s16_aes3.S.obj
2026-07-22T05:53:17.3759850Z [1312/1630] Building C object esp-idf/espressif__esp-dsp/CMakeFiles/__idf_espressif__esp-dsp.dir/modules/fir/fixed/dsps_fird_s16_ansi.c.obj
2026-07-22T05:53:17.3969511Z [1313/1630] Building C object esp-idf/espressif__esp-sr/CMakeFiles/__idf_espressif__esp-sr.dir/src/esp_process_sdkconfig.c.obj
2026-07-22T05:53:17.5534979Z [1314/1630] Building C object esp-idf/espressif__esp-sr/CMakeFiles/__idf_espressif__esp-sr.dir/src/esp_mn_speech_commands.c.obj
2026-07-22T05:53:17.6441913Z [1315/1630] Building C object esp-idf/espressif__rmaker_common_events/CMakeFiles/__idf_espressif__rmaker_common_events.dir/src/common_events.c.obj
2026-07-22T05:53:17.6650776Z [1316/1630] Linking C static library esp-idf/espressif__rmaker_common_events/libespressif__rmaker_common_events.a
2026-07-22T05:53:17.6665070Z [1317/1630] Building C object esp-idf/espressif__esp-sr/CMakeFiles/__idf_espressif__esp-sr.dir/src/model_path.c.obj
2026-07-22T05:53:17.7108991Z [1318/1630] Building C object esp-idf/espressif__rmaker_cmd_resp/CMakeFiles/__idf_espressif__rmaker_cmd_resp.dir/src/cmd_resp.c.obj
2026-07-22T05:53:17.7210264Z [1319/1630] Linking C static library esp-idf/espressif__rmaker_cmd_resp/libespressif__rmaker_cmd_resp.a
2026-07-22T05:53:17.7979994Z [1320/1630] Building C object esp-idf/espressif__rmaker_system_ctrl/CMakeFiles/__idf_espressif__rmaker_system_ctrl.dir/src/system_ctrl.c.obj
2026-07-22T05:53:17.8129623Z [1321/1630] Linking C static library esp-idf/espressif__rmaker_system_ctrl/libespressif__rmaker_system_ctrl.a
2026-07-22T05:53:17.8336087Z [1322/1630] Building C object esp-idf/espressif__rmaker_time_sync/CMakeFiles/__idf_espressif__rmaker_time_sync.dir/src/timezone.c.obj
2026-07-22T05:53:17.9490752Z [1323/1630] Building C object esp-idf/espressif__rmaker_console/CMakeFiles/__idf_espressif__rmaker_console.dir/src/rmaker_console.c.obj
2026-07-22T05:53:18.1541977Z [1324/1630] Building C object esp-idf/espressif__rmaker_work_queue/CMakeFiles/__idf_espressif__rmaker_work_queue.dir/src/work_queue.c.obj
2026-07-22T05:53:18.1556780Z [1325/1630] Building C object esp-idf/espressif__rmaker_time_sync/CMakeFiles/__idf_espressif__rmaker_time_sync.dir/src/time_sync.c.obj
2026-07-22T05:53:18.1789577Z [1326/1630] Building C object esp-idf/espressif__rmaker_console/CMakeFiles/__idf_espressif__rmaker_console.dir/src/rmaker_common_cmds.c.obj
2026-07-22T05:53:18.1835577Z [1327/1630] Linking C static library esp-idf/espressif__rmaker_time_sync/libespressif__rmaker_time_sync.a
2026-07-22T05:53:18.1843385Z [1328/1630] Linking C static library esp-idf/espressif__rmaker_work_queue/libespressif__rmaker_work_queue.a
2026-07-22T05:53:18.1943805Z [1329/1630] Building C object esp-idf/espressif__rmaker_common/CMakeFiles/__idf_espressif__rmaker_common.dir/src/factory.c.obj
2026-07-22T05:53:18.2083416Z [1330/1630] Linking C static library esp-idf/espressif__rmaker_console/libespressif__rmaker_console.a
2026-07-22T05:53:18.4582932Z [1331/1630] Building C object esp-idf/espressif__rmaker_common/CMakeFiles/__idf_espressif__rmaker_common.dir/src/create_APN3_PPI_string.c.obj
2026-07-22T05:53:18.5162092Z [1332/1630] Building C object esp-idf/espressif__esp_diagnostics/CMakeFiles/__idf_espressif__esp_diagnostics.dir/src/esp_diagnostics_heap_metrics.c.obj
2026-07-22T05:53:18.6602199Z [1333/1630] Building C object esp-idf/espressif__esp_diagnostics/CMakeFiles/__idf_espressif__esp_diagnostics.dir/src/esp_diagnostics_log_hook.c.obj
2026-07-22T05:53:18.7889796Z [1334/1630] Building CXX object esp-idf/espressif__esp-dsp/CMakeFiles/__idf_espressif__esp-dsp.dir/modules/kalman/ekf_imu13states/ekf_imu13states.cpp.obj
2026-07-22T05:53:18.7957150Z [1335/1630] Building C object esp-idf/espressif__rmaker_common/CMakeFiles/__idf_espressif__rmaker_common.dir/src/esp-mqtt/esp-mqtt-glue.c.obj
2026-07-22T05:53:18.8281658Z [1336/1630] Building C object esp-idf/espressif__esp_diagnostics/CMakeFiles/__idf_espressif__esp_diagnostics.dir/src/esp_diagnostics_wifi_metrics.c.obj
2026-07-22T05:53:18.8334635Z [1337/1630] Linking C static library esp-idf/espressif__rmaker_common/libespressif__rmaker_common.a
2026-07-22T05:53:18.8864432Z [1338/1630] Building C object esp-idf/espressif__esp_diagnostics/CMakeFiles/__idf_espressif__esp_diagnostics.dir/src/esp_diagnostics_utils.c.obj
2026-07-22T05:53:18.8960605Z [1339/1630] Building C object esp-idf/espressif__esp_diagnostics/CMakeFiles/__idf_espressif__esp_diagnostics.dir/src/esp_diagnostics_metrics.c.obj
2026-07-22T05:53:18.9774902Z [1340/1630] Building C object esp-idf/espressif__esp_diagnostics/CMakeFiles/__idf_espressif__esp_diagnostics.dir/src/esp_diagnostics_variables.c.obj
2026-07-22T05:53:19.0241327Z [1341/1630] Building C object esp-idf/espressif__cbor/CMakeFiles/__idf_espressif__cbor.dir/tinycbor/src/cborencoder_close_container_checked.c.obj
2026-07-22T05:53:19.0262995Z [1342/1630] Building CXX object esp-idf/espressif__esp-dsp/CMakeFiles/__idf_espressif__esp-dsp.dir/modules/kalman/ekf/common/ekf.cpp.obj
2026-07-22T05:53:19.0284104Z [1343/1630] Building C object esp-idf/espressif__cbor/CMakeFiles/__idf_espressif__cbor.dir/tinycbor/src/cborerrorstrings.c.obj
2026-07-22T05:53:19.0528520Z [1344/1630] Building C object esp-idf/espressif__cbor/CMakeFiles/__idf_espressif__cbor.dir/tinycbor/src/cborencoder.c.obj
2026-07-22T05:53:19.1206283Z [1345/1630] Building C object esp-idf/espressif__esp_diagnostics/CMakeFiles/__idf_espressif__esp_diagnostics.dir/src/esp_diagnostics_network_variables.c.obj
2026-07-22T05:53:19.1381281Z [1346/1630] Building C object esp-idf/espressif__cbor/CMakeFiles/__idf_espressif__cbor.dir/tinycbor/src/cborencoder_float.c.obj
2026-07-22T05:53:19.1423473Z [1347/1630] Linking C static library esp-idf/espressif__esp_diagnostics/libespressif__esp_diagnostics.a
2026-07-22T05:53:19.1741225Z [1348/1630] Building C object esp-idf/espressif__cbor/CMakeFiles/__idf_espressif__cbor.dir/tinycbor/src/cborparser_dup_string.c.obj
2026-07-22T05:53:19.1759130Z [1349/1630] Linking C static library esp-idf/espressif__esp-dsp/libespressif__esp-dsp.a
2026-07-22T05:53:19.2016306Z [1350/1630] Linking C static library esp-idf/espressif__esp-sr/libespressif__esp-sr.a
2026-07-22T05:53:19.2178079Z [1351/1630] Building C object esp-idf/espressif__cbor/CMakeFiles/__idf_espressif__cbor.dir/tinycbor/src/cborparser_float.c.obj
2026-07-22T05:53:19.3254998Z [1352/1630] Building C object esp-idf/espressif__cbor/CMakeFiles/__idf_espressif__cbor.dir/tinycbor/src/cborpretty_stdio.c.obj
2026-07-22T05:53:19.3668941Z [1353/1630] Building C object esp-idf/espressif__cbor/CMakeFiles/__idf_espressif__cbor.dir/tinycbor/src/open_memstream.c.obj
2026-07-22T05:53:19.3846504Z [1354/1630] Building C object esp-idf/espressif__cbor/CMakeFiles/__idf_espressif__cbor.dir/tinycbor/src/cborparser.c.obj
2026-07-22T05:53:19.4466123Z [1355/1630] Building C object esp-idf/espressif__cbor/CMakeFiles/__idf_espressif__cbor.dir/tinycbor/src/cborpretty.c.obj
2026-07-22T05:53:19.5400368Z [1356/1630] Building C object esp-idf/espressif__cbor/CMakeFiles/__idf_espressif__cbor.dir/tinycbor/src/cborvalidation.c.obj
2026-07-22T05:53:19.5409238Z [1357/1630] Building C object esp-idf/espressif__cbor/CMakeFiles/__idf_espressif__cbor.dir/tinycbor/src/cbortojson.c.obj
2026-07-22T05:53:19.5597844Z [1358/1630] Building C object esp-idf/espressif__esp_diag_data_store/CMakeFiles/__idf_espressif__esp_diag_data_store.dir/src/esp_diag_data_store.c.obj
2026-07-22T05:53:19.5790437Z [1359/1630] Linking C static library esp-idf/espressif__cbor/libespressif__cbor.a
2026-07-22T05:53:19.7428174Z [1360/1630] Building C object esp-idf/espressif__esp_diag_data_store/CMakeFiles/__idf_espressif__esp_diag_data_store.dir/src/rtc_store/rtc_store.c.obj
2026-07-22T05:53:19.7643503Z [1361/1630] Linking C static library esp-idf/espressif__esp_diag_data_store/libespressif__esp_diag_data_store.a
2026-07-22T05:53:19.7802987Z [1362/1630] Generating ../../https_server.crt.S
2026-07-22T05:53:20.2531143Z [1363/1630] Building C object esp-idf/espressif__esp_insights/CMakeFiles/__idf_espressif__esp_insights.dir/src/esp_insights.c.obj
2026-07-22T05:53:20.5082590Z [1364/1630] Building C object esp-idf/espressif__esp_insights/CMakeFiles/__idf_espressif__esp_insights.dir/src/esp_insights_transport.c.obj
2026-07-22T05:53:20.5580971Z [1365/1630] Building CXX object esp-idf/espressif__esp_modem/CMakeFiles/__idf_espressif__esp_modem.dir/src/esp_modem_primitives_freertos.cpp.obj
2026-07-22T05:53:20.8812841Z [1366/1630] Building C object esp-idf/espressif__esp_insights/CMakeFiles/__idf_espressif__esp_insights.dir/src/esp_insights_client_data.c.obj
2026-07-22T05:53:21.1981211Z [1367/1630] Building C object esp-idf/espressif__esp_insights/CMakeFiles/__idf_espressif__esp_insights.dir/src/esp_insights_cbor_decoder.c.obj
2026-07-22T05:53:21.2551028Z [1368/1630] Building C object esp-idf/espressif__esp_insights/CMakeFiles/__idf_espressif__esp_insights.dir/src/esp_insights_encoder.c.obj
2026-07-22T05:53:21.4066291Z [1369/1630] Building C object esp-idf/espressif__esp_insights/CMakeFiles/__idf_espressif__esp_insights.dir/src/esp_insights_cmd_resp.c.obj
2026-07-22T05:53:21.6346526Z [1370/1630] Building CXX object esp-idf/espressif__esp_modem/CMakeFiles/__idf_espressif__esp_modem.dir/src/esp_modem_api_target.cpp.obj
2026-07-22T05:53:21.6673045Z [1371/1630] Building ASM object esp-idf/espressif__esp_insights/CMakeFiles/__idf_espressif__esp_insights.dir/__/__/https_server.crt.S.obj
2026-07-22T05:53:21.6881752Z [1372/1630] Building CXX object esp-idf/espressif__esp_modem/CMakeFiles/__idf_espressif__esp_modem.dir/src/esp_modem_netif.cpp.obj
2026-07-22T05:53:21.7221254Z [1373/1630] Building C object esp-idf/espressif__esp_insights/CMakeFiles/__idf_espressif__esp_insights.dir/src/esp_insights_cbor_encoder.c.obj
2026-07-22T05:53:21.7783310Z [1374/1630] Building C object esp-idf/espressif__esp_insights/CMakeFiles/__idf_espressif__esp_insights.dir/src/transport/esp_insights_https.c.obj
2026-07-22T05:53:21.7946342Z [1375/1630] Linking C static library esp-idf/espressif__esp_insights/libespressif__esp_insights.a
2026-07-22T05:53:21.8956967Z [1376/1630] Building CXX object esp-idf/espressif__esp_modem/CMakeFiles/__idf_espressif__esp_modem.dir/src/esp_modem_term_uart.cpp.obj
2026-07-22T05:53:22.0381442Z [1377/1630] Building CXX object esp-idf/espressif__esp_modem/CMakeFiles/__idf_espressif__esp_modem.dir/src/esp_modem_uart.cpp.obj
2026-07-22T05:53:24.3086156Z [1378/1630] Building CXX object esp-idf/espressif__esp_modem/CMakeFiles/__idf_espressif__esp_modem.dir/src/esp_modem_cmux.cpp.obj
2026-07-22T05:53:24.3236328Z [1379/1630] Building CXX object esp-idf/espressif__esp_modem/CMakeFiles/__idf_espressif__esp_modem.dir/src/esp_modem_dce.cpp.obj
2026-07-22T05:53:24.5094827Z [1380/1630] Building CXX object esp-idf/espressif__esp_modem/CMakeFiles/__idf_espressif__esp_modem.dir/src/esp_modem_factory.cpp.obj
2026-07-22T05:53:25.0129021Z [1381/1630] Building CXX object esp-idf/espressif__esp_modem/CMakeFiles/__idf_espressif__esp_modem.dir/src/esp_modem_dte.cpp.obj
2026-07-22T05:53:25.0530318Z [1382/1630] Building CXX object esp-idf/espressif__esp_modem/CMakeFiles/__idf_espressif__esp_modem.dir/src/esp_modem_api.cpp.obj
2026-07-22T05:53:25.6700436Z [1383/1630] Building CXX object esp-idf/espressif__esp_modem/CMakeFiles/__idf_espressif__esp_modem.dir/src/esp_modem_c_api.cpp.obj
2026-07-22T05:53:25.9184810Z [1384/1630] Building C object esp-idf/espressif__json_parser/CMakeFiles/__idf_espressif__json_parser.dir/src/json_parser.c.obj
2026-07-22T05:53:25.9313907Z [1385/1630] Linking C static library esp-idf/espressif__json_parser/libespressif__json_parser.a
2026-07-22T05:53:26.0728768Z [1386/1630] Building C object esp-idf/espressif__json_generator/CMakeFiles/__idf_espressif__json_generator.dir/src/json_generator.c.obj
2026-07-22T05:53:26.0857536Z [1387/1630] Linking C static library esp-idf/espressif__json_generator/libespressif__json_generator.a
2026-07-22T05:53:26.2305539Z [1388/1630] Building C object esp-idf/espressif__esp_daylight/CMakeFiles/__idf_espressif__esp_daylight.dir/src/esp_daylight.c.obj
2026-07-22T05:53:26.2430088Z [1389/1630] Linking C static library esp-idf/espressif__esp_daylight/libespressif__esp_daylight.a
2026-07-22T05:53:26.6516248Z [1390/1630] Building C object esp-idf/espressif__esp_schedule/CMakeFiles/__idf_espressif__esp_schedule.dir/src/esp_schedule.c.obj
2026-07-22T05:53:26.9036210Z [1391/1630] Building C object esp-idf/espressif__esp_schedule/CMakeFiles/__idf_espressif__esp_schedule.dir/src/esp_schedule_nvs.c.obj
2026-07-22T05:53:26.9259715Z [1392/1630] Linking C static library esp-idf/espressif__esp_schedule/libespressif__esp_schedule.a
2026-07-22T05:53:27.0073239Z [1393/1630] Building CXX object esp-idf/espressif__esp_modem/CMakeFiles/__idf_espressif__esp_modem.dir/src/esp_modem_vfs_uart_creator.cpp.obj
2026-07-22T05:53:27.0440836Z [1394/1630] Building CXX object esp-idf/espressif__esp_modem/CMakeFiles/__idf_espressif__esp_modem.dir/src/esp_modem_vfs_socket_creator.cpp.obj
2026-07-22T05:53:27.1114115Z [1395/1630] Building CXX object esp-idf/espressif__esp_modem/CMakeFiles/__idf_espressif__esp_modem.dir/src/esp_modem_term_fs.cpp.obj
2026-07-22T05:53:27.1327471Z [1396/1630] Building C object esp-idf/espressif__qrcode/CMakeFiles/__idf_espressif__qrcode.dir/esp_qrcode_wrapper.c.obj
2026-07-22T05:53:27.2087107Z [1397/1630] Building C object esp-idf/espressif__qrcode/CMakeFiles/__idf_espressif__qrcode.dir/esp_qrcode_main.c.obj
2026-07-22T05:53:27.3704026Z [1398/1630] Building C object esp-idf/espressif__esp_secure_cert_mgr/CMakeFiles/__idf_espressif__esp_secure_cert_mgr.dir/srcs/esp_secure_cert_crypto.c.obj
2026-07-22T05:53:27.4292774Z [1399/1630] Building C object esp-idf/espressif__qrcode/CMakeFiles/__idf_espressif__qrcode.dir/qrcodegen.c.obj
2026-07-22T05:53:27.4458953Z [1400/1630] Building C object esp-idf/espressif__esp_secure_cert_mgr/CMakeFiles/__idf_espressif__esp_secure_cert_mgr.dir/srcs/esp_secure_cert_tlv_read.c.obj
2026-07-22T05:53:27.4469334Z [1401/1630] Linking C static library esp-idf/espressif__qrcode/libespressif__qrcode.a
2026-07-22T05:53:27.4595180Z [1402/1630] Linking C static library esp-idf/espressif__esp_secure_cert_mgr/libespressif__esp_secure_cert_mgr.a
2026-07-22T05:53:27.4725430Z [1403/1630] Generating ../../rmaker_mqtt_server.crt.S
2026-07-22T05:53:27.4773929Z [1404/1630] Generating ../../rmaker_claim_service_server.crt.S
2026-07-22T05:53:27.4811595Z [1405/1630] Generating ../../rmaker_ota_server.crt.S
2026-07-22T05:53:27.8178836Z [1406/1630] Building C object esp-idf/espressif__esp_rainmaker/CMakeFiles/__idf_espressif__esp_rainmaker.dir/src/core/esp_rmaker_client_data.c.obj
2026-07-22T05:53:27.9035344Z [1407/1630] Building CXX object esp-idf/espressif__esp_modem/CMakeFiles/__idf_espressif__esp_modem.dir/src/esp_modem_modules.cpp.obj
2026-07-22T05:53:28.0473326Z [1408/1630] Building CXX object esp-idf/espressif__esp_modem/CMakeFiles/__idf_espressif__esp_modem.dir/src/esp_modem_command_library.cpp.obj
2026-07-22T05:53:28.1114576Z [1409/1630] Building C object esp-idf/espressif__esp_rainmaker/CMakeFiles/__idf_espressif__esp_rainmaker.dir/src/core/esp_rmaker_core.c.obj
2026-07-22T05:53:28.1461170Z [1410/1630] Building C object esp-idf/espressif__esp_rainmaker/CMakeFiles/__idf_espressif__esp_rainmaker.dir/src/core/esp_rmaker_node.c.obj
2026-07-22T05:53:28.1530379Z [1411/1630] Building C object esp-idf/espressif__esp_rainmaker/CMakeFiles/__idf_espressif__esp_rainmaker.dir/src/core/esp_rmaker_param.c.obj
2026-07-22T05:53:28.1686344Z [1412/1630] Linking C static library esp-idf/espressif__esp_modem/libespressif__esp_modem.a
2026-07-22T05:53:28.2748630Z [1413/1630] Building C object esp-idf/espressif__esp_rainmaker/CMakeFiles/__idf_espressif__esp_rainmaker.dir/src/core/esp_rmaker_user_mapping.pb-c.c.obj
2026-07-22T05:53:28.2810941Z [1414/1630] Building C object esp-idf/espressif__esp_rainmaker/CMakeFiles/__idf_espressif__esp_rainmaker.dir/src/core/esp_rmaker_device.c.obj
2026-07-22T05:53:28.3142707Z [1415/1630] Building C object esp-idf/espressif__esp_rainmaker/CMakeFiles/__idf_espressif__esp_rainmaker.dir/src/core/esp_rmaker_time_service.c.obj
2026-07-22T05:53:28.5961620Z [1416/1630] Building C object esp-idf/espressif__esp_rainmaker/CMakeFiles/__idf_espressif__esp_rainmaker.dir/src/core/esp_rmaker_groups.c.obj
2026-07-22T05:53:28.6523918Z [1417/1630] Building C object esp-idf/espressif__esp_rainmaker/CMakeFiles/__idf_espressif__esp_rainmaker.dir/src/core/esp_rmaker_node_config.c.obj
2026-07-22T05:53:28.6669858Z [1418/1630] Building C object esp-idf/espressif__esp_rainmaker/CMakeFiles/__idf_espressif__esp_rainmaker.dir/src/core/esp_rmaker_system_service.c.obj
2026-07-22T05:53:28.6859650Z [1419/1630] Building C object esp-idf/espressif__esp_rainmaker/CMakeFiles/__idf_espressif__esp_rainmaker.dir/src/core/esp_rmaker_user_mapping.c.obj
2026-07-22T05:53:28.7185167Z [1420/1630] Building C object esp-idf/espressif__esp_rainmaker/CMakeFiles/__idf_espressif__esp_rainmaker.dir/src/core/esp_rmaker_scenes.c.obj
2026-07-22T05:53:28.7855468Z [1421/1630] Building C object esp-idf/espressif__esp_rainmaker/CMakeFiles/__idf_espressif__esp_rainmaker.dir/src/core/esp_rmaker_schedule.c.obj
2026-07-22T05:53:28.9285457Z [1422/1630] Building C object esp-idf/espressif__esp_rainmaker/CMakeFiles/__idf_espressif__esp_rainmaker.dir/src/ota/esp_rmaker_ota_using_params.c.obj
2026-07-22T05:53:28.9651420Z [1423/1630] Building C object esp-idf/espressif__esp_rainmaker/CMakeFiles/__idf_espressif__esp_rainmaker.dir/src/core/esp_rmaker_auth_service.c.obj
2026-07-22T05:53:29.0390976Z [1424/1630] Building C object esp-idf/espressif__esp_rainmaker/CMakeFiles/__idf_espressif__esp_rainmaker.dir/src/standard_types/esp_rmaker_standard_params.c.obj
2026-07-22T05:53:29.1005806Z [1425/1630] Building C object esp-idf/espressif__esp_rainmaker/CMakeFiles/__idf_espressif__esp_rainmaker.dir/src/core/esp_rmaker_connectivity.c.obj
2026-07-22T05:53:29.2651130Z [1426/1630] Building C object esp-idf/espressif__esp_rainmaker/CMakeFiles/__idf_espressif__esp_rainmaker.dir/src/core/esp_rmaker_node_auth.c.obj
2026-07-22T05:53:29.3301669Z [1427/1630] Building C object esp-idf/espressif__esp_rainmaker/CMakeFiles/__idf_espressif__esp_rainmaker.dir/src/core/esp_rmaker_secure_boot_digest.c.obj
2026-07-22T05:53:29.3469911Z [1428/1630] Building C object esp-idf/espressif__esp_rainmaker/CMakeFiles/__idf_espressif__esp_rainmaker.dir/src/core/esp_rmaker_cmd_resp_manager.c.obj
2026-07-22T05:53:29.3871398Z [1429/1630] Building C object esp-idf/espressif__esp_rainmaker/CMakeFiles/__idf_espressif__esp_rainmaker.dir/src/core/esp_rmaker_param_cmd_resp.c.obj
2026-07-22T05:53:29.4931115Z [1430/1630] Building C object esp-idf/espressif__esp_rainmaker/CMakeFiles/__idf_espressif__esp_rainmaker.dir/src/ota/esp_rmaker_ota.c.obj
2026-07-22T05:53:29.5378405Z [1431/1630] Building C object esp-idf/espressif__esp_rainmaker/CMakeFiles/__idf_espressif__esp_rainmaker.dir/src/core/esp_rmaker_chal_resp.pb-c.c.obj
2026-07-22T05:53:29.6470920Z [1432/1630] Building C object esp-idf/espressif__esp_rainmaker/CMakeFiles/__idf_espressif__esp_rainmaker.dir/src/core/esp_rmaker_aws_credentials.c.obj
2026-07-22T05:53:29.6646186Z [1433/1630] Building C object esp-idf/espressif__esp_rainmaker/CMakeFiles/__idf_espressif__esp_rainmaker.dir/src/core/esp_rmaker_chal_resp.c.obj
2026-07-22T05:53:29.7303304Z [1434/1630] Building C object esp-idf/espressif__esp_rainmaker/CMakeFiles/__idf_espressif__esp_rainmaker.dir/src/mqtt/esp_rmaker_mqtt.c.obj
2026-07-22T05:53:29.8253564Z [1435/1630] Building C object esp-idf/espressif__esp_rainmaker/CMakeFiles/__idf_espressif__esp_rainmaker.dir/src/mqtt/esp_rmaker_mqtt_budget.c.obj
2026-07-22T05:53:29.8476459Z [1436/1630] Building C object esp-idf/espressif__esp_rainmaker/CMakeFiles/__idf_espressif__esp_rainmaker.dir/src/console/esp_rmaker_console.c.obj
2026-07-22T05:53:30.0218450Z [1437/1630] Building C object esp-idf/espressif__esp_rainmaker/CMakeFiles/__idf_espressif__esp_rainmaker.dir/src/standard_types/esp_rmaker_standard_devices.c.obj
2026-07-22T05:53:30.1146448Z [1438/1630] Building C object esp-idf/espressif__esp_rainmaker/CMakeFiles/__idf_espressif__esp_rainmaker.dir/src/console/esp_rmaker_commands.c.obj
2026-07-22T05:53:30.1167341Z [1439/1630] Building C object esp-idf/espressif__esp_rainmaker/CMakeFiles/__idf_espressif__esp_rainmaker.dir/src/ota/esp_rmaker_ota_using_topics.c.obj
2026-07-22T05:53:30.1530870Z [1440/1630] Building ASM object esp-idf/espressif__esp_rainmaker/CMakeFiles/__idf_espressif__esp_rainmaker.dir/__/__/rmaker_ota_server.crt.S.obj
2026-07-22T05:53:30.1735368Z [1441/1630] Building ASM object esp-idf/espressif__esp_rainmaker/CMakeFiles/__idf_espressif__esp_rainmaker.dir/__/__/rmaker_mqtt_server.crt.S.obj
2026-07-22T05:53:30.1742698Z [1442/1630] Building C object esp-idf/espressif__esp_rainmaker/CMakeFiles/__idf_espressif__esp_rainmaker.dir/src/ota/esp_rmaker_https_ota.c.obj
2026-07-22T05:53:30.1744943Z /__w/esp_pri/esp_pri/project/managed_components/espressif__esp_rainmaker/src/ota/esp_rmaker_https_ota.c:55:2: warning: #warning "HTTP OTA resumption, needs IDF version >= 5.5.0" [-Wcpp]
2026-07-22T05:53:30.1746765Z    55 | #warning "HTTP OTA resumption, needs IDF version >= 5.5.0"
2026-07-22T05:53:30.1747629Z       |  ^~~~~~~
2026-07-22T05:53:30.1775447Z [1443/1630] Building C object esp-idf/espressif__esp_rainmaker/CMakeFiles/__idf_espressif__esp_rainmaker.dir/src/core/esp_rmaker_claim.c.obj
2026-07-22T05:53:30.1938638Z [1444/1630] Building ASM object esp-idf/espressif__esp_rainmaker/CMakeFiles/__idf_espressif__esp_rainmaker.dir/__/__/rmaker_claim_service_server.crt.S.obj
2026-07-22T05:53:30.2301506Z [1445/1630] Building C object esp-idf/espressif__esp_rainmaker/CMakeFiles/__idf_espressif__esp_rainmaker.dir/src/rainmaker_controller/esp_rmaker_controller.c.obj
2026-07-22T05:53:30.3692007Z [1446/1630] Building C object esp-idf/espressif__esp_rainmaker/CMakeFiles/__idf_espressif__esp_rainmaker.dir/src/standard_types/esp_rmaker_standard_services.c.obj
2026-07-22T05:53:30.4152057Z [1447/1630] Linking C static library esp-idf/espressif__esp_rainmaker/libespressif__esp_rainmaker.a
2026-07-22T05:53:30.5739752Z [1448/1630] Building C object esp-idf/arduino/CMakeFiles/__idf_arduino.dir/cores/esp32/esp32-hal-adc.c.obj
2026-07-22T05:53:30.6881982Z [1449/1630] Building C object esp-idf/arduino/CMakeFiles/__idf_arduino.dir/cores/esp32/esp32-hal-gpio.c.obj
2026-07-22T05:53:30.7815598Z [1450/1630] Building CXX object esp-idf/arduino/CMakeFiles/__idf_arduino.dir/cores/esp32/cbuf.cpp.obj
2026-07-22T05:53:30.8271526Z [1451/1630] Building C object esp-idf/arduino/CMakeFiles/__idf_arduino.dir/cores/esp32/esp32-hal-i2c.c.obj
2026-07-22T05:53:30.8734551Z [1452/1630] Building C object esp-idf/arduino/CMakeFiles/__idf_arduino.dir/cores/esp32/esp32-hal-dac.c.obj
2026-07-22T05:53:30.9158854Z [1453/1630] Building C object esp-idf/arduino/CMakeFiles/__idf_arduino.dir/cores/esp32/esp32-hal-bt.c.obj
2026-07-22T05:53:31.1535621Z [1454/1630] Building C object esp-idf/arduino/CMakeFiles/__idf_arduino.dir/cores/esp32/esp32-hal-cpu.c.obj
2026-07-22T05:53:31.2055934Z [1455/1630] Building C object esp-idf/arduino/CMakeFiles/__idf_arduino.dir/cores/esp32/esp32-hal-psram.c.obj
2026-07-22T05:53:31.2092642Z [1456/1630] Building C object esp-idf/arduino/CMakeFiles/__idf_arduino.dir/cores/esp32/esp32-hal-periman.c.obj
2026-07-22T05:53:31.4122188Z [1457/1630] Building C object esp-idf/arduino/CMakeFiles/__idf_arduino.dir/cores/esp32/esp32-hal-misc.c.obj
2026-07-22T05:53:31.6652701Z [1458/1630] Building C object esp-idf/arduino/CMakeFiles/__idf_arduino.dir/cores/esp32/esp32-hal-matrix.c.obj
2026-07-22T05:53:31.7532127Z [1459/1630] Building C object esp-idf/arduino/CMakeFiles/__idf_arduino.dir/cores/esp32/esp32-hal-ledc.c.obj
2026-07-22T05:53:31.8345045Z [1460/1630] Building C object esp-idf/arduino/CMakeFiles/__idf_arduino.dir/cores/esp32/esp32-hal-tinyusb.c.obj
2026-07-22T05:53:31.8561592Z [1461/1630] Building C object esp-idf/arduino/CMakeFiles/__idf_arduino.dir/cores/esp32/esp32-hal-i2c-slave.c.obj
2026-07-22T05:53:31.9176894Z [1462/1630] Building C object esp-idf/arduino/CMakeFiles/__idf_arduino.dir/cores/esp32/esp32-hal-time.c.obj
2026-07-22T05:53:32.1840021Z [1463/1630] Building C object esp-idf/arduino/CMakeFiles/__idf_arduino.dir/cores/esp32/esp32-hal-sigmadelta.c.obj
2026-07-22T05:53:32.2916485Z [1464/1630] Building C object esp-idf/arduino/CMakeFiles/__idf_arduino.dir/cores/esp32/esp32-hal-rgb-led.c.obj
2026-07-22T05:53:32.2984312Z [1465/1630] Building CXX object esp-idf/arduino/CMakeFiles/__idf_arduino.dir/cores/esp32/base64.cpp.obj
2026-07-22T05:53:32.2992330Z [1466/1630] Building C object esp-idf/arduino/CMakeFiles/__idf_arduino.dir/cores/esp32/esp32-hal-timer.c.obj
2026-07-22T05:53:32.6799189Z [1467/1630] Building CXX object esp-idf/arduino/CMakeFiles/__idf_arduino.dir/cores/esp32/chip-debug-report.cpp.obj
2026-07-22T05:53:32.7054927Z [1468/1630] Building C object esp-idf/arduino/CMakeFiles/__idf_arduino.dir/cores/esp32/esp32-hal-rmt.c.obj
2026-07-22T05:53:32.7187607Z [1469/1630] Building C object esp-idf/arduino/CMakeFiles/__idf_arduino.dir/cores/esp32/esp32-hal-touch.c.obj
2026-07-22T05:53:32.7514675Z [1470/1630] Building C object esp-idf/arduino/CMakeFiles/__idf_arduino.dir/cores/esp32/esp32-hal-spi.c.obj
2026-07-22T05:53:32.9478915Z [1471/1630] Building C object esp-idf/arduino/CMakeFiles/__idf_arduino.dir/cores/esp32/esp32-hal-uart.c.obj
2026-07-22T05:53:34.6890368Z [1472/1630] Building CXX object esp-idf/arduino/CMakeFiles/__idf_arduino.dir/cores/esp32/main.cpp.obj
2026-07-22T05:53:34.7543249Z [1473/1630] Building CXX object esp-idf/arduino/CMakeFiles/__idf_arduino.dir/cores/esp32/MD5Builder.cpp.obj
2026-07-22T05:53:34.8271110Z [1474/1630] Building CXX object esp-idf/arduino/CMakeFiles/__idf_arduino.dir/cores/esp32/Print.cpp.obj
2026-07-22T05:53:34.9698339Z [1475/1630] Building C object esp-idf/arduino/CMakeFiles/__idf_arduino.dir/cores/esp32/libb64/cdecode.c.obj
2026-07-22T05:53:35.0763974Z [1476/1630] Building C object esp-idf/arduino/CMakeFiles/__idf_arduino.dir/cores/esp32/libb64/cencode.c.obj
2026-07-22T05:53:35.1095993Z [1477/1630] Building CXX object esp-idf/arduino/CMakeFiles/__idf_arduino.dir/cores/esp32/FunctionalInterrupt.cpp.obj
2026-07-22T05:53:35.1099697Z [1478/1630] Building CXX object esp-idf/arduino/CMakeFiles/__idf_arduino.dir/cores/esp32/HardwareSerial.cpp.obj
2026-07-22T05:53:35.3397168Z [1479/1630] Building C object esp-idf/arduino/CMakeFiles/__idf_arduino.dir/cores/esp32/stdlib_noniso.c.obj
2026-07-22T05:53:35.4501709Z [1480/1630] Building CXX object esp-idf/arduino/CMakeFiles/__idf_arduino.dir/cores/esp32/MacAddress.cpp.obj
2026-07-22T05:53:35.4972537Z [1481/1630] Building CXX object esp-idf/arduino/CMakeFiles/__idf_arduino.dir/cores/esp32/IPAddress.cpp.obj
2026-07-22T05:53:35.9011839Z [1482/1630] Building CXX object esp-idf/arduino/CMakeFiles/__idf_arduino.dir/cores/esp32/Esp.cpp.obj
2026-07-22T05:53:36.3771000Z [1483/1630] Building C object esp-idf/arduino/CMakeFiles/__idf_arduino.dir/cores/esp32/wiring_pulse.c.obj
2026-07-22T05:53:36.6720680Z [1484/1630] Building CXX object esp-idf/arduino/CMakeFiles/__idf_arduino.dir/cores/esp32/HEXBuilder.cpp.obj
2026-07-22T05:53:36.7947167Z [1485/1630] Building C object esp-idf/arduino/CMakeFiles/__idf_arduino.dir/cores/esp32/wiring_shift.c.obj
2026-07-22T05:53:37.0499222Z [1486/1630] Building CXX object esp-idf/arduino/CMakeFiles/__idf_arduino.dir/cores/esp32/WMath.cpp.obj
2026-07-22T05:53:37.0922438Z [1487/1630] Building CXX object esp-idf/arduino/CMakeFiles/__idf_arduino.dir/cores/esp32/USB.cpp.obj
2026-07-22T05:53:37.1335162Z [1488/1630] Building CXX object esp-idf/arduino/CMakeFiles/__idf_arduino.dir/cores/esp32/USBCDC.cpp.obj
2026-07-22T05:53:37.2597839Z [1489/1630] Building CXX object esp-idf/arduino/CMakeFiles/__idf_arduino.dir/cores/esp32/USBMSC.cpp.obj
2026-07-22T05:53:37.3722467Z [1490/1630] Building CXX object esp-idf/arduino/CMakeFiles/__idf_arduino.dir/cores/esp32/FirmwareMSC.cpp.obj
2026-07-22T05:53:37.4368488Z [1491/1630] Building CXX object esp-idf/arduino/CMakeFiles/__idf_arduino.dir/cores/esp32/SHA1Builder.cpp.obj
2026-07-22T05:53:37.4841392Z [1492/1630] Building CXX object esp-idf/arduino/CMakeFiles/__idf_arduino.dir/cores/esp32/Stream.cpp.obj
2026-07-22T05:53:37.5954181Z [1493/1630] Building CXX object esp-idf/arduino/CMakeFiles/__idf_arduino.dir/cores/esp32/StreamString.cpp.obj
2026-07-22T05:53:37.6997301Z [1494/1630] Building C object esp-idf/arduino/CMakeFiles/__idf_arduino.dir/cores/esp32/firmware_msc_fat.c.obj
2026-07-22T05:53:37.7705556Z [1495/1630] Building CXX object esp-idf/arduino/CMakeFiles/__idf_arduino.dir/libraries/BLE/src/BLE2901.cpp.obj
2026-07-22T05:53:37.8125307Z [1496/1630] Building CXX object esp-idf/arduino/CMakeFiles/__idf_arduino.dir/cores/esp32/Tone.cpp.obj
2026-07-22T05:53:37.8226746Z [1497/1630] Building CXX object esp-idf/arduino/CMakeFiles/__idf_arduino.dir/libraries/BLE/src/BLE2902.cpp.obj
2026-07-22T05:53:37.8597400Z [1498/1630] Building CXX object esp-idf/arduino/CMakeFiles/__idf_arduino.dir/libraries/BLE/src/BLEAdvertising.cpp.obj
2026-07-22T05:53:37.8730749Z [1499/1630] Building CXX object esp-idf/arduino/CMakeFiles/__idf_arduino.dir/libraries/BLE/src/BLEBeacon.cpp.obj
2026-07-22T05:53:37.9103259Z [1500/1630] Building CXX object esp-idf/arduino/CMakeFiles/__idf_arduino.dir/libraries/BLE/src/BLECharacteristic.cpp.obj
2026-07-22T05:53:37.9340842Z [1501/1630] Building CXX object esp-idf/arduino/CMakeFiles/__idf_arduino.dir/libraries/BLE/src/BLE2904.cpp.obj
2026-07-22T05:53:37.9709636Z [1502/1630] Building CXX object esp-idf/arduino/CMakeFiles/__idf_arduino.dir/libraries/BLE/src/BLEAddress.cpp.obj
2026-07-22T05:53:37.9954979Z [1503/1630] Building CXX object esp-idf/arduino/CMakeFiles/__idf_arduino.dir/libraries/BLE/src/BLEAdvertisedDevice.cpp.obj
2026-07-22T05:53:38.0248289Z [1504/1630] Building CXX object esp-idf/arduino/CMakeFiles/__idf_arduino.dir/libraries/BLE/src/BLECharacteristicMap.cpp.obj
2026-07-22T05:53:38.0308186Z [1505/1630] Building CXX object esp-idf/arduino/CMakeFiles/__idf_arduino.dir/cores/esp32/HWCDC.cpp.obj
2026-07-22T05:53:38.0705609Z [1506/1630] Building CXX object esp-idf/arduino/CMakeFiles/__idf_arduino.dir/libraries/BLE/src/BLEClient.cpp.obj
2026-07-22T05:53:38.1033340Z [1507/1630] Building CXX object esp-idf/arduino/CMakeFiles/__idf_arduino.dir/libraries/BLE/src/BLEDescriptor.cpp.obj
2026-07-22T05:53:38.1089810Z [1508/1630] Building CXX object esp-idf/arduino/CMakeFiles/__idf_arduino.dir/libraries/BLE/src/BLEDescriptorMap.cpp.obj
2026-07-22T05:53:38.1338590Z [1509/1630] Building CXX object esp-idf/arduino/CMakeFiles/__idf_arduino.dir/libraries/BLE/src/BLEDevice.cpp.obj
2026-07-22T05:53:38.1626324Z [1510/1630] Building CXX object esp-idf/arduino/CMakeFiles/__idf_arduino.dir/libraries/BLE/src/BLEHIDDevice.cpp.obj
2026-07-22T05:53:38.1682373Z [1511/1630] Building CXX object esp-idf/arduino/CMakeFiles/__idf_arduino.dir/libraries/BLE/src/BLEEddystoneTLM.cpp.obj
2026-07-22T05:53:38.1847766Z [1512/1630] Building CXX object esp-idf/arduino/CMakeFiles/__idf_arduino.dir/libraries/BLE/src/BLERemoteCharacteristic.cpp.obj
2026-07-22T05:53:38.2037781Z [1513/1630] Building CXX object esp-idf/arduino/CMakeFiles/__idf_arduino.dir/libraries/BLE/src/BLEEddystoneURL.cpp.obj
2026-07-22T05:53:38.2116810Z [1514/1630] Building CXX object esp-idf/arduino/CMakeFiles/__idf_arduino.dir/libraries/BLE/src/BLEExceptions.cpp.obj
2026-07-22T05:53:38.2339918Z [1515/1630] Building CXX object esp-idf/arduino/CMakeFiles/__idf_arduino.dir/libraries/BLE/src/BLERemoteDescriptor.cpp.obj
2026-07-22T05:53:38.2590508Z [1516/1630] Building CXX object esp-idf/arduino/CMakeFiles/__idf_arduino.dir/libraries/BLE/src/BLERemoteService.cpp.obj
2026-07-22T05:53:38.2700772Z [1517/1630] Building CXX object esp-idf/arduino/CMakeFiles/__idf_arduino.dir/libraries/BLE/src/BLEScan.cpp.obj
2026-07-22T05:53:38.3095733Z [1518/1630] Building CXX object esp-idf/arduino/CMakeFiles/__idf_arduino.dir/libraries/BLE/src/BLEValue.cpp.obj
2026-07-22T05:53:38.3349923Z [1519/1630] Building CXX object esp-idf/arduino/CMakeFiles/__idf_arduino.dir/libraries/BLE/src/BLESecurity.cpp.obj
2026-07-22T05:53:38.3779964Z [1520/1630] Building CXX object esp-idf/arduino/CMakeFiles/__idf_arduino.dir/libraries/BLE/src/BLEServer.cpp.obj
2026-07-22T05:53:38.4050276Z [1521/1630] Building CXX object esp-idf/arduino/CMakeFiles/__idf_arduino.dir/libraries/BLE/src/BLEService.cpp.obj
2026-07-22T05:53:38.4431204Z [1522/1630] Building CXX object esp-idf/arduino/CMakeFiles/__idf_arduino.dir/libraries/BLE/src/BLEServiceMap.cpp.obj
2026-07-22T05:53:38.4826147Z [1523/1630] Building CXX object esp-idf/arduino/CMakeFiles/__idf_arduino.dir/libraries/BLE/src/BLEUtils.cpp.obj
2026-07-22T05:53:38.5191130Z [1524/1630] Building CXX object esp-idf/arduino/CMakeFiles/__idf_arduino.dir/libraries/BLE/src/BLEUUID.cpp.obj
2026-07-22T05:53:39.9256397Z [1525/1630] Building CXX object esp-idf/arduino/CMakeFiles/__idf_arduino.dir/libraries/ESP_NOW/src/ESP32_NOW_Serial.cpp.obj
2026-07-22T05:53:39.9323867Z [1526/1630] Building CXX object esp-idf/arduino/CMakeFiles/__idf_arduino.dir/cores/esp32/WString.cpp.obj
2026-07-22T05:53:40.0014736Z [1527/1630] Building CXX object esp-idf/arduino/CMakeFiles/__idf_arduino.dir/libraries/AsyncUDP/src/AsyncUDP.cpp.obj
2026-07-22T05:53:40.0735332Z [1528/1630] Building CXX object esp-idf/arduino/CMakeFiles/__idf_arduino.dir/libraries/BluetoothSerial/src/BTAddress.cpp.obj
2026-07-22T05:53:40.1476648Z [1529/1630] Building CXX object esp-idf/arduino/CMakeFiles/__idf_arduino.dir/libraries/BluetoothSerial/src/BTAdvertisedDeviceSet.cpp.obj
2026-07-22T05:53:40.2266925Z [1530/1630] Building CXX object esp-idf/arduino/CMakeFiles/__idf_arduino.dir/libraries/BluetoothSerial/src/BTScanResultsSet.cpp.obj
2026-07-22T05:53:40.5510135Z [1531/1630] Building CXX object esp-idf/arduino/CMakeFiles/__idf_arduino.dir/libraries/BluetoothSerial/src/BluetoothSerial.cpp.obj
2026-07-22T05:53:40.7331600Z [1532/1630] Building CXX object esp-idf/arduino/CMakeFiles/__idf_arduino.dir/libraries/ESP_SR/src/ESP_SR.cpp.obj
2026-07-22T05:53:40.7358163Z [1533/1630] Building CXX object esp-idf/arduino/CMakeFiles/__idf_arduino.dir/libraries/ArduinoOTA/src/ArduinoOTA.cpp.obj
2026-07-22T05:53:41.1253593Z [1534/1630] Building CXX object esp-idf/arduino/CMakeFiles/__idf_arduino.dir/libraries/BLE/src/FreeRTOS.cpp.obj
2026-07-22T05:53:42.2387801Z [1535/1630] Building CXX object esp-idf/arduino/CMakeFiles/__idf_arduino.dir/libraries/ESP_NOW/src/ESP32_NOW.cpp.obj
2026-07-22T05:53:42.6886427Z [1536/1630] Building CXX object esp-idf/arduino/CMakeFiles/__idf_arduino.dir/libraries/EEPROM/src/EEPROM.cpp.obj
2026-07-22T05:53:43.6235911Z [1537/1630] Building CXX object esp-idf/arduino/CMakeFiles/__idf_arduino.dir/libraries/BLE/src/GeneralUtils.cpp.obj
2026-07-22T05:53:43.8335558Z [1538/1630] Building CXX object esp-idf/arduino/CMakeFiles/__idf_arduino.dir/libraries/ESP_I2S/src/ESP_I2S.cpp.obj
2026-07-22T05:53:44.2007103Z [1539/1630] Building CXX object esp-idf/arduino/CMakeFiles/__idf_arduino.dir/libraries/DNSServer/src/DNSServer.cpp.obj
2026-07-22T05:53:44.3571679Z [1540/1630] Building C object esp-idf/arduino/CMakeFiles/__idf_arduino.dir/libraries/ESP_SR/src/esp32-hal-sr.c.obj
2026-07-22T05:53:44.3573732Z /__w/esp_pri/esp_pri/project/components/arduino/libraries/ESP_SR/src/esp32-hal-sr.c:10:2: warning: #warning Compatible partition must be selected for ESP_SR to work [-Wcpp]
2026-07-22T05:53:44.3575506Z    10 | #warning Compatible partition must be selected for ESP_SR to work
2026-07-22T05:53:44.3576323Z       |  ^~~~~~~
2026-07-22T05:53:44.9404739Z [1541/1630] Building CXX object esp-idf/arduino/CMakeFiles/__idf_arduino.dir/libraries/FFat/src/FFat.cpp.obj
2026-07-22T05:53:45.4319168Z [1542/1630] Building CXX object esp-idf/arduino/CMakeFiles/__idf_arduino.dir/libraries/FS/src/FS.cpp.obj
2026-07-22T05:53:45.7476420Z [1543/1630] Building CXX object esp-idf/arduino/CMakeFiles/__idf_arduino.dir/libraries/ESPmDNS/src/ESPmDNS.cpp.obj
2026-07-22T05:53:46.0680620Z [1544/1630] Building CXX object esp-idf/arduino/CMakeFiles/__idf_arduino.dir/libraries/FS/src/vfs_api.cpp.obj
2026-07-22T05:53:47.9185803Z [1545/1630] Building CXX object esp-idf/arduino/CMakeFiles/__idf_arduino.dir/libraries/Network/src/NetworkServer.cpp.obj
2026-07-22T05:53:47.9502627Z [1546/1630] Building CXX object esp-idf/arduino/CMakeFiles/__idf_arduino.dir/libraries/Ethernet/src/ETH.cpp.obj
2026-07-22T05:53:47.9512909Z /__w/esp_pri/esp_pri/project/components/arduino/libraries/Ethernet/src/ETH.cpp: In member function 'void ETHClass::end()':
2026-07-22T05:53:47.9515856Z /__w/esp_pri/esp_pri/project/components/arduino/libraries/Ethernet/src/ETH.cpp:836:22: warning: 'void NetworkEvents::removeEvent(NetworkEventFuncCb, arduino_event_id_t)' is deprecated: removing functional callbacks via pointer is deprecated, use removeEvent(network_event_handle_t) instead [-Wdeprecated-declarations]
2026-07-22T05:53:47.9518446Z   836 |   Network.removeEvent(onEthConnected, ARDUINO_EVENT_ETH_CONNECTED);
2026-07-22T05:53:47.9519526Z       |   ~~~~~~~~~~~~~~~~~~~^~~~~~~~~~~~~~~~~~~~~~~~~~~~~~~~~~~~~~~~~~~~~
2026-07-22T05:53:47.9520560Z In file included from /__w/esp_pri/esp_pri/project/components/arduino/libraries/Network/src/Network.h:9,
2026-07-22T05:53:47.9540113Z                  from /__w/esp_pri/esp_pri/project/components/arduino/libraries/Ethernet/src/ETH.h:67,
2026-07-22T05:53:47.9541318Z                  from /__w/esp_pri/esp_pri/project/components/arduino/libraries/Ethernet/src/ETH.cpp:24:
2026-07-22T05:53:47.9542550Z /__w/esp_pri/esp_pri/project/components/arduino/libraries/Network/src/NetworkEvents.h:193:8: note: declared here
2026-07-22T05:53:47.9543834Z   193 |   void removeEvent(NetworkEventFuncCb cbEvent, arduino_event_id_t event = ARDUINO_EVENT_MAX)
2026-07-22T05:53:47.9545032Z       |        ^~~~~~~~~~~
2026-07-22T05:53:47.9932298Z [1547/1630] Building CXX object esp-idf/arduino/CMakeFiles/__idf_arduino.dir/libraries/Insights/src/Insights.cpp.obj
2026-07-22T05:53:48.0215127Z [1548/1630] Building CXX object esp-idf/arduino/CMakeFiles/__idf_arduino.dir/libraries/Network/src/NetworkClient.cpp.obj
2026-07-22T05:53:48.0490631Z [1549/1630] Building CXX object esp-idf/arduino/CMakeFiles/__idf_arduino.dir/libraries/Network/src/NetworkUdp.cpp.obj
2026-07-22T05:53:49.7563615Z [1550/1630] Building CXX object esp-idf/arduino/CMakeFiles/__idf_arduino.dir/libraries/HTTPClient/src/HTTPClient.cpp.obj
2026-07-22T05:53:50.0872117Z [1551/1630] Building CXX object esp-idf/arduino/CMakeFiles/__idf_arduino.dir/libraries/NetBIOS/src/NetBIOS.cpp.obj
2026-07-22T05:53:50.2790152Z [1552/1630] Building CXX object esp-idf/arduino/CMakeFiles/__idf_arduino.dir/libraries/HTTPUpdate/src/HTTPUpdate.cpp.obj
2026-07-22T05:53:50.4096716Z [1553/1630] Building CXX object esp-idf/arduino/CMakeFiles/__idf_arduino.dir/libraries/Network/src/NetworkInterface.cpp.obj
2026-07-22T05:53:50.4493081Z [1554/1630] Building CXX object esp-idf/arduino/CMakeFiles/__idf_arduino.dir/libraries/OpenThread/src/OThreadCLI.cpp.obj
2026-07-22T05:53:50.5065956Z [1555/1630] Building CXX object esp-idf/arduino/CMakeFiles/__idf_arduino.dir/libraries/OpenThread/src/OThreadCLI_Util.cpp.obj
2026-07-22T05:53:50.5734051Z [1556/1630] Building CXX object esp-idf/arduino/CMakeFiles/__idf_arduino.dir/libraries/PPP/src/PPP.cpp.obj
2026-07-22T05:53:50.6447456Z [1557/1630] Building C object esp-idf/arduino/CMakeFiles/__idf_arduino.dir/libraries/PPP/src/ppp.c.obj
2026-07-22T05:53:50.7372887Z [1558/1630] Building CXX object esp-idf/arduino/CMakeFiles/__idf_arduino.dir/libraries/Network/src/NetworkEvents.cpp.obj
2026-07-22T05:53:51.2810877Z [1559/1630] Building CXX object esp-idf/arduino/CMakeFiles/__idf_arduino.dir/libraries/RainMaker/src/RMakerNode.cpp.obj
2026-07-22T05:53:51.3083978Z [1560/1630] Building CXX object esp-idf/arduino/CMakeFiles/__idf_arduino.dir/libraries/LittleFS/src/LittleFS.cpp.obj
2026-07-22T05:53:51.3495679Z [1561/1630] Building CXX object esp-idf/arduino/CMakeFiles/__idf_arduino.dir/libraries/RainMaker/src/RMakerParam.cpp.obj
2026-07-22T05:53:52.0741123Z [1562/1630] Building CXX object esp-idf/arduino/CMakeFiles/__idf_arduino.dir/libraries/Network/src/NetworkManager.cpp.obj
2026-07-22T05:53:52.1542786Z [1563/1630] Building CXX object esp-idf/arduino/CMakeFiles/__idf_arduino.dir/libraries/RainMaker/src/RMakerType.cpp.obj
2026-07-22T05:53:52.1562941Z [1564/1630] Building CXX object esp-idf/arduino/CMakeFiles/__idf_arduino.dir/libraries/SimpleBLE/src/SimpleBLE.cpp.obj
2026-07-22T05:53:52.3571039Z [1565/1630] Building CXX object esp-idf/arduino/CMakeFiles/__idf_arduino.dir/libraries/RainMaker/src/RMakerDevice.cpp.obj
2026-07-22T05:53:52.5124772Z [1566/1630] Building CXX object esp-idf/arduino/CMakeFiles/__idf_arduino.dir/libraries/RainMaker/src/AppInsights.cpp.obj
2026-07-22T05:53:52.9020344Z [1567/1630] Building CXX object esp-idf/arduino/CMakeFiles/__idf_arduino.dir/libraries/RainMaker/src/RMaker.cpp.obj
2026-07-22T05:53:53.2621525Z [1568/1630] Building CXX object esp-idf/arduino/CMakeFiles/__idf_arduino.dir/libraries/Preferences/src/Preferences.cpp.obj
2026-07-22T05:53:53.5387418Z [1569/1630] Building CXX object esp-idf/arduino/CMakeFiles/__idf_arduino.dir/libraries/RainMaker/src/RMakerQR.cpp.obj
2026-07-22T05:53:53.6247078Z [1570/1630] Building C object esp-idf/arduino/CMakeFiles/__idf_arduino.dir/libraries/SD/src/sd_diskio_crc.c.obj
2026-07-22T05:53:54.4864773Z [1571/1630] Building CXX object esp-idf/arduino/CMakeFiles/__idf_arduino.dir/libraries/RainMaker/src/RMakerUtils.cpp.obj
2026-07-22T05:53:55.2572199Z [1572/1630] Building CXX object esp-idf/arduino/CMakeFiles/__idf_arduino.dir/libraries/SPIFFS/src/SPIFFS.cpp.obj
2026-07-22T05:53:55.6202170Z [1573/1630] Building CXX object esp-idf/arduino/CMakeFiles/__idf_arduino.dir/libraries/SD/src/sd_diskio.cpp.obj
2026-07-22T05:53:55.8275440Z [1574/1630] Building CXX object esp-idf/arduino/CMakeFiles/__idf_arduino.dir/libraries/Ticker/src/Ticker.cpp.obj
2026-07-22T05:53:55.8965159Z [1575/1630] Building CXX object esp-idf/arduino/CMakeFiles/__idf_arduino.dir/libraries/SD_MMC/src/SD_MMC.cpp.obj
2026-07-22T05:53:55.9603936Z [1576/1630] Building CXX object esp-idf/arduino/CMakeFiles/__idf_arduino.dir/libraries/USB/src/USBHID.cpp.obj
2026-07-22T05:53:56.0574798Z [1577/1630] Building CXX object esp-idf/arduino/CMakeFiles/__idf_arduino.dir/libraries/SD/src/SD.cpp.obj
2026-07-22T05:53:56.0643972Z [1578/1630] Building CXX object esp-idf/arduino/CMakeFiles/__idf_arduino.dir/libraries/USB/src/USBHIDMouse.cpp.obj
2026-07-22T05:53:56.1565304Z [1579/1630] Building CXX object esp-idf/arduino/CMakeFiles/__idf_arduino.dir/libraries/SPI/src/SPI.cpp.obj
2026-07-22T05:53:56.1637180Z [1580/1630] Building CXX object esp-idf/arduino/CMakeFiles/__idf_arduino.dir/libraries/USB/src/USBHIDKeyboard.cpp.obj
2026-07-22T05:53:56.1759645Z [1581/1630] Building CXX object esp-idf/arduino/CMakeFiles/__idf_arduino.dir/libraries/Update/src/HttpsOTAUpdate.cpp.obj
2026-07-22T05:53:56.9408356Z [1582/1630] Building CXX object esp-idf/arduino/CMakeFiles/__idf_arduino.dir/libraries/USB/src/USBMIDI.cpp.obj
2026-07-22T05:53:57.6756578Z [1583/1630] Building CXX object esp-idf/arduino/CMakeFiles/__idf_arduino.dir/libraries/Update/src/Updater.cpp.obj
2026-07-22T05:53:58.0373638Z [1584/1630] Building CXX object esp-idf/arduino/CMakeFiles/__idf_arduino.dir/libraries/USB/src/keyboardLayout/KeyboardLayout_es_ES.cpp.obj
2026-07-22T05:53:58.1972945Z [1585/1630] Building CXX object esp-idf/arduino/CMakeFiles/__idf_arduino.dir/libraries/USB/src/keyboardLayout/KeyboardLayout_de_DE.cpp.obj
2026-07-22T05:53:58.2662900Z [1586/1630] Building CXX object esp-idf/arduino/CMakeFiles/__idf_arduino.dir/libraries/USB/src/keyboardLayout/KeyboardLayout_da_DK.cpp.obj
2026-07-22T05:53:58.3932525Z [1587/1630] Building CXX object esp-idf/arduino/CMakeFiles/__idf_arduino.dir/libraries/USB/src/USBHIDConsumerControl.cpp.obj
2026-07-22T05:53:58.4493706Z [1588/1630] Building CXX object esp-idf/arduino/CMakeFiles/__idf_arduino.dir/libraries/USB/src/keyboardLayout/KeyboardLayout_fr_FR.cpp.obj
2026-07-22T05:53:58.5130696Z [1589/1630] Building CXX object esp-idf/arduino/CMakeFiles/__idf_arduino.dir/libraries/USB/src/USBHIDSystemControl.cpp.obj
2026-07-22T05:53:58.5406228Z [1590/1630] Building CXX object esp-idf/arduino/CMakeFiles/__idf_arduino.dir/libraries/USB/src/USBHIDVendor.cpp.obj
2026-07-22T05:53:58.9611280Z [1591/1630] Building CXX object esp-idf/arduino/CMakeFiles/__idf_arduino.dir/libraries/USB/src/keyboardLayout/KeyboardLayout_en_US.cpp.obj
2026-07-22T05:53:59.0589794Z [1592/1630] Building CXX object esp-idf/arduino/CMakeFiles/__idf_arduino.dir/libraries/USB/src/USBHIDGamepad.cpp.obj
2026-07-22T05:53:59.2906834Z [1593/1630] Building CXX object esp-idf/arduino/CMakeFiles/__idf_arduino.dir/libraries/USB/src/USBVendor.cpp.obj
2026-07-22T05:53:59.7666548Z [1594/1630] Building CXX object esp-idf/arduino/CMakeFiles/__idf_arduino.dir/libraries/USB/src/keyboardLayout/KeyboardLayout_hu_HU.cpp.obj
2026-07-22T05:54:00.2263588Z [1595/1630] Building CXX object esp-idf/arduino/CMakeFiles/__idf_arduino.dir/libraries/USB/src/keyboardLayout/KeyboardLayout_it_IT.cpp.obj
2026-07-22T05:54:00.2970241Z [1596/1630] Building CXX object esp-idf/arduino/CMakeFiles/__idf_arduino.dir/libraries/WebServer/src/detail/mimetable.cpp.obj
2026-07-22T05:54:00.4818213Z [1597/1630] Building CXX object esp-idf/arduino/CMakeFiles/__idf_arduino.dir/libraries/USB/src/keyboardLayout/KeyboardLayout_pt_BR.cpp.obj
2026-07-22T05:54:00.5401598Z [1598/1630] Building CXX object esp-idf/arduino/CMakeFiles/__idf_arduino.dir/libraries/USB/src/keyboardLayout/KeyboardLayout_pt_PT.cpp.obj
2026-07-22T05:54:00.5838025Z [1599/1630] Building CXX object esp-idf/arduino/CMakeFiles/__idf_arduino.dir/libraries/USB/src/keyboardLayout/KeyboardLayout_sv_SE.cpp.obj
2026-07-22T05:54:02.9554099Z [1600/1630] Building CXX object esp-idf/arduino/CMakeFiles/__idf_arduino.dir/libraries/NetworkClientSecure/src/ssl_client.cpp.obj
2026-07-22T05:54:02.9557886Z /__w/esp_pri/esp_pri/project/components/arduino/libraries/NetworkClientSecure/src/ssl_client.cpp:23:2: warning: #warning "Please call `idf.py menuconfig` then go to Component config -> mbedTLS -> TLS Key Exchange Methods -> Enable pre-shared-key ciphersuites and then check `Enable PSK based ciphersuite modes`. Save and Quit." [-Wcpp]
2026-07-22T05:54:02.9560842Z    23 | #warning \
2026-07-22T05:54:02.9561623Z       |  ^~~~~~~
2026-07-22T05:54:03.5865462Z [1601/1630] Building CXX object esp-idf/arduino/CMakeFiles/__idf_arduino.dir/libraries/WebServer/src/Parsing.cpp.obj
2026-07-22T05:54:03.8024393Z [1602/1630] Building CXX object esp-idf/arduino/CMakeFiles/__idf_arduino.dir/libraries/WebServer/src/WebServer.cpp.obj
2026-07-22T05:54:03.9209923Z [1603/1630] Building CXX object esp-idf/arduino/CMakeFiles/__idf_arduino.dir/libraries/WiFi/src/WiFiSTA.cpp.obj
2026-07-22T05:54:04.2166868Z [1604/1630] Building CXX object esp-idf/arduino/CMakeFiles/__idf_arduino.dir/libraries/WiFi/src/STA.cpp.obj
2026-07-22T05:54:04.5165681Z [1605/1630] Building CXX object esp-idf/arduino/CMakeFiles/__idf_arduino.dir/libraries/NetworkClientSecure/src/NetworkClientSecure.cpp.obj
2026-07-22T05:54:04.5915026Z [1606/1630] Building CXX object esp-idf/arduino/CMakeFiles/__idf_arduino.dir/libraries/Zigbee/src/ep/ZigbeeSwitch.cpp.obj
2026-07-22T05:54:04.6581908Z [1607/1630] Building CXX object esp-idf/arduino/CMakeFiles/__idf_arduino.dir/libraries/Zigbee/src/ep/ZigbeeTempSensor.cpp.obj
2026-07-22T05:54:06.3756202Z [1608/1630] Building CXX object esp-idf/arduino/CMakeFiles/__idf_arduino.dir/libraries/WiFi/src/WiFi.cpp.obj
2026-07-22T05:54:06.4104226Z [1609/1630] Building CXX object esp-idf/arduino/CMakeFiles/__idf_arduino.dir/libraries/WiFi/src/WiFiAP.cpp.obj
2026-07-22T05:54:07.1632559Z [1610/1630] Building CXX object esp-idf/arduino/CMakeFiles/__idf_arduino.dir/libraries/WiFi/src/WiFiGeneric.cpp.obj
2026-07-22T05:54:07.2341888Z [1611/1630] Building CXX object esp-idf/arduino/CMakeFiles/__idf_arduino.dir/libraries/Zigbee/src/ZigbeeCore.cpp.obj
2026-07-22T05:54:07.3093804Z [1612/1630] Building CXX object esp-idf/arduino/CMakeFiles/__idf_arduino.dir/libraries/Zigbee/src/ZigbeeEP.cpp.obj
2026-07-22T05:54:07.6319678Z [1613/1630] Building CXX object esp-idf/arduino/CMakeFiles/__idf_arduino.dir/libraries/WiFi/src/WiFiScan.cpp.obj
2026-07-22T05:54:07.6506380Z [1614/1630] Building CXX object esp-idf/arduino/CMakeFiles/__idf_arduino.dir/libraries/WiFi/src/WiFiMulti.cpp.obj
2026-07-22T05:54:07.7139517Z [1615/1630] Building CXX object esp-idf/arduino/CMakeFiles/__idf_arduino.dir/libraries/Zigbee/src/ep/ZigbeeColorDimmableLight.cpp.obj
2026-07-22T05:54:07.7214051Z [1616/1630] Building CXX object esp-idf/arduino/CMakeFiles/__idf_arduino.dir/libraries/Zigbee/src/ep/ZigbeeColorDimmerSwitch.cpp.obj
2026-07-22T05:54:07.7908101Z [1617/1630] Building CXX object esp-idf/arduino/CMakeFiles/__idf_arduino.dir/libraries/Zigbee/src/ep/ZigbeeLight.cpp.obj
2026-07-22T05:54:07.7987539Z [1618/1630] Building CXX object esp-idf/arduino/CMakeFiles/__idf_arduino.dir/libraries/Zigbee/src/ep/ZigbeeThermostat.cpp.obj
2026-07-22T05:54:08.1142882Z [1619/1630] Building CXX object esp-idf/arduino/CMakeFiles/__idf_arduino.dir/libraries/WiFi/src/AP.cpp.obj
2026-07-22T05:54:08.4355912Z [1620/1630] Building CXX object esp-idf/arduino/CMakeFiles/__idf_arduino.dir/libraries/Wire/src/Wire.cpp.obj
2026-07-22T05:54:08.8686402Z [1621/1630] Building CXX object esp-idf/arduino/CMakeFiles/__idf_arduino.dir/libraries/WiFiProv/src/WiFiProv.cpp.obj
2026-07-22T05:54:08.9691166Z [1622/1630] Building CXX object esp-idf/arduino/CMakeFiles/__idf_arduino.dir/libraries/Zigbee/src/ZigbeeHandlers.cpp.obj
2026-07-22T05:54:09.1068477Z [1623/1630] Linking C static library esp-idf/arduino/libarduino.a
2026-07-22T05:54:09.5417051Z [1624/1630] Building CXX object esp-idf/main/CMakeFiles/__idf_main.dir/main.cpp.obj
2026-07-22T05:54:09.5418674Z FAILED: esp-idf/main/CMakeFiles/__idf_main.dir/main.cpp.obj 
2026-07-22T05:54:09.5472087Z ccache /opt/esp/tools/xtensa-esp32s3-elf/esp-12.2.0_20250801/xtensa-esp32s3-elf/bin/xtensa-esp32s3-elf-g++ -DESP_MDNS_VERSION_NUMBER=\"1.11.3\" -DESP_PLATFORM -DIDF_VER=\"v5.1.7-1-g4b1ae715b8\" -DMBEDTLS_CONFIG_FILE=\"mbedtls/esp_config.h\" -DSOC_MMU_PAGE_SIZE=CONFIG_MMU_PAGE_SIZE -DWIFI_BAND_MODE_2G_ONLY=0 -D_GNU_SOURCE -D_POSIX_READER_WRITER_LOCKS -Desp_wifi_set_band_mode="(int)" -I/__w/esp_pri/esp_pri/project/build/config -I/__w/esp_pri/esp_pri/project/main -I/opt/esp/idf/components/newlib/platform_include -I/opt/esp/idf/components/freertos/FreeRTOS-Kernel/include -I/opt/esp/idf/components/freertos/FreeRTOS-Kernel/portable/xtensa/include -I/opt/esp/idf/components/freertos/esp_additions/include/freertos -I/opt/esp/idf/components/freertos/esp_additions/include -I/opt/esp/idf/components/freertos/esp_additions/arch/xtensa/include -I/opt/esp/idf/components/esp_hw_support/include -I/opt/esp/idf/components/esp_hw_support/include/soc -I/opt/esp/idf/components/esp_hw_support/include/soc/esp32s3 -I/opt/esp/idf/components/esp_hw_support/port/esp32s3/. -I/opt/esp/idf/components/heap/include -I/opt/esp/idf/components/log/include -I/opt/esp/idf/components/soc/include -I/opt/esp/idf/components/soc/esp32s3 -I/opt/esp/idf/components/soc/esp32s3/include -I/opt/esp/idf/components/hal/esp32s3/include -I/opt/esp/idf/components/hal/include -I/opt/esp/idf/components/hal/platform_port/include -I/opt/esp/idf/components/esp_rom/include -I/opt/esp/idf/components/esp_rom/include/esp32s3 -I/opt/esp/idf/components/esp_rom/esp32s3 -I/opt/esp/idf/components/esp_common/include -I/opt/esp/idf/components/esp_system/include -I/opt/esp/idf/components/esp_system/port/soc -I/opt/esp/idf/components/esp_system/port/include/private -I/opt/esp/idf/components/xtensa/include -I/opt/esp/idf/components/xtensa/esp32s3/include -I/opt/esp/idf/components/lwip/include -I/opt/esp/idf/components/lwip/include/apps -I/opt/esp/idf/components/lwip/include/apps/sntp -I/opt/esp/idf/components/lwip/lwip/src/include -I/opt/esp/idf/components/lwip/port/include -I/opt/esp/idf/components/lwip/port/freertos/include -I/opt/esp/idf/components/lwip/port/esp32xx/include -I/opt/esp/idf/components/lwip/port/esp32xx/include/arch -I/opt/esp/idf/components/nvs_flash/include -I/opt/esp/idf/components/esp_partition/include -I/opt/esp/idf/components/spi_flash/include -I/opt/esp/idf/components/esp_wifi/include -I/opt/esp/idf/components/esp_wifi/wifi_apps/include -I/opt/esp/idf/components/esp_event/include -I/opt/esp/idf/components/esp_phy/include -I/opt/esp/idf/components/esp_phy/esp32s3/include -I/opt/esp/idf/components/esp_netif/include -I/opt/esp/idf/components/esp_http_server/include -I/opt/esp/idf/components/http_parser -I/opt/esp/idf/components/mqtt/esp-mqtt/include -I/opt/esp/idf/components/tcp_transport/include -I/opt/esp/idf/components/esp-tls -I/opt/esp/idf/components/esp-tls/esp-tls-crypto -I/opt/esp/idf/components/mbedtls/port/include -I/opt/esp/idf/components/mbedtls/mbedtls/include -I/opt/esp/idf/components/mbedtls/mbedtls/library -I/opt/esp/idf/components/mbedtls/esp_crt_bundle/include -I/opt/esp/idf/components/mbedtls/mbedtls/3rdparty/everest/include -I/opt/esp/idf/components/mbedtls/mbedtls/3rdparty/p256-m -I/opt/esp/idf/components/mbedtls/mbedtls/3rdparty/p256-m/p256-m -I/opt/esp/idf/components/esp_timer/include -I/opt/esp/idf/components/json/cJSON -I/__w/esp_pri/esp_pri/project/components/arduino/variants/esp32s3 -I/__w/esp_pri/esp_pri/project/components/arduino/cores/esp32 -I/__w/esp_pri/esp_pri/project/components/arduino/libraries/ArduinoOTA/src -I/__w/esp_pri/esp_pri/project/components/arduino/libraries/AsyncUDP/src -I/__w/esp_pri/esp_pri/project/components/arduino/libraries/BLE/src -I/__w/esp_pri/esp_pri/project/components/arduino/libraries/BluetoothSerial/src -I/__w/esp_pri/esp_pri/project/components/arduino/libraries/DNSServer/src -I/__w/esp_pri/esp_pri/project/components/arduino/libraries/EEPROM/src -I/__w/esp_pri/esp_pri/project/components/arduino/libraries/ESP_I2S/src -I/__w/esp_pri/esp_pri/project/components/arduino/libraries/ESP_NOW/src -I/__w/esp_pri/esp_pri/project/components/arduino/libraries/ESP_SR/src -I/__w/esp_pri/esp_pri/project/components/arduino/libraries/ESPmDNS/src -I/__w/esp_pri/esp_pri/project/components/arduino/libraries/Ethernet/src -I/__w/esp_pri/esp_pri/project/components/arduino/libraries/FFat/src -I/__w/esp_pri/esp_pri/project/components/arduino/libraries/FS/src -I/__w/esp_pri/esp_pri/project/components/arduino/libraries/HTTPClient/src -I/__w/esp_pri/esp_pri/project/components/arduino/libraries/HTTPUpdate/src -I/__w/esp_pri/esp_pri/project/components/arduino/libraries/Insights/src -I/__w/esp_pri/esp_pri/project/components/arduino/libraries/LittleFS/src -I/__w/esp_pri/esp_pri/project/components/arduino/libraries/NetBIOS/src -I/__w/esp_pri/esp_pri/project/components/arduino/libraries/Network/src -I/__w/esp_pri/esp_pri/project/components/arduino/libraries/OpenThread/src -I/__w/esp_pri/esp_pri/project/components/arduino/libraries/PPP/src -I/__w/esp_pri/esp_pri/project/components/arduino/libraries/Preferences/src -I/__w/esp_pri/esp_pri/project/components/arduino/libraries/RainMaker/src -I/__w/esp_pri/esp_pri/project/components/arduino/libraries/SD_MMC/src -I/__w/esp_pri/esp_pri/project/components/arduino/libraries/SD/src -I/__w/esp_pri/esp_pri/project/components/arduino/libraries/SimpleBLE/src -I/__w/esp_pri/esp_pri/project/components/arduino/libraries/SPIFFS/src -I/__w/esp_pri/esp_pri/project/components/arduino/libraries/SPI/src -I/__w/esp_pri/esp_pri/project/components/arduino/libraries/Ticker/src -I/__w/esp_pri/esp_pri/project/components/arduino/libraries/Update/src -I/__w/esp_pri/esp_pri/project/components/arduino/libraries/USB/src -I/__w/esp_pri/esp_pri/project/components/arduino/libraries/WebServer/src -I/__w/esp_pri/esp_pri/project/components/arduino/libraries/NetworkClientSecure/src -I/__w/esp_pri/esp_pri/project/components/arduino/libraries/WiFi/src -I/__w/esp_pri/esp_pri/project/components/arduino/libraries/WiFiProv/src -I/__w/esp_pri/esp_pri/project/components/arduino/libraries/Wire/src -I/__w/esp_pri/esp_pri/project/components/arduino/libraries/Zigbee/src -I/opt/esp/idf/components/wpa_supplicant/include -I/opt/esp/idf/components/wpa_supplicant/port/include -I/opt/esp/idf/components/wpa_supplicant/esp_supplicant/include -I/opt/esp/idf/components/esp_adc/include -I/opt/esp/idf/components/esp_adc/interface -I/opt/esp/idf/components/esp_adc/esp32s3/include -I/opt/esp/idf/components/esp_adc/deprecated/include -I/opt/esp/idf/components/esp_eth/include -I/opt/esp/idf/components/driver/include -I/opt/esp/idf/components/driver/deprecated -I/opt/esp/idf/components/driver/analog_comparator/include -I/opt/esp/idf/components/driver/dac/include -I/opt/esp/idf/components/driver/gpio/include -I/opt/esp/idf/components/driver/gptimer/include -I/opt/esp/idf/components/driver/i2c/include -I/opt/esp/idf/components/driver/i2s/include -I/opt/esp/idf/components/driver/ledc/include -I/opt/esp/idf/components/driver/mcpwm/include -I/opt/esp/idf/components/driver/parlio/include -I/opt/esp/idf/components/driver/pcnt/include -I/opt/esp/idf/components/driver/rmt/include -I/opt/esp/idf/components/driver/sdio_slave/include -I/opt/esp/idf/components/driver/sdmmc/include -I/opt/esp/idf/components/driver/sigma_delta/include -I/opt/esp/idf/components/driver/spi/include -I/opt/esp/idf/components/driver/temperature_sensor/include -I/opt/esp/idf/components/driver/touch_sensor/include -I/opt/esp/idf/components/driver/twai/include -I/opt/esp/idf/components/driver/uart/include -I/opt/esp/idf/components/driver/usb_serial_jtag/include -I/opt/esp/idf/components/driver/touch_sensor/esp32s3/include -I/opt/esp/idf/components/esp_pm/include -I/opt/esp/idf/components/esp_ringbuf/include -I/__w/esp_pri/esp_pri/project/managed_components/espressif__network_provisioning/include -I/opt/esp/idf/components/protocomm/include/common -I/opt/esp/idf/components/protocomm/include/security -I/opt/esp/idf/components/protocomm/include/transports -I/opt/esp/idf/components/protocomm/include/crypto/srp6a -I/opt/esp/idf/components/protocomm/proto-c -I/__w/esp_pri/esp_pri/project/managed_components/chmorgan__esp-libhelix-mp3/libhelix-mp3/pub -I/__w/esp_pri/esp_pri/project/managed_components/espressif__esp-modbus/freemodbus/common/include -I/opt/esp/idf/components/vfs/include -I/opt/esp/idf/components/ieee802154/include -I/opt/esp/idf/components/esp_coex/include -I/__w/esp_pri/esp_pri/project/managed_components/espressif__libsodium/port_include -I/__w/esp_pri/esp_pri/project/managed_components/espressif__libsodium/libsodium/src/libsodium/include -I/__w/esp_pri/esp_pri/project/managed_components/espressif__mdns/include -I/opt/esp/idf/components/console -I/opt/esp/idf/components/esp_https_ota/include -I/opt/esp/idf/components/esp_http_client/include -I/opt/esp/idf/components/bootloader_support/include -I/opt/esp/idf/components/bootloader_support/bootloader_flash/include -I/opt/esp/idf/components/esp_app_format/include -mlongcalls  -fdiagnostics-color=always -ffunction-sections -fdata-sections -Wall -Werror=all -Wno-error=unused-function -Wno-error=unused-variable -Wno-error=unused-but-set-variable -Wno-error=deprecated-declarations -Wextra -Wno-unused-parameter -Wno-sign-compare -Wno-enum-conversion -gdwarf-4 -ggdb -Og -fmacro-prefix-map=/__w/esp_pri/esp_pri/project=. -fmacro-prefix-map=/opt/esp/idf=/IDF -fstrict-volatile-bitfields -fno-jump-tables -fno-tree-switch-conversion -DconfigENABLE_FREERTOS_DEBUG_OCDAWARE=1 -std=gnu++2b -fno-exceptions -fno-rtti -fuse-cxa-atexit -DARDUINO=10812 -DARDUINO_ESP32S3_DEV -DARDUINO_ARCH_ESP32 -DARDUINO_BOARD=\"ESP32S3_DEV\" -DARDUINO_VARIANT=\"esp32s3\" -DESP32=ESP32 -MD -MT esp-idf/main/CMakeFiles/__idf_main.dir/main.cpp.obj -MF esp-idf/main/CMakeFiles/__idf_main.dir/main.cpp.obj.d -o esp-idf/main/CMakeFiles/__idf_main.dir/main.cpp.obj -c /__w/esp_pri/esp_pri/project/main/main.cpp
2026-07-22T05:54:09.5507061Z In file included from /__w/esp_pri/esp_pri/project/main/mqtt_handler.h:16,
2026-07-22T05:54:09.5507497Z                  from /__w/esp_pri/esp_pri/project/main/main.cpp:19:
2026-07-22T05:54:09.5508158Z /__w/esp_pri/esp_pri/project/main/receipt_template.h: In function 'void print_startup_test_ticket(const char*, const char*, const char*, bool)':
2026-07-22T05:54:09.5509032Z /__w/esp_pri/esp_pri/project/main/receipt_template.h:156:31: error: 'g_printer' was not declared in this scope; did you mean 'printer'?
2026-07-22T05:54:09.5509982Z   156 |     ThermalPrinter &printer = g_printer;
2026-07-22T05:54:09.5510275Z       |                               ^~~~~~~~~
2026-07-22T05:54:09.5510533Z       |                               printer
2026-07-22T05:54:09.5511013Z /__w/esp_pri/esp_pri/project/main/receipt_template.h:171:50: error: 'g_dev_id' was not declared in this scope
2026-07-22T05:54:09.5511656Z   171 |     snprintf(buf, sizeof(buf), "Device ID: %s", (g_dev_id && strlen(g_dev_id) > 0) ? g_dev_id : "N/A");
2026-07-22T05:54:09.5512104Z       |                                                  ^~~~~~~~
2026-07-22T05:54:09.5512571Z /__w/esp_pri/esp_pri/project/main/main.cpp: In function 'esp_err_t publish_post_handler(httpd_req_t*)':
2026-07-22T05:54:09.5513206Z /__w/esp_pri/esp_pri/project/main/main.cpp:800:41: warning: unused variable 'ticket' [-Wunused-variable]
2026-07-22T05:54:09.5513819Z   800 |                             const char *ticket = cJSON_GetStringValue(cJSON_GetObjectItem(data, "ticket"));
2026-07-22T05:54:09.5514250Z       |                                         ^~~~~~
2026-07-22T05:54:09.5514688Z /__w/esp_pri/esp_pri/project/main/main.cpp:801:41: warning: unused variable 'color' [-Wunused-variable]
2026-07-22T05:54:09.5515285Z   801 |                             const char *color = cJSON_GetStringValue(cJSON_GetObjectItem(data, "color"));
2026-07-22T05:54:09.5515711Z       |                                         ^~~~~
2026-07-22T05:54:09.5516089Z /__w/esp_pri/esp_pri/project/main/main.cpp: In function 'void* start_webserver()':
2026-07-22T05:54:09.5516680Z /__w/esp_pri/esp_pri/project/main/main.cpp:1412:21: warning: unused variable 'api_scan_wifi' [-Wunused-variable]
2026-07-22T05:54:09.5517161Z  1412 |         httpd_uri_t api_scan_wifi = {
2026-07-22T05:54:09.5517422Z       |                     ^~~~~~~~~~~~~
2026-07-22T05:54:09.5517869Z ninja: build stopped: subcommand failed.
2026-07-22T05:54:09.6067152Z ninja failed with exit code 1, output of the command is in the /__w/esp_pri/esp_pri/project/build/log/idf_py_stderr_output_669 and /__w/esp_pri/esp_pri/project/build/log/idf_py_stdout_output_669
2026-07-22T05:54:09.6683338Z ##[error]Process completed with exit code 2.
2026-07-22T05:54:09.6834701Z Node 20 is being deprecated. This workflow is running with Node 24 by default. If you need to temporarily use Node 20, you can set the ACTIONS_ALLOW_USE_UNSECURE_NODE_VERSION=true environment variable. For more information see: https://github.blog/changelog/2025-09-19-deprecation-of-node-20-on-github-actions-runners/
2026-07-22T05:54:09.6836216Z Post job cleanup.
2026-07-22T05:54:09.6843707Z ##[command]/usr/bin/docker exec  dc069f99567436d0d994126bb7175f95dc86cd94ec48db0c29f317bcafa93236 sh -c "cat /etc/*release | grep ^ID"
2026-07-22T05:54:09.8715838Z [command]/usr/bin/git version
2026-07-22T05:54:09.8761218Z git version 2.25.1
2026-07-22T05:54:09.8809119Z Temporarily overriding HOME='/__w/_temp/47609662-0bfa-4642-b292-e0ee6f5ef406' before making global git config changes
2026-07-22T05:54:09.8810449Z Adding repository directory to the temporary git global config as a safe directory
2026-07-22T05:54:09.8816229Z [command]/usr/bin/git config --global --add safe.directory /__w/esp_pri/esp_pri
2026-07-22T05:54:09.8856333Z [command]/usr/bin/git config --local --name-only --get-regexp core\.sshCommand
2026-07-22T05:54:09.8897731Z [command]/usr/bin/git submodule foreach --recursive sh -c "git config --local --name-only --get-regexp 'core\.sshCommand' && git config --local --unset-all 'core.sshCommand' || :"
2026-07-22T05:54:09.9170896Z fatal: No url found for submodule path 'pri-ESP' in .gitmodules
2026-07-22T05:54:09.9213865Z ##[warning]The process '/usr/bin/git' failed with exit code 128
2026-07-22T05:54:09.9353023Z Stop and remove container: 8af0b0e6b36a487ea27a13d56c2b32e5_espressifidfreleasev51_a46f8c
2026-07-22T05:54:09.9360745Z ##[command]/usr/bin/docker rm --force dc069f99567436d0d994126bb7175f95dc86cd94ec48db0c29f317bcafa93236
2026-07-22T05:54:10.1496178Z dc069f99567436d0d994126bb7175f95dc86cd94ec48db0c29f317bcafa93236
2026-07-22T05:54:10.1525801Z Remove container network: github_network_38584e04e9b245fa932e26052bade537
2026-07-22T05:54:10.1530396Z ##[command]/usr/bin/docker network rm github_network_38584e04e9b245fa932e26052bade537
2026-07-22T05:54:10.2481144Z github_network_38584e04e9b245fa932e26052bade537
2026-07-22T05:54:10.2552830Z Cleaning up orphan processes
2026-07-22T05:54:10.3009926Z ##[warning]Node.js 20 is deprecated. The following actions target Node.js 20 but are being forced to run on Node.js 24: actions/checkout@v4. For more information see: https://github.blog/changelog/2025-09-19-deprecation-of-node-20-on-github-actions-runners/
